Component: ARM Compiler 5.06 update 1 (build 61) Tool: armlink [4d35a8]

==============================================================================

Section Cross References

    main.o(i.main) refers to bsp_debug_usart.o(i.RC_USART1_Config) for RC_USART1_Config
    main.o(i.main) refers to bsp_debug_usart.o(i.HOST_USART_Config) for HOST_USART_Config
    main.o(i.main) refers to bsp_debug_usart.o(i.MOTOR_CONTROL1_USART_Config) for MOTOR_CONTROL1_USART_Config
    main.o(i.main) refers to bsp_usart_dma.o(i.USART1_DMA_Config) for USART1_DMA_Config
    main.o(i.main) refers to bsp_usart_dma.o(i.USART6_DMA_Config) for USART6_DMA_Config
    main.o(i.main) refers to bsp_usart_dma.o(i.RC_DMA_NVIC_Configuration) for RC_DMA_NVIC_Configuration
    main.o(i.main) refers to bsp_usart_dma.o(i.Motor_DMA_NVIC_Configuration) for Motor_DMA_NVIC_Configuration
    main.o(i.main) refers to stm32f4xx_usart.o(i.USART_DMACmd) for USART_DMACmd
    main.o(i.main) refers to bsp_clkconfig.o(i.HSE_SetSysClock) for HSE_SetSysClock
    main.o(i.main) refers to bsp_key.o(i.Key_GPIO_Config) for Key_GPIO_Config
    main.o(i.main) refers to motor_control.o(i.PID_Init) for PID_Init
    main.o(i.main) refers to motor_control.o(i.Motor_Mode_Init) for Motor_Mode_Init
    main.o(i.main) refers to bsp_general_tim.o(i.TIMx_Configuration) for TIMx_Configuration
    main.o(i.main) refers to remote.o(i.rc_rc_date) for rc_rc_date
    main.o(i.main) refers to motor_control.o(i.foot_track) for foot_track
    main.o(i.main) refers to motor_control.o(i.counter_motion) for counter_motion
    main.o(i.main) refers to motor_control.o(i.Motor_pid_count) for Motor_pid_count
    main.o(i.main) refers to motor_control.o(i.Motor_data_update) for Motor_data_update
    main.o(i.main) refers to motor_control.o(i.Motor_date_send) for Motor_date_send
    main.o(i.main) refers to main.o(.data) for tim_t
    main.o(i.main) refers to motor_control.o(.data) for step
    main.o(i.main) refers to remote.o(.bss) for rc_rc
    stm32f4xx_it.o(i.DMA2_Stream1_IRQHandler) refers to go_m8010_6.o(i.extract_data) for extract_data
    stm32f4xx_it.o(i.DMA2_Stream1_IRQHandler) refers to stm32f4xx_dma.o(i.DMA_ClearITPendingBit) for DMA_ClearITPendingBit
    stm32f4xx_it.o(i.DMA2_Stream1_IRQHandler) refers to main.o(.bss) for motor_feedback_data
    stm32f4xx_it.o(i.DMA2_Stream1_IRQHandler) refers to stm32f4xx_it.o(.data) for Motor_feedback_ID
    stm32f4xx_it.o(i.DMA2_Stream1_IRQHandler) refers to motor_control.o(.data) for step
    stm32f4xx_it.o(i.DMA2_Stream2_IRQHandler) refers to stm32f4xx_dma.o(i.DMA_ClearITPendingBit) for DMA_ClearITPendingBit
    stm32f4xx_it.o(i.DMA2_Stream2_IRQHandler) refers to stm32f4xx_it.o(.data) for RC_RX_flag
    stm32f4xx_it.o(i.TIM2_IRQHandler) refers to stm32f4xx_tim.o(i.TIM_ClearITPendingBit) for TIM_ClearITPendingBit
    stm32f4xx_it.o(i.TIM2_IRQHandler) refers to stm32f4xx_it.o(.data) for Dog_Iinit
    stm32f4xx_it.o(i.TIM2_IRQHandler) refers to main.o(.data) for time_currently
    go_m8010_6.o(i.crc_ccitt) refers to go_m8010_6.o(i.crc_ccitt_byte) for crc_ccitt_byte
    go_m8010_6.o(i.crc_ccitt_byte) refers to go_m8010_6.o(.constdata) for crc_ccitt_table
    go_m8010_6.o(i.extract_data) refers to go_m8010_6.o(i.crc_ccitt) for crc_ccitt
    go_m8010_6.o(i.modify_data) refers to go_m8010_6.o(i.crc_ccitt) for crc_ccitt
    motor_control.o(i.Motor_Mode_Init) refers to go_m8010_6.o(i.modify_data) for modify_data
    motor_control.o(i.Motor_Mode_Init) refers to main.o(.bss) for motor_control_clear
    motor_control.o(i.Motor_data_update) refers to go_m8010_6.o(i.modify_data) for modify_data
    motor_control.o(i.Motor_data_update) refers to motor_control.o(.data) for Motor2_speed_PID_OUT
    motor_control.o(i.Motor_data_update) refers to main.o(.bss) for motor2_control_data
    motor_control.o(i.Motor_date_send) refers to bsp_debug_usart.o(i.Usart_SendStr_length) for Usart_SendStr_length
    motor_control.o(i.Motor_date_send) refers to main.o(.bss) for motor2_control_data
    motor_control.o(i.Motor_pid_count) refers to pid.o(i.PID_calc) for PID_calc
    motor_control.o(i.Motor_pid_count) refers to main.o(.bss) for motor2_feedback_data
    motor_control.o(i.Motor_pid_count) refers to main.o(.data) for rang__2
    motor_control.o(i.Motor_pid_count) refers to pid.o(.bss) for Motor2_rang_PID
    motor_control.o(i.Motor_pid_count) refers to motor_control.o(.data) for Motor2_rang_PID_OUT
    motor_control.o(i.PID_Init) refers to pid.o(i.PID_init) for PID_init
    motor_control.o(i.PID_Init) refers to motor_control.o(.constdata) for Motor2_speed_PID_data
    motor_control.o(i.PID_Init) refers to pid.o(.bss) for Motor2_speed_PID
    motor_control.o(i.counter_motion) refers to f2d.o(.text) for __aeabi_f2d
    motor_control.o(i.counter_motion) refers to sqrt.o(i.__hardfp_sqrt) for __hardfp_sqrt
    motor_control.o(i.counter_motion) refers to d2f.o(.text) for __aeabi_d2f
    motor_control.o(i.counter_motion) refers to asin.o(i.__hardfp_asin) for __hardfp_asin
[...]
    Removing stm32f4xx_usart.o(i.USART_LINCmd), (24 bytes).
    Removing stm32f4xx_usart.o(i.USART_OneBitMethodCmd), (24 bytes).
    Removing stm32f4xx_usart.o(i.USART_OverSampling8Cmd), (22 bytes).
    Removing stm32f4xx_usart.o(i.USART_ReceiveData), (10 bytes).
    Removing stm32f4xx_usart.o(i.USART_ReceiverWakeUpCmd), (24 bytes).
    Removing stm32f4xx_usart.o(i.USART_SendBreak), (10 bytes).
    Removing stm32f4xx_usart.o(i.USART_SetAddress), (18 bytes).
    Removing stm32f4xx_usart.o(i.USART_SetGuardTime), (16 bytes).
    Removing stm32f4xx_usart.o(i.USART_SetPrescaler), (16 bytes).
    Removing stm32f4xx_usart.o(i.USART_SmartCardCmd), (24 bytes).
    Removing stm32f4xx_usart.o(i.USART_SmartCardNACKCmd), (24 bytes).
    Removing stm32f4xx_usart.o(i.USART_StructInit), (24 bytes).
    Removing stm32f4xx_usart.o(i.USART_WakeUpConfig), (18 bytes).
    Removing stm32f4xx_wwdg.o(.rev16_text), (4 bytes).
    Removing stm32f4xx_wwdg.o(.revsh_text), (4 bytes).
    Removing stm32f4xx_wwdg.o(.rrx_text), (6 bytes).
    Removing stm32f4xx_wwdg.o(i.WWDG_ClearFlag), (12 bytes).
    Removing stm32f4xx_wwdg.o(i.WWDG_DeInit), (22 bytes).
    Removing stm32f4xx_wwdg.o(i.WWDG_Enable), (16 bytes).
    Removing stm32f4xx_wwdg.o(i.WWDG_EnableIT), (12 bytes).
    Removing stm32f4xx_wwdg.o(i.WWDG_GetFlagStatus), (20 bytes).
    Removing stm32f4xx_wwdg.o(i.WWDG_SetCounter), (16 bytes).
    Removing stm32f4xx_wwdg.o(i.WWDG_SetPrescaler), (24 bytes).
    Removing stm32f4xx_wwdg.o(i.WWDG_SetWindowValue), (40 bytes).
    Removing startup_stm32f427_437xx.o(HEAP), (512 bytes).
    Removing dneg.o(.text), (6 bytes).
    Removing cdcmple.o(.text), (48 bytes).

853 unused section(s) (total 37192 bytes) removed from the image.

==============================================================================

Image Symbol Table

    Local Symbols

    Symbol Name                              Value     Ov Type        Size  Object(Section)

    ../clib/microlib/errno.c                 0x00000000   Number         0  errno.o ABSOLUTE
    ../clib/microlib/init/entry.s            0x00000000   Number         0  entry7a.o ABSOLUTE
    ../clib/microlib/init/entry.s            0x00000000   Number         0  entry5.o ABSOLUTE
    ../clib/microlib/init/entry.s            0x00000000   Number         0  entry2.o ABSOLUTE
    ../clib/microlib/init/entry.s            0x00000000   Number         0  entry11b.o ABSOLUTE
    ../clib/microlib/init/entry.s            0x00000000   Number         0  entry11a.o ABSOLUTE
    ../clib/microlib/init/entry.s            0x00000000   Number         0  entry10a.o ABSOLUTE
    ../clib/microlib/init/entry.s            0x00000000   Number         0  entry9b.o ABSOLUTE
    ../clib/microlib/init/entry.s            0x00000000   Number         0  entry9a.o ABSOLUTE
    ../clib/microlib/init/entry.s            0x00000000   Number         0  entry8b.o ABSOLUTE
    ../clib/microlib/init/entry.s            0x00000000   Number         0  entry.o ABSOLUTE
    ../clib/microlib/init/entry.s            0x00000000   Number         0  entry8a.o ABSOLUTE
    ../clib/microlib/init/entry.s            0x00000000   Number         0  entry7b.o ABSOLUTE
    ../clib/microlib/init/entry.s            0x00000000   Number         0  entry10b.o ABSOLUTE
    ../clib/microlib/longlong.c              0x00000000   Number         0  llsshr.o ABSOLUTE
    ../clib/microlib/longlong.c              0x00000000   Number         0  llshl.o ABSOLUTE
    ../clib/microlib/longlong.c              0x00000000   Number         0  llushr.o ABSOLUTE
    ../clib/microlib/stubs.s                 0x00000000   Number         0  iusefp.o ABSOLUTE
    ../fplib/microlib/d2f.c                  0x00000000   Number         0  d2f.o ABSOLUTE
    ../fplib/microlib/f2d.c                  0x00000000   Number         0  f2d.o ABSOLUTE
    ../fplib/microlib/fpadd.c                0x00000000   Number         0  dadd.o ABSOLUTE
    ../fplib/microlib/fpdiv.c                0x00000000   Number         0  ddiv.o ABSOLUTE
    ../fplib/microlib/fpepilogue.c           0x00000000   Number         0  depilogue.o ABSOLUTE
    ../fplib/microlib/fpepilogue.c           0x00000000   Number         0  fepilogue.o ABSOLUTE
    ../fplib/microlib/fpfix.c                0x00000000   Number         0  dfixi.o ABSOLUTE
    ../fplib/microlib/fpflt.c                0x00000000   Number         0  dfltui.o ABSOLUTE
    ../fplib/microlib/fpflt.c                0x00000000   Number         0  dflti.o ABSOLUTE
    ../fplib/microlib/fpmul.c                0x00000000   Number         0  dmul.o ABSOLUTE
    ../fplib/microlib/fpneg.c                0x00000000   Number         0  dneg.o ABSOLUTE
    ../fplib/microlib/fpsqrt.c               0x00000000   Number         0  dsqrt.o ABSOLUTE
    ../mathlib/acos.c                        0x00000000   Number         0  acos_x.o ABSOLUTE
    ../mathlib/acos.c                        0x00000000   Number         0  acos.o ABSOLUTE
    ../mathlib/asin.c                        0x00000000   Number         0  asin_x.o ABSOLUTE
    ../mathlib/asin.c                        0x00000000   Number         0  asin.o ABSOLUTE
    ../mathlib/cos.c                         0x00000000   Number         0  cos.o ABSOLUTE
    ../mathlib/cos.c                         0x00000000   Number         0  cos_x.o ABSOLUTE
    ../mathlib/cos_i.c                       0x00000000   Number         0  cos_i.o ABSOLUTE
    ../mathlib/dunder.c                      0x00000000   Number         0  dunder.o ABSOLUTE
    ../mathlib/fabs.c                        0x00000000   Number         0  fabs.o ABSOLUTE
    ../mathlib/fpclassify.c                  0x00000000   Number         0  fpclassify.o ABSOLUTE
    ../mathlib/poly.c                        0x00000000   Number         0  poly.o ABSOLUTE
    ../mathlib/rred.c                        0x00000000   Number         0  rred.o ABSOLUTE
    ../mathlib/sin.c                         0x00000000   Number         0  sin_x.o ABSOLUTE
    ../mathlib/sin.c                         0x00000000   Number         0  sin.o ABSOLUTE
    ../mathlib/sin_i.c                       0x00000000   Number         0  sin_i_x.o ABSOLUTE
    ../mathlib/sin_i.c                       0x00000000   Number         0  sin_i.o ABSOLUTE
    ../mathlib/sqrt.c                        0x00000000   Number         0  sqrt.o ABSOLUTE
    ../mathlib/sqrt.c                        0x00000000   Number         0  sqrt_x.o ABSOLUTE
    ..\..\Libraries\CMSIS\Device\ST\STM32F4xx\Source\Templates\arm\startup_stm32f427_437xx.s 0x00000000   Number         0  startup_stm32f427_437xx.o ABSOLUTE
    ..\..\Libraries\CMSIS\Device\ST\STM32F4xx\Source\Templates\system_stm32f4xx.c 0x00000000   Number         0  system_stm32f4xx.o ABSOLUTE
    ..\..\Libraries\STM32F4xx_StdPeriph_Driver\src\misc.c 0x00000000   Number         0  misc.o ABSOLUTE
    ..\..\Libraries\STM32F4xx_StdPeriph_Driver\src\stm32f4xx_adc.c 0x00000000   Number         0  stm32f4xx_adc.o ABSOLUTE
    ..\..\Libraries\STM32F4xx_StdPeriph_Driver\src\stm32f4xx_can.c 0x00000000   Number         0  stm32f4xx_can.o ABSOLUTE
    ..\..\Libraries\STM32F4xx_StdPeriph_Driver\src\stm32f4xx_cec.c 0x00000000   Number         0  stm32f4xx_cec.o ABSOLUTE
    ..\..\Libraries\STM32F4xx_StdPeriph_Driver\src\stm32f4xx_crc.c 0x00000000   Number         0  stm32f4xx_crc.o ABSOLUTE
    ..\..\Libraries\STM32F4xx_StdPeriph_Driver\src\stm32f4xx_cryp.c 0x00000000   Number         0  stm32f4xx_cryp.o ABSOLUTE
    ..\..\Libraries\STM32F4xx_StdPeriph_Driver\src\stm32f4xx_cryp_aes.c 0x00000000   Number         0  stm32f4xx_cryp_aes.o ABSOLUTE
    ..\..\Libraries\STM32F4xx_StdPeriph_Driver\src\stm32f4xx_cryp_des.c 0x00000000   Number         0  stm32f4xx_cryp_des.o ABSOLUTE
    ..\..\Libraries\STM32F4xx_StdPeriph_Driver\src\stm32f4xx_cryp_tdes.c 0x00000000   Number         0  stm32f4xx_cryp_tdes.o ABSOLUTE
    ..\..\Libraries\STM32F4xx_StdPeriph_Driver\src\stm32f4xx_dac.c 0x00000000   Number         0  stm32f4xx_dac.o ABSOLUTE
    ..\..\Libraries\STM32F4xx_StdPeriph_Driver\src\stm32f4xx_dbgmcu.c 0x00000000   Number         0  stm32f4xx_dbgmcu.o ABSOLUTE
    ..\..\Libraries\STM32F4xx_StdPeriph_Driver\src\stm32f4xx_dcmi.c 0x00000000   Number         0  stm32f4xx_dcmi.o ABSOLUTE
    ..\..\Libraries\STM32F4xx_StdPeriph_Driver\src\stm32f4xx_dfsdm.c 0x00000000   Number         0  stm32f4xx_dfsdm.o ABSOLUTE
    ..\..\Libraries\STM32F4xx_StdPeriph_Driver\src\stm32f4xx_dma.c 0x00000000   Number         0  stm32f4xx_dma.o ABSOLUTE
    ..\..\Libraries\STM32F4xx_StdPeriph_Driver\src\stm32f4xx_dma2d.c 0x00000000   Number         0  stm32f4xx_dma2d.o ABSOLUTE
    ..\..\Libraries\STM32F4xx_StdPeriph_Driver\src\stm32f4xx_dsi.c 0x00000000   Number         0  stm32f4xx_dsi.o ABSOLUTE
    ..\..\Libraries\STM32F4xx_StdPeriph_Driver\src\stm32f4xx_exti.c 0x00000000   Number         0  stm32f4xx_exti.o ABSOLUTE
    ..\..\Libraries\STM32F4xx_StdPeriph_Driver\src\stm32f4xx_flash.c 0x00000000   Number         0  stm32f4xx_flash.o ABSOLUTE
    ..\..\Libraries\STM32F4xx_StdPeriph_Driver\src\stm32f4xx_flash_ramfunc.c 0x00000000   Number         0  stm32f4xx_flash_ramfunc.o ABSOLUTE
    ..\..\Libraries\STM32F4xx_StdPeriph_Driver\src\stm32f4xx_fmc.c 0x00000000   Number         0  stm32f4xx_fmc.o ABSOLUTE
    ..\..\Libraries\STM32F4xx_StdPeriph_Driver\src\stm32f4xx_fmpi2c.c 0x00000000   Number         0  stm32f4xx_fmpi2c.o ABSOLUTE
    ..\..\Libraries\STM32F4xx_StdPeriph_Driver\src\stm32f4xx_gpio.c 0x00000000   Number         0  stm32f4xx_gpio.o ABSOLUTE
    ..\..\Libraries\STM32F4xx_StdPeriph_Driver\src\stm32f4xx_hash.c 0x00000000   Number         0  stm32f4xx_hash.o ABSOLUTE
    ..\..\Libraries\STM32F4xx_StdPeriph_Driver\src\stm32f4xx_hash_md5.c 0x00000000   Number         0  stm32f4xx_hash_md5.o ABSOLUTE
    ..\..\Libraries\STM32F4xx_StdPeriph_Driver\src\stm32f4xx_hash_sha1.c 0x00000000   Number         0  stm32f4xx_hash_sha1.o ABSOLUTE
    ..\..\Libraries\STM32F4xx_StdPeriph_Driver\src\stm32f4xx_i2c.c 0x00000000   Number         0  stm32f4xx_i2c.o ABSOLUTE
    ..\..\Libraries\STM32F4xx_StdPeriph_Driver\src\stm32f4xx_iwdg.c 0x00000000   Number         0  stm32f4xx_iwdg.o ABSOLUTE
    ..\..\Libraries\STM32F4xx_StdPeriph_Driver\src\stm32f4xx_lptim.c 0x00000000   Number         0  stm32f4xx_lptim.o ABSOLUTE
    ..\..\Libraries\STM32F4xx_StdPeriph_Driver\src\stm32f4xx_ltdc.c 0x00000000   Number         0  stm32f4xx_ltdc.o ABSOLUTE
    ..\..\Libraries\STM32F4xx_StdPeriph_Driver\src\stm32f4xx_pwr.c 0x00000000   Number         0  stm32f4xx_pwr.o ABSOLUTE
    ..\..\Libraries\STM32F4xx_StdPeriph_Driver\src\stm32f4xx_qspi.c 0x00000000   Number         0  stm32f4xx_qspi.o ABSOLUTE
    ..\..\Libraries\STM32F4xx_StdPeriph_Driver\src\stm32f4xx_rcc.c 0x00000000   Number         0  stm32f4xx_rcc.o ABSOLUTE
    ..\..\Libraries\STM32F4xx_StdPeriph_Driver\src\stm32f4xx_rng.c 0x00000000   Number         0  stm32f4xx_rng.o ABSOLUTE
    ..\..\Libraries\STM32F4xx_StdPeriph_Driver\src\stm32f4xx_rtc.c 0x00000000   Number         0  stm32f4xx_rtc.o ABSOLUTE
    ..\..\Libraries\STM32F4xx_StdPeriph_Driver\src\stm32f4xx_sai.c 0x00000000   Number         0  stm32f4xx_sai.o ABSOLUTE
    ..\..\Libraries\STM32F4xx_StdPeriph_Driver\src\stm32f4xx_sdio.c 0x00000000   Number         0  stm32f4xx_sdio.o ABSOLUTE
    ..\..\Libraries\STM32F4xx_StdPeriph_Driver\src\stm32f4xx_spdifrx.c 0x00000000   Number         0  stm32f4xx_spdifrx.o ABSOLUTE
    ..\..\Libraries\STM32F4xx_StdPeriph_Driver\src\stm32f4xx_spi.c 0x00000000   Number         0  stm32f4xx_spi.o ABSOLUTE
    ..\..\Libraries\STM32F4xx_StdPeriph_Driver\src\stm32f4xx_syscfg.c 0x00000000   Number         0  stm32f4xx_syscfg.o ABSOLUTE
    ..\..\Libraries\STM32F4xx_StdPeriph_Driver\src\stm32f4xx_tim.c 0x00000000   Number         0  stm32f4xx_tim.o ABSOLUTE
    ..\..\Libraries\STM32F4xx_StdPeriph_Driver\src\stm32f4xx_usart.c 0x00000000   Number         0  stm32f4xx_usart.o ABSOLUTE
    ..\..\Libraries\STM32F4xx_StdPeriph_Driver\src\stm32f4xx_wwdg.c 0x00000000   Number         0  stm32f4xx_wwdg.o ABSOLUTE
    ..\..\User\APP\GO-M8010-6\GO_M8010_6.c   0x00000000   Number         0  go_m8010_6.o ABSOLUTE
    ..\..\User\APP\motor_control\motor_control.c 0x00000000   Number         0  motor_control.o ABSOLUTE
    ..\..\User\APP\pid\pid.c                 0x00000000   Number         0  pid.o ABSOLUTE
    ..\..\User\APP\remote\remote.c           0x00000000   Number         0  remote.o ABSOLUTE
    ..\..\User\BSP\bsp_clkconfig\bsp_clkconfig.c 0x00000000   Number         0  bsp_clkconfig.o ABSOLUTE
    ..\..\User\BSP\bsp_debug_usart\bsp_debug_usart.c 0x00000000   Number         0  bsp_debug_usart.o ABSOLUTE
    ..\..\User\BSP\bsp_general_tim\bsp_general_tim.c 0x00000000   Number         0  bsp_general_tim.o ABSOLUTE
    ..\..\User\BSP\bsp_key\bsp_key.c         0x00000000   Number         0  bsp_key.o ABSOLUTE
    ..\..\User\BSP\bsp_usart_dma\bsp_usart_dma.c 0x00000000   Number         0  bsp_usart_dma.o ABSOLUTE
    ..\..\User\main.c                        0x00000000   Number         0  main.o ABSOLUTE
    ..\..\User\stm32f4xx_it.c                0x00000000   Number         0  stm32f4xx_it.o ABSOLUTE
    ..\\..\\Libraries\\CMSIS\\Device\\ST\\STM32F4xx\\Source\\Templates\\system_stm32f4xx.c 0x00000000   Number         0  system_stm32f4xx.o ABSOLUTE
    ..\\..\\Libraries\\STM32F4xx_StdPeriph_Driver\\src\\misc.c 0x00000000   Number         0  misc.o ABSOLUTE
    ..\\..\\Libraries\\STM32F4xx_StdPeriph_Driver\\src\\stm32f4xx_adc.c 0x00000000   Number         0  stm32f4xx_adc.o ABSOLUTE
    ..\\..\\Libraries\\STM32F4xx_StdPeriph_Driver\\src\\stm32f4xx_can.c 0x00000000   Number         0  stm32f4xx_can.o ABSOLUTE
    ..\\..\\Libraries\\STM32F4xx_StdPeriph_Driver\\src\\stm32f4xx_cec.c 0x00000000   Number         0  stm32f4xx_cec.o ABSOLUTE
    ..\\..\\Libraries\\STM32F4xx_StdPeriph_Driver\\src\\stm32f4xx_crc.c 0x00000000   Number         0  stm32f4xx_crc.o ABSOLUTE
    ..\\..\\Libraries\\STM32F4xx_StdPeriph_Driver\\src\\stm32f4xx_cryp.c 0x00000000   Number         0  stm32f4xx_cryp.o ABSOLUTE
    ..\\..\\Libraries\\STM32F4xx_StdPeriph_Driver\\src\\stm32f4xx_cryp_aes.c 0x00000000   Number         0  stm32f4xx_cryp_aes.o ABSOLUTE
    ..\\..\\Libraries\\STM32F4xx_StdPeriph_Driver\\src\\stm32f4xx_cryp_des.c 0x00000000   Number         0  stm32f4xx_cryp_des.o ABSOLUTE
    ..\\..\\Libraries\\STM32F4xx_StdPeriph_Driver\\src\\stm32f4xx_cryp_tdes.c 0x00000000   Number         0  stm32f4xx_cryp_tdes.o ABSOLUTE
    ..\\..\\Libraries\\STM32F4xx_StdPeriph_Driver\\src\\stm32f4xx_dac.c 0x00000000   Number         0  stm32f4xx_dac.o ABSOLUTE
    ..\\..\\Libraries\\STM32F4xx_StdPeriph_Driver\\src\\stm32f4xx_dbgmcu.c 0x00000000   Number         0  stm32f4xx_dbgmcu.o ABSOLUTE
    ..\\..\\Libraries\\STM32F4xx_StdPeriph_Driver\\src\\stm32f4xx_dcmi.c 0x00000000   Number         0  stm32f4xx_dcmi.o ABSOLUTE
    ..\\..\\Libraries\\STM32F4xx_StdPeriph_Driver\\src\\stm32f4xx_dfsdm.c 0x00000000   Number         0  stm32f4xx_dfsdm.o ABSOLUTE
    ..\\..\\Libraries\\STM32F4xx_StdPeriph_Driver\\src\\stm32f4xx_dma.c 0x00000000   Number         0  stm32f4xx_dma.o ABSOLUTE
    ..\\..\\Libraries\\STM32F4xx_StdPeriph_Driver\\src\\stm32f4xx_dma2d.c 0x00000000   Number         0  stm32f4xx_dma2d.o ABSOLUTE
    ..\\..\\Libraries\\STM32F4xx_StdPeriph_Driver\\src\\stm32f4xx_dsi.c 0x00000000   Number         0  stm32f4xx_dsi.o ABSOLUTE
    ..\\..\\Libraries\\STM32F4xx_StdPeriph_Driver\\src\\stm32f4xx_exti.c 0x00000000   Number         0  stm32f4xx_exti.o ABSOLUTE
    ..\\..\\Libraries\\STM32F4xx_StdPeriph_Driver\\src\\stm32f4xx_flash.c 0x00000000   Number         0  stm32f4xx_flash.o ABSOLUTE
    ..\\..\\Libraries\\STM32F4xx_StdPeriph_Driver\\src\\stm32f4xx_flash_ramfunc.c 0x00000000   Number         0  stm32f4xx_flash_ramfunc.o ABSOLUTE
    ..\\..\\Libraries\\STM32F4xx_StdPeriph_Driver\\src\\stm32f4xx_fmc.c 0x00000000   Number         0  stm32f4xx_fmc.o ABSOLUTE
    ..\\..\\Libraries\\STM32F4xx_StdPeriph_Driver\\src\\stm32f4xx_fmpi2c.c 0x00000000   Number         0  stm32f4xx_fmpi2c.o ABSOLUTE
    ..\\..\\Libraries\\STM32F4xx_StdPeriph_Driver\\src\\stm32f4xx_gpio.c 0x00000000   Number         0  stm32f4xx_gpio.o ABSOLUTE
    ..\\..\\Libraries\\STM32F4xx_StdPeriph_Driver\\src\\stm32f4xx_hash.c 0x00000000   Number         0  stm32f4xx_hash.o ABSOLUTE
    ..\\..\\Libraries\\STM32F4xx_StdPeriph_Driver\\src\\stm32f4xx_hash_md5.c 0x00000000   Number         0  stm32f4xx_hash_md5.o ABSOLUTE
    ..\\..\\Libraries\\STM32F4xx_StdPeriph_Driver\\src\\stm32f4xx_hash_sha1.c 0x00000000   Number         0  stm32f4xx_hash_sha1.o ABSOLUTE
    ..\\..\\Libraries\\STM32F4xx_StdPeriph_Driver\\src\\stm32f4xx_i2c.c 0x00000000   Number         0  stm32f4xx_i2c.o ABSOLUTE
    ..\\..\\Libraries\\STM32F4xx_StdPeriph_Driver\\src\\stm32f4xx_iwdg.c 0x00000000   Number         0  stm32f4xx_iwdg.o ABSOLUTE
    ..\\..\\Libraries\\STM32F4xx_StdPeriph_Driver\\src\\stm32f4xx_lptim.c 0x00000000   Number         0  stm32f4xx_lptim.o ABSOLUTE
    ..\\..\\Libraries\\STM32F4xx_StdPeriph_Driver\\src\\stm32f4xx_ltdc.c 0x00000000   Number         0  stm32f4xx_ltdc.o ABSOLUTE
    ..\\..\\Libraries\\STM32F4xx_StdPeriph_Driver\\src\\stm32f4xx_pwr.c 0x00000000   Number         0  stm32f4xx_pwr.o ABSOLUTE
    ..\\..\\Libraries\\STM32F4xx_StdPeriph_Driver\\src\\stm32f4xx_qspi.c 0x00000000   Number         0  stm32f4xx_qspi.o ABSOLUTE
    ..\\..\\Libraries\\STM32F4xx_StdPeriph_Driver\\src\\stm32f4xx_rcc.c 0x00000000   Number         0  stm32f4xx_rcc.o ABSOLUTE
    ..\\..\\Libraries\\STM32F4xx_StdPeriph_Driver\\src\\stm32f4xx_rng.c 0x00000000   Number         0  stm32f4xx_rng.o ABSOLUTE
    ..\\..\\Libraries\\STM32F4xx_StdPeriph_Driver\\src\\stm32f4xx_rtc.c 0x00000000   Number         0  stm32f4xx_rtc.o ABSOLUTE
    ..\\..\\Libraries\\STM32F4xx_StdPeriph_Driver\\src\\stm32f4xx_sai.c 0x00000000   Number         0  stm32f4xx_sai.o ABSOLUTE
    ..\\..\\Libraries\\STM32F4xx_StdPeriph_Driver\\src\\stm32f4xx_sdio.c 0x00000000   Number         0  stm32f4xx_sdio.o ABSOLUTE
    ..\\..\\Libraries\\STM32F4xx_StdPeriph_Driver\\src\\stm32f4xx_spdifrx.c 0x00000000   Number         0  stm32f4xx_spdifrx.o ABSOLUTE
    ..\\..\\Libraries\\STM32F4xx_StdPeriph_Driver\\src\\stm32f4xx_spi.c 0x00000000   Number         0  stm32f4xx_spi.o ABSOLUTE
    ..\\..\\Libraries\\STM32F4xx_StdPeriph_Driver\\src\\stm32f4xx_syscfg.c 0x00000000   Number         0  stm32f4xx_syscfg.o ABSOLUTE
    ..\\..\\Libraries\\STM32F4xx_StdPeriph_Driver\\src\\stm32f4xx_tim.c 0x00000000   Number         0  stm32f4xx_tim.o ABSOLUTE
    ..\\..\\Libraries\\STM32F4xx_StdPeriph_Driver\\src\\stm32f4xx_usart.c 0x00000000   Number         0  stm32f4xx_usart.o ABSOLUTE
    ..\\..\\Libraries\\STM32F4xx_StdPeriph_Driver\\src\\stm32f4xx_wwdg.c 0x00000000   Number         0  stm32f4xx_wwdg.o ABSOLUTE
    ..\\..\\User\\APP\\motor_control\\motor_control.c 0x00000000   Number         0  motor_control.o ABSOLUTE
    ..\\..\\User\\APP\\remote\\remote.c      0x00000000   Number         0  remote.o ABSOLUTE
    ..\\..\\User\\BSP\\bsp_clkconfig\\bsp_clkconfig.c 0x00000000   Number         0  bsp_clkconfig.o ABSOLUTE
    ..\\..\\User\\BSP\\bsp_debug_usart\\bsp_debug_usart.c 0x00000000   Number         0  bsp_debug_usart.o ABSOLUTE
    ..\\..\\User\\BSP\\bsp_general_tim\\bsp_general_tim.c 0x00000000   Number         0  bsp_general_tim.o ABSOLUTE
    ..\\..\\User\\BSP\\bsp_key\\bsp_key.c    0x00000000   Number         0  bsp_key.o ABSOLUTE
    ..\\..\\User\\BSP\\bsp_usart_dma\\bsp_usart_dma.c 0x00000000   Number         0  bsp_usart_dma.o ABSOLUTE
    ..\\..\\User\\main.c                     0x00000000   Number         0  main.o ABSOLUTE
    ..\\..\\User\\stm32f4xx_it.c             0x00000000   Number         0  stm32f4xx_it.o ABSOLUTE
    cdcmple.s                                0x00000000   Number         0  cdcmple.o ABSOLUTE
    dc.s                                     0x00000000   Number         0  dc.o ABSOLUTE
    handlers.s                               0x00000000   Number         0  handlers.o ABSOLUTE
    init.s                                   0x00000000   Number         0  init.o ABSOLUTE
    RESET                                    0x08000000   Section      428  startup_stm32f427_437xx.o(RESET)
    .ARM.Collect$$$$00000000                 0x080001ac   Section        0  entry.o(.ARM.Collect$$$$00000000)
    .ARM.Collect$$$$00000001                 0x080001ac   Section        4  entry2.o(.ARM.Collect$$$$00000001)
    .ARM.Collect$$$$00000004                 0x080001b0   Section        4  entry5.o(.ARM.Collect$$$$00000004)
    .ARM.Collect$$$$00000008                 0x080001b4   Section        0  entry7b.o(.ARM.Collect$$$$00000008)
    .ARM.Collect$$$$0000000A                 0x080001b4   Section        0  entry8b.o(.ARM.Collect$$$$0000000A)
    .ARM.Collect$$$$0000000B                 0x080001b4   Section        8  entry9a.o(.ARM.Collect$$$$0000000B)
    .ARM.Collect$$$$0000000D                 0x080001bc   Section        0  entry10a.o(.ARM.Collect$$$$0000000D)
    .ARM.Collect$$$$0000000F                 0x080001bc   Section        0  entry11a.o(.ARM.Collect$$$$0000000F)
    .ARM.Collect$$$$00002712                 0x080001bc   Section        4  entry2.o(.ARM.Collect$$$$00002712)
    __lit__00000000                          0x080001bc   Data           4  entry2.o(.ARM.Collect$$$$00002712)
    .text                                    0x080001c0   Section       36  startup_stm32f427_437xx.o(.text)
    $v0                                      0x080001c0   Number         0  startup_stm32f427_437xx.o(.text)
    .text                                    0x080001e4   Section        0  dadd.o(.text)
    .text                                    0x08000332   Section        0  dmul.o(.text)
    .text                                    0x08000416   Section        0  dflti.o(.text)
    .text                                    0x08000438   Section        0  f2d.o(.text)
    .text                                    0x0800045e   Section        0  d2f.o(.text)
    .text                                    0x08000496   Section        0  llshl.o(.text)
    .text                                    0x080004b4   Section        0  llsshr.o(.text)
    .text                                    0x080004d8   Section        0  fepilogue.o(.text)
    .text                                    0x080004d8   Section        0  iusefp.o(.text)
    .text                                    0x08000546   Section        0  depilogue.o(.text)
    .text                                    0x08000600   Section        0  ddiv.o(.text)
    .text                                    0x080006de   Section        0  dsqrt.o(.text)
    .text                                    0x08000780   Section       36  init.o(.text)
    .text                                    0x080007a4   Section        0  llushr.o(.text)
    .text                                    0x080007c4   Section        0  dfltui.o(.text)
    .text                                    0x080007de   Section        0  dfixi.o(.text)
    i.BusFault_Handler                       0x0800081c   Section        0  stm32f4xx_it.o(i.BusFault_Handler)
    i.DMA2_Stream1_IRQHandler                0x08000820   Section        0  stm32f4xx_it.o(i.DMA2_Stream1_IRQHandler)
    i.DMA2_Stream2_IRQHandler                0x080009e8   Section        0  stm32f4xx_it.o(i.DMA2_Stream2_IRQHandler)
    i.DMA_ClearITPendingBit                  0x08000a08   Section        0  stm32f4xx_dma.o(i.DMA_ClearITPendingBit)
    i.DMA_Cmd                                0x08000a3c   Section        0  stm32f4xx_dma.o(i.DMA_Cmd)
    i.DMA_DeInit                             0x08000a54   Section        0  stm32f4xx_dma.o(i.DMA_DeInit)
    i.DMA_GetCmdStatus                       0x08000bac   Section        0  stm32f4xx_dma.o(i.DMA_GetCmdStatus)
    i.DMA_ITConfig                           0x08000bc0   Section        0  stm32f4xx_dma.o(i.DMA_ITConfig)
    i.DMA_Init                               0x08000bfc   Section        0  stm32f4xx_dma.o(i.DMA_Init)
    i.DebugMon_Handler                       0x08000c54   Section        0  stm32f4xx_it.o(i.DebugMon_Handler)
    i.GPIO_Init                              0x08000c56   Section        0  stm32f4xx_gpio.o(i.GPIO_Init)
    i.GPIO_PinAFConfig                       0x08000ce6   Section        0  stm32f4xx_gpio.o(i.GPIO_PinAFConfig)
    i.HOST_USART_Config                      0x08000d2c   Section        0  bsp_debug_usart.o(i.HOST_USART_Config)
    i.HSE_SetSysClock                        0x08000dc4   Section        0  bsp_clkconfig.o(i.HSE_SetSysClock)
    i.HardFault_Handler                      0x08000e64   Section        0  stm32f4xx_it.o(i.HardFault_Handler)
    i.Key_GPIO_Config                        0x08000e68   Section        0  bsp_key.o(i.Key_GPIO_Config)
    i.MOTOR_CONTROL1_USART_Config            0x08000e90   Section        0  bsp_debug_usart.o(i.MOTOR_CONTROL1_USART_Config)
    i.MemManage_Handler                      0x08000f2c   Section        0  stm32f4xx_it.o(i.MemManage_Handler)
    i.Motor_DMA_NVIC_Configuration           0x08000f30   Section        0  bsp_usart_dma.o(i.Motor_DMA_NVIC_Configuration)
    i.Motor_Mode_Init                        0x08000f68   Section        0  motor_control.o(i.Motor_Mode_Init)
    i.Motor_data_update                      0x08001190   Section        0  motor_control.o(i.Motor_data_update)
    i.Motor_date_send                        0x0800127c   Section        0  motor_control.o(i.Motor_date_send)
    i.Motor_pid_count                        0x08001340   Section        0  motor_control.o(i.Motor_pid_count)
    i.NMI_Handler                            0x0800166c   Section        0  stm32f4xx_it.o(i.NMI_Handler)
    i.NVIC_Init                              0x08001670   Section        0  misc.o(i.NVIC_Init)
    i.NVIC_PriorityGroupConfig               0x080016e8   Section        0  misc.o(i.NVIC_PriorityGroupConfig)
    i.PID_Init                               0x080016fc   Section        0  motor_control.o(i.PID_Init)
    i.PID_calc                               0x080018a8   Section        0  pid.o(i.PID_calc)
    i.PID_init                               0x08001a98   Section        0  pid.o(i.PID_init)
    i.PendSV_Handler                         0x08001af8   Section        0  stm32f4xx_it.o(i.PendSV_Handler)
    i.RCC_AHB1PeriphClockCmd                 0x08001afc   Section        0  stm32f4xx_rcc.o(i.RCC_AHB1PeriphClockCmd)
    i.RCC_APB1PeriphClockCmd                 0x08001b1c   Section        0  stm32f4xx_rcc.o(i.RCC_APB1PeriphClockCmd)
    i.RCC_APB2PeriphClockCmd                 0x08001b3c   Section        0  stm32f4xx_rcc.o(i.RCC_APB2PeriphClockCmd)
    i.RCC_GetClocksFreq                      0x08001b5c   Section        0  stm32f4xx_rcc.o(i.RCC_GetClocksFreq)
    i.RCC_GetFlagStatus                      0x08001c44   Section        0  stm32f4xx_rcc.o(i.RCC_GetFlagStatus)
    i.RCC_GetSYSCLKSource                    0x08001c84   Section        0  stm32f4xx_rcc.o(i.RCC_GetSYSCLKSource)
    i.RCC_HCLKConfig                         0x08001c94   Section        0  stm32f4xx_rcc.o(i.RCC_HCLKConfig)
    i.RCC_HSEConfig                          0x08001cac   Section        0  stm32f4xx_rcc.o(i.RCC_HSEConfig)
    i.RCC_PCLK1Config                        0x08001cbc   Section        0  stm32f4xx_rcc.o(i.RCC_PCLK1Config)
    i.RCC_PCLK2Config                        0x08001cd4   Section        0  stm32f4xx_rcc.o(i.RCC_PCLK2Config)
    i.RCC_PLLCmd                             0x08001cec   Section        0  stm32f4xx_rcc.o(i.RCC_PLLCmd)
    i.RCC_PLLConfig                          0x08001cf8   Section        0  stm32f4xx_rcc.o(i.RCC_PLLConfig)
    i.RCC_SYSCLKConfig                       0x08001d1c   Section        0  stm32f4xx_rcc.o(i.RCC_SYSCLKConfig)
    i.RCC_WaitForHSEStartUp                  0x08001d34   Section        0  stm32f4xx_rcc.o(i.RCC_WaitForHSEStartUp)
    i.RC_DMA_NVIC_Configuration              0x08001d6c   Section        0  bsp_usart_dma.o(i.RC_DMA_NVIC_Configuration)
    i.RC_USART1_Config                       0x08001da4   Section        0  bsp_debug_usart.o(i.RC_USART1_Config)
    i.SVC_Handler                            0x08001e44   Section        0  stm32f4xx_it.o(i.SVC_Handler)
    i.SetSysClock                            0x08001e48   Section        0  system_stm32f4xx.o(i.SetSysClock)
    SetSysClock                              0x08001e49   Thumb Code   272  system_stm32f4xx.o(i.SetSysClock)
    i.SysTick_Handler                        0x08001f68   Section        0  stm32f4xx_it.o(i.SysTick_Handler)
    i.SystemInit                             0x08001f6c   Section        0  system_stm32f4xx.o(i.SystemInit)
    i.TIM2_IRQHandler                        0x08001fd4   Section        0  stm32f4xx_it.o(i.TIM2_IRQHandler)
    i.TIM_ClearFlag                          0x08002094   Section        0  stm32f4xx_tim.o(i.TIM_ClearFlag)
    i.TIM_ClearITPendingBit                  0x0800209a   Section        0  stm32f4xx_tim.o(i.TIM_ClearITPendingBit)
    i.TIM_Cmd                                0x080020a0   Section        0  stm32f4xx_tim.o(i.TIM_Cmd)
    i.TIM_ITConfig                           0x080020b8   Section        0  stm32f4xx_tim.o(i.TIM_ITConfig)
    i.TIM_Mode_Config                        0x080020ca   Section        0  bsp_general_tim.o(i.TIM_Mode_Config)
    TIM_Mode_Config                          0x080020cb   Thumb Code    70  bsp_general_tim.o(i.TIM_Mode_Config)
    i.TIM_TimeBaseInit                       0x08002110   Section        0  stm32f4xx_tim.o(i.TIM_TimeBaseInit)
    i.TIMx_Configuration                     0x08002194   Section        0  bsp_general_tim.o(i.TIMx_Configuration)
    i.TIMx_NVIC_Configuration                0x080021a0   Section        0  bsp_general_tim.o(i.TIMx_NVIC_Configuration)
    TIMx_NVIC_Configuration                  0x080021a1   Thumb Code    40  bsp_general_tim.o(i.TIMx_NVIC_Configuration)
    i.USART1_DMA_Config                      0x080021c8   Section        0  bsp_usart_dma.o(i.USART1_DMA_Config)
    i.USART6_DMA_Config                      0x08002250   Section        0  bsp_usart_dma.o(i.USART6_DMA_Config)
    i.USART6_IRQHandler                      0x080022dc   Section        0  stm32f4xx_it.o(i.USART6_IRQHandler)
    i.USART_Cmd                              0x080022de   Section        0  stm32f4xx_usart.o(i.USART_Cmd)
    i.USART_DMACmd                           0x080022f6   Section        0  stm32f4xx_usart.o(i.USART_DMACmd)
    i.USART_GetFlagStatus                    0x08002308   Section        0  stm32f4xx_usart.o(i.USART_GetFlagStatus)
    i.USART_Init                             0x08002324   Section        0  stm32f4xx_usart.o(i.USART_Init)
    i.USART_SendData                         0x080023f8   Section        0  stm32f4xx_usart.o(i.USART_SendData)
    i.UsageFault_Handler                     0x08002400   Section        0  stm32f4xx_it.o(i.UsageFault_Handler)
    i.Usart_SendByte                         0x08002404   Section        0  bsp_debug_usart.o(i.Usart_SendByte)
    Usart_SendByte                           0x08002405   Thumb Code    30  bsp_debug_usart.o(i.Usart_SendByte)
    i.Usart_SendStr_length                   0x08002422   Section        0  bsp_debug_usart.o(i.Usart_SendStr_length)
    i.__ARM_fpclassify                       0x08002442   Section        0  fpclassify.o(i.__ARM_fpclassify)
    i.__hardfp_acos                          0x08002478   Section        0  acos.o(i.__hardfp_acos)
    i.__hardfp_asin                          0x080027d0   Section        0  asin.o(i.__hardfp_asin)
    i.__hardfp_cos                           0x08002b30   Section        0  cos.o(i.__hardfp_cos)
    i.__hardfp_sin                           0x08002bf8   Section        0  sin.o(i.__hardfp_sin)
    i.__hardfp_sqrt                          0x08002cc0   Section        0  sqrt.o(i.__hardfp_sqrt)
    i.__ieee754_rem_pio2                     0x08002d40   Section        0  rred.o(i.__ieee754_rem_pio2)
    i.__kernel_cos                           0x08003178   Section        0  cos_i.o(i.__kernel_cos)
    i.__kernel_poly                          0x080032e8   Section        0  poly.o(i.__kernel_poly)
    i.__kernel_sin                           0x080033e0   Section        0  sin_i.o(i.__kernel_sin)
    i.__mathlib_dbl_infnan                   0x08003510   Section        0  dunder.o(i.__mathlib_dbl_infnan)
    i.__mathlib_dbl_invalid                  0x08003528   Section        0  dunder.o(i.__mathlib_dbl_invalid)
    i.__mathlib_dbl_underflow                0x08003548   Section        0  dunder.o(i.__mathlib_dbl_underflow)
    i.__scatterload_copy                     0x08003568   Section       14  handlers.o(i.__scatterload_copy)
    i.__scatterload_null                     0x08003576   Section        2  handlers.o(i.__scatterload_null)
    i.__scatterload_zeroinit                 0x08003578   Section       14  handlers.o(i.__scatterload_zeroinit)
    i.__set_errno                            0x08003588   Section        0  errno.o(i.__set_errno)
    i.counter_motion                         0x08003594   Section        0  motor_control.o(i.counter_motion)
    i.crc_ccitt                              0x080036c4   Section        0  go_m8010_6.o(i.crc_ccitt)
    crc_ccitt                                0x080036c5   Thumb Code    40  go_m8010_6.o(i.crc_ccitt)
    i.crc_ccitt_byte                         0x080036ec   Section        0  go_m8010_6.o(i.crc_ccitt_byte)
    crc_ccitt_byte                           0x080036ed   Thumb Code    20  go_m8010_6.o(i.crc_ccitt_byte)
    i.extract_data                           0x08003704   Section        0  go_m8010_6.o(i.extract_data)
    i.fabs                                   0x080037cc   Section        0  fabs.o(i.fabs)
    i.foot_track                             0x080037e4   Section        0  motor_control.o(i.foot_track)
    i.main                                   0x08006d7c   Section        0  main.o(i.main)
    i.modify_data                            0x08006fd0   Section        0  go_m8010_6.o(i.modify_data)
    i.rc_rc_date                             0x080071c8   Section        0  remote.o(i.rc_rc_date)
    i.sqrt                                   0x080072fc   Section        0  sqrt.o(i.sqrt)
    .constdata                               0x0800736a   Section      512  go_m8010_6.o(.constdata)
    .constdata                               0x0800756c   Section      192  motor_control.o(.constdata)
    .constdata                               0x08007630   Section       80  acos.o(.constdata)
    pS                                       0x08007630   Data          48  acos.o(.constdata)
    qS                                       0x08007660   Data          32  acos.o(.constdata)
    .constdata                               0x08007680   Section       80  asin.o(.constdata)
    pS                                       0x08007680   Data          48  asin.o(.constdata)
    qS                                       0x080076b0   Data          32  asin.o(.constdata)
    .constdata                               0x080076d0   Section       48  cos_i.o(.constdata)
    C                                        0x080076d0   Data          48  cos_i.o(.constdata)
    .constdata                               0x08007700   Section      200  rred.o(.constdata)
    pio2s                                    0x08007700   Data          48  rred.o(.constdata)
    twooverpi                                0x08007730   Data         152  rred.o(.constdata)
    .constdata                               0x080077c8   Section       40  sin_i.o(.constdata)
    S                                        0x080077c8   Data          40  sin_i.o(.constdata)
    .data                                    0x20000000   Section       88  main.o(.data)
    .data                                    0x20000058   Section       60  stm32f4xx_it.o(.data)
    .data                                    0x20000094   Section      100  motor_control.o(.data)
    .data                                    0x200000f8   Section       16  stm32f4xx_rcc.o(.data)
    APBAHBPrescTable                         0x200000f8   Data          16  stm32f4xx_rcc.o(.data)
    .data                                    0x20000108   Section        4  errno.o(.data)
    _errno                                   0x20000108   Data           4  errno.o(.data)
    .bss                                     0x20000110   Section     1152  main.o(.bss)
    .bss                                     0x20000590   Section     1152  pid.o(.bss)
    .bss                                     0x20000a10   Section       10  remote.o(.bss)
    .bss                                     0x20000a1a   Section       18  bsp_usart_dma.o(.bss)
    STACK                                    0x20000a30   Section     1024  startup_stm32f427_437xx.o(STACK)

    Global Symbols

    Symbol Name                              Value     Ov Type        Size  Object(Section)

    BuildAttributes$$THM_ISAv4$E$P$D$K$B$S$7EM$VFPi3$EXTD16$VFPS$VFMA$PE$A:L22UL41UL21$X:L11$S22US41US21$IEEE1$IW$USESV6$~STKCKD$USESV7$~SHL$OTIME$ROPI$IEEEX$EBA8$MICROLIB$REQ8$PRES8$EABIv2 0x00000000   Number         0  anon$$obj.o ABSOLUTE
    __ARM_use_no_argv                        0x00000000   Number         0  main.o ABSOLUTE
    __cpp_initialize__aeabi_                  - Undefined Weak Reference
    __cxa_finalize                            - Undefined Weak Reference
    __decompress                              - Undefined Weak Reference
    _clock_init                               - Undefined Weak Reference
    _microlib_exit                            - Undefined Weak Reference
    __Vectors_Size                           0x000001ac   Number         0  startup_stm32f427_437xx.o ABSOLUTE
    __Vectors                                0x08000000   Data           4  startup_stm32f427_437xx.o(RESET)
    __Vectors_End                            0x080001ac   Data           0  startup_stm32f427_437xx.o(RESET)
    __main                                   0x080001ad   Thumb Code     0  entry.o(.ARM.Collect$$$$00000000)
    _main_stk                                0x080001ad   Thumb Code     0  entry2.o(.ARM.Collect$$$$00000001)
    _main_scatterload                        0x080001b1   Thumb Code     0  entry5.o(.ARM.Collect$$$$00000004)
    __main_after_scatterload                 0x080001b5   Thumb Code     0  entry5.o(.ARM.Collect$$$$00000004)
    _main_clock                              0x080001b5   Thumb Code     0  entry7b.o(.ARM.Collect$$$$00000008)
    _main_cpp_init                           0x080001b5   Thumb Code     0  entry8b.o(.ARM.Collect$$$$0000000A)
    _main_init                               0x080001b5   Thumb Code     0  entry9a.o(.ARM.Collect$$$$0000000B)
    __rt_final_cpp                           0x080001bd   Thumb Code     0  entry10a.o(.ARM.Collect$$$$0000000D)
    __rt_final_exit                          0x080001bd   Thumb Code     0  entry11a.o(.ARM.Collect$$$$0000000F)
    Reset_Handler                            0x080001c1   Thumb Code     8  startup_stm32f427_437xx.o(.text)
    ADC_IRQHandler                           0x080001db   Thumb Code     0  startup_stm32f427_437xx.o(.text)
    CAN1_RX0_IRQHandler                      0x080001db   Thumb Code     0  startup_stm32f427_437xx.o(.text)
    CAN1_RX1_IRQHandler                      0x080001db   Thumb Code     0  startup_stm32f427_437xx.o(.text)
    CAN1_SCE_IRQHandler                      0x080001db   Thumb Code     0  startup_stm32f427_437xx.o(.text)
    CAN1_TX_IRQHandler                       0x080001db   Thumb Code     0  startup_stm32f427_437xx.o(.text)
    CAN2_RX0_IRQHandler                      0x080001db   Thumb Code     0  startup_stm32f427_437xx.o(.text)
    CAN2_RX1_IRQHandler                      0x080001db   Thumb Code     0  startup_stm32f427_437xx.o(.text)
    CAN2_SCE_IRQHandler                      0x080001db   Thumb Code     0  startup_stm32f427_437xx.o(.text)
    CAN2_TX_IRQHandler                       0x080001db   Thumb Code     0  startup_stm32f427_437xx.o(.text)
    CRYP_IRQHandler                          0x080001db   Thumb Code     0  startup_stm32f427_437xx.o(.text)
    DCMI_IRQHandler                          0x080001db   Thumb Code     0  startup_stm32f427_437xx.o(.text)
    DMA1_Stream0_IRQHandler                  0x080001db   Thumb Code     0  startup_stm32f427_437xx.o(.text)
    DMA1_Stream1_IRQHandler                  0x080001db   Thumb Code     0  startup_stm32f427_437xx.o(.text)
    DMA1_Stream2_IRQHandler                  0x080001db   Thumb Code     0  startup_stm32f427_437xx.o(.text)
    DMA1_Stream3_IRQHandler                  0x080001db   Thumb Code     0  startup_stm32f427_437xx.o(.text)
    DMA1_Stream4_IRQHandler                  0x080001db   Thumb Code     0  startup_stm32f427_437xx.o(.text)
    DMA1_Stream5_IRQHandler                  0x080001db   Thumb Code     0  startup_stm32f427_437xx.o(.text)
    DMA1_Stream6_IRQHandler                  0x080001db   Thumb Code     0  startup_stm32f427_437xx.o(.text)
    DMA1_Stream7_IRQHandler                  0x080001db   Thumb Code     0  startup_stm32f427_437xx.o(.text)
    DMA2D_IRQHandler                         0x080001db   Thumb Code     0  startup_stm32f427_437xx.o(.text)
    DMA2_Stream0_IRQHandler                  0x080001db   Thumb Code     0  startup_stm32f427_437xx.o(.text)
    DMA2_Stream3_IRQHandler                  0x080001db   Thumb Code     0  startup_stm32f427_437xx.o(.text)
    DMA2_Stream4_IRQHandler                  0x080001db   Thumb Code     0  startup_stm32f427_437xx.o(.text)
    DMA2_Stream5_IRQHandler                  0x080001db   Thumb Code     0  startup_stm32f427_437xx.o(.text)
    DMA2_Stream6_IRQHandler                  0x080001db   Thumb Code     0  startup_stm32f427_437xx.o(.text)
    DMA2_Stream7_IRQHandler                  0x080001db   Thumb Code     0  startup_stm32f427_437xx.o(.text)
    ETH_IRQHandler                           0x080001db   Thumb Code     0  startup_stm32f427_437xx.o(.text)
    ETH_WKUP_IRQHandler                      0x080001db   Thumb Code     0  startup_stm32f427_437xx.o(.text)
    EXTI0_IRQHandler                         0x080001db   Thumb Code     0  startup_stm32f427_437xx.o(.text)
    EXTI15_10_IRQHandler                     0x080001db   Thumb Code     0  startup_stm32f427_437xx.o(.text)
    EXTI1_IRQHandler                         0x080001db   Thumb Code     0  startup_stm32f427_437xx.o(.text)
    EXTI2_IRQHandler                         0x080001db   Thumb Code     0  startup_stm32f427_437xx.o(.text)
    EXTI3_IRQHandler                         0x080001db   Thumb Code     0  startup_stm32f427_437xx.o(.text)
    EXTI4_IRQHandler                         0x080001db   Thumb Code     0  startup_stm32f427_437xx.o(.text)
    EXTI9_5_IRQHandler                       0x080001db   Thumb Code     0  startup_stm32f427_437xx.o(.text)
    FLASH_IRQHandler                         0x080001db   Thumb Code     0  startup_stm32f427_437xx.o(.text)
    FMC_IRQHandler                           0x080001db   Thumb Code     0  startup_stm32f427_437xx.o(.text)
    FPU_IRQHandler                           0x080001db   Thumb Code     0  startup_stm32f427_437xx.o(.text)
    HASH_RNG_IRQHandler                      0x080001db   Thumb Code     0  startup_stm32f427_437xx.o(.text)
    I2C1_ER_IRQHandler                       0x080001db   Thumb Code     0  startup_stm32f427_437xx.o(.text)
    I2C1_EV_IRQHandler                       0x080001db   Thumb Code     0  startup_stm32f427_437xx.o(.text)
    I2C2_ER_IRQHandler                       0x080001db   Thumb Code     0  startup_stm32f427_437xx.o(.text)
    I2C2_EV_IRQHandler                       0x080001db   Thumb Code     0  startup_stm32f427_437xx.o(.text)
    I2C3_ER_IRQHandler                       0x080001db   Thumb Code     0  startup_stm32f427_437xx.o(.text)
    I2C3_EV_IRQHandler                       0x080001db   Thumb Code     0  startup_stm32f427_437xx.o(.text)
    OTG_FS_IRQHandler                        0x080001db   Thumb Code     0  startup_stm32f427_437xx.o(.text)
    OTG_FS_WKUP_IRQHandler                   0x080001db   Thumb Code     0  startup_stm32f427_437xx.o(.text)
    OTG_HS_EP1_IN_IRQHandler                 0x080001db   Thumb Code     0  startup_stm32f427_437xx.o(.text)
    OTG_HS_EP1_OUT_IRQHandler                0x080001db   Thumb Code     0  startup_stm32f427_437xx.o(.text)
    OTG_HS_IRQHandler                        0x080001db   Thumb Code     0  startup_stm32f427_437xx.o(.text)
    OTG_HS_WKUP_IRQHandler                   0x080001db   Thumb Code     0  startup_stm32f427_437xx.o(.text)
    PVD_IRQHandler                           0x080001db   Thumb Code     0  startup_stm32f427_437xx.o(.text)
    RCC_IRQHandler                           0x080001db   Thumb Code     0  startup_stm32f427_437xx.o(.text)
    RTC_Alarm_IRQHandler                     0x080001db   Thumb Code     0  startup_stm32f427_437xx.o(.text)
    RTC_WKUP_IRQHandler                      0x080001db   Thumb Code     0  startup_stm32f427_437xx.o(.text)
    SAI1_IRQHandler                          0x080001db   Thumb Code     0  startup_stm32f427_437xx.o(.text)
    SDIO_IRQHandler                          0x080001db   Thumb Code     0  startup_stm32f427_437xx.o(.text)
    SPI1_IRQHandler                          0x080001db   Thumb Code     0  startup_stm32f427_437xx.o(.text)
    SPI2_IRQHandler                          0x080001db   Thumb Code     0  startup_stm32f427_437xx.o(.text)
    SPI3_IRQHandler                          0x080001db   Thumb Code     0  startup_stm32f427_437xx.o(.text)
    SPI4_IRQHandler                          0x080001db   Thumb Code     0  startup_stm32f427_437xx.o(.text)
    SPI5_IRQHandler                          0x080001db   Thumb Code     0  startup_stm32f427_437xx.o(.text)
    SPI6_IRQHandler                          0x080001db   Thumb Code     0  startup_stm32f427_437xx.o(.text)
    TAMP_STAMP_IRQHandler                    0x080001db   Thumb Code     0  startup_stm32f427_437xx.o(.text)
    TIM1_BRK_TIM9_IRQHandler                 0x080001db   Thumb Code     0  startup_stm32f427_437xx.o(.text)
    TIM1_CC_IRQHandler                       0x080001db   Thumb Code     0  startup_stm32f427_437xx.o(.text)
    TIM1_TRG_COM_TIM11_IRQHandler            0x080001db   Thumb Code     0  startup_stm32f427_437xx.o(.text)
    TIM1_UP_TIM10_IRQHandler                 0x080001db   Thumb Code     0  startup_stm32f427_437xx.o(.text)
    TIM3_IRQHandler                          0x080001db   Thumb Code     0  startup_stm32f427_437xx.o(.text)
    TIM4_IRQHandler                          0x080001db   Thumb Code     0  startup_stm32f427_437xx.o(.text)
    TIM5_IRQHandler                          0x080001db   Thumb Code     0  startup_stm32f427_437xx.o(.text)
    TIM6_DAC_IRQHandler                      0x080001db   Thumb Code     0  startup_stm32f427_437xx.o(.text)
    TIM7_IRQHandler                          0x080001db   Thumb Code     0  startup_stm32f427_437xx.o(.text)
    TIM8_BRK_TIM12_IRQHandler                0x080001db   Thumb Code     0  startup_stm32f427_437xx.o(.text)
    TIM8_CC_IRQHandler                       0x080001db   Thumb Code     0  startup_stm32f427_437xx.o(.text)
    TIM8_TRG_COM_TIM14_IRQHandler            0x080001db   Thumb Code     0  startup_stm32f427_437xx.o(.text)
    TIM8_UP_TIM13_IRQHandler                 0x080001db   Thumb Code     0  startup_stm32f427_437xx.o(.text)
    UART4_IRQHandler                         0x080001db   Thumb Code     0  startup_stm32f427_437xx.o(.text)
    UART5_IRQHandler                         0x080001db   Thumb Code     0  startup_stm32f427_437xx.o(.text)
    UART7_IRQHandler                         0x080001db   Thumb Code     0  startup_stm32f427_437xx.o(.text)
    UART8_IRQHandler                         0x080001db   Thumb Code     0  startup_stm32f427_437xx.o(.text)
    USART1_IRQHandler                        0x080001db   Thumb Code     0  startup_stm32f427_437xx.o(.text)
    USART2_IRQHandler                        0x080001db   Thumb Code     0  startup_stm32f427_437xx.o(.text)
    USART3_IRQHandler                        0x080001db   Thumb Code     0  startup_stm32f427_437xx.o(.text)
    WWDG_IRQHandler                          0x080001db   Thumb Code     0  startup_stm32f427_437xx.o(.text)
    __aeabi_dadd                             0x080001e5   Thumb Code   322  dadd.o(.text)
    __aeabi_dsub                             0x08000327   Thumb Code     6  dadd.o(.text)
    __aeabi_drsub                            0x0800032d   Thumb Code     6  dadd.o(.text)
    __aeabi_dmul                             0x08000333   Thumb Code   228  dmul.o(.text)
    __aeabi_i2d                              0x08000417   Thumb Code    34  dflti.o(.text)
    __aeabi_f2d                              0x08000439   Thumb Code    38  f2d.o(.text)
    __aeabi_d2f                              0x0800045f   Thumb Code    56  d2f.o(.text)
    __aeabi_llsl                             0x08000497   Thumb Code    30  llshl.o(.text)
    _ll_shift_l                              0x08000497   Thumb Code     0  llshl.o(.text)
    __aeabi_lasr                             0x080004b5   Thumb Code    36  llsshr.o(.text)
    _ll_sshift_r                             0x080004b5   Thumb Code     0  llsshr.o(.text)
    __I$use$fp                               0x080004d9   Thumb Code     0  iusefp.o(.text)
    _float_round                             0x080004d9   Thumb Code    18  fepilogue.o(.text)
    _float_epilogue                          0x080004eb   Thumb Code    92  fepilogue.o(.text)
    _double_round                            0x08000547   Thumb Code    30  depilogue.o(.text)
    _double_epilogue                         0x08000565   Thumb Code   156  depilogue.o(.text)
    __aeabi_ddiv                             0x08000601   Thumb Code   222  ddiv.o(.text)
    _dsqrt                                   0x080006df   Thumb Code   162  dsqrt.o(.text)
    __scatterload                            0x08000781   Thumb Code    28  init.o(.text)
    __scatterload_rt2                        0x08000781   Thumb Code     0  init.o(.text)
    __aeabi_llsr                             0x080007a5   Thumb Code    32  llushr.o(.text)
    _ll_ushift_r                             0x080007a5   Thumb Code     0  llushr.o(.text)
    __aeabi_ui2d                             0x080007c5   Thumb Code    26  dfltui.o(.text)
    __aeabi_d2iz                             0x080007df   Thumb Code    62  dfixi.o(.text)
    BusFault_Handler                         0x0800081d   Thumb Code     4  stm32f4xx_it.o(i.BusFault_Handler)
    DMA2_Stream1_IRQHandler                  0x08000821   Thumb Code   404  stm32f4xx_it.o(i.DMA2_Stream1_IRQHandler)
    DMA2_Stream2_IRQHandler                  0x080009e9   Thumb Code    18  stm32f4xx_it.o(i.DMA2_Stream2_IRQHandler)
    DMA_ClearITPendingBit                    0x08000a09   Thumb Code    38  stm32f4xx_dma.o(i.DMA_ClearITPendingBit)
    DMA_Cmd                                  0x08000a3d   Thumb Code    22  stm32f4xx_dma.o(i.DMA_Cmd)
    DMA_DeInit                               0x08000a55   Thumb Code   324  stm32f4xx_dma.o(i.DMA_DeInit)
    DMA_GetCmdStatus                         0x08000bad   Thumb Code    20  stm32f4xx_dma.o(i.DMA_GetCmdStatus)
    DMA_ITConfig                             0x08000bc1   Thumb Code    58  stm32f4xx_dma.o(i.DMA_ITConfig)
    DMA_Init                                 0x08000bfd   Thumb Code    82  stm32f4xx_dma.o(i.DMA_Init)
    DebugMon_Handler                         0x08000c55   Thumb Code     2  stm32f4xx_it.o(i.DebugMon_Handler)
    GPIO_Init                                0x08000c57   Thumb Code   144  stm32f4xx_gpio.o(i.GPIO_Init)
    GPIO_PinAFConfig                         0x08000ce7   Thumb Code    70  stm32f4xx_gpio.o(i.GPIO_PinAFConfig)
    HOST_USART_Config                        0x08000d2d   Thumb Code   144  bsp_debug_usart.o(i.HOST_USART_Config)
    HSE_SetSysClock                          0x08000dc5   Thumb Code   148  bsp_clkconfig.o(i.HSE_SetSysClock)
    HardFault_Handler                        0x08000e65   Thumb Code     4  stm32f4xx_it.o(i.HardFault_Handler)
    Key_GPIO_Config                          0x08000e69   Thumb Code    34  bsp_key.o(i.Key_GPIO_Config)
    MOTOR_CONTROL1_USART_Config              0x08000e91   Thumb Code   142  bsp_debug_usart.o(i.MOTOR_CONTROL1_USART_Config)
    MemManage_Handler                        0x08000f2d   Thumb Code     4  stm32f4xx_it.o(i.MemManage_Handler)
    Motor_DMA_NVIC_Configuration             0x08000f31   Thumb Code    50  bsp_usart_dma.o(i.Motor_DMA_NVIC_Configuration)
    Motor_Mode_Init                          0x08000f69   Thumb Code   510  motor_control.o(i.Motor_Mode_Init)
    Motor_data_update                        0x08001191   Thumb Code   172  motor_control.o(i.Motor_data_update)
    Motor_date_send                          0x0800127d   Thumb Code   158  motor_control.o(i.Motor_date_send)
    Motor_pid_count                          0x08001341   Thumb Code   586  motor_control.o(i.Motor_pid_count)
    NMI_Handler                              0x0800166d   Thumb Code     2  stm32f4xx_it.o(i.NMI_Handler)
    NVIC_Init                                0x08001671   Thumb Code   106  misc.o(i.NVIC_Init)
    NVIC_PriorityGroupConfig                 0x080016e9   Thumb Code    10  misc.o(i.NVIC_PriorityGroupConfig)
    PID_Init                                 0x080016fd   Thumb Code   292  motor_control.o(i.PID_Init)
    PID_calc                                 0x080018a9   Thumb Code   492  pid.o(i.PID_calc)
    PID_init                                 0x08001a99   Thumb Code    92  pid.o(i.PID_init)
    PendSV_Handler                           0x08001af9   Thumb Code     2  stm32f4xx_it.o(i.PendSV_Handler)
    RCC_AHB1PeriphClockCmd                   0x08001afd   Thumb Code    26  stm32f4xx_rcc.o(i.RCC_AHB1PeriphClockCmd)
    RCC_APB1PeriphClockCmd                   0x08001b1d   Thumb Code    26  stm32f4xx_rcc.o(i.RCC_APB1PeriphClockCmd)
    RCC_APB2PeriphClockCmd                   0x08001b3d   Thumb Code    26  stm32f4xx_rcc.o(i.RCC_APB2PeriphClockCmd)
    RCC_GetClocksFreq                        0x08001b5d   Thumb Code   214  stm32f4xx_rcc.o(i.RCC_GetClocksFreq)
    RCC_GetFlagStatus                        0x08001c45   Thumb Code    60  stm32f4xx_rcc.o(i.RCC_GetFlagStatus)
    RCC_GetSYSCLKSource                      0x08001c85   Thumb Code    10  stm32f4xx_rcc.o(i.RCC_GetSYSCLKSource)
    RCC_HCLKConfig                           0x08001c95   Thumb Code    18  stm32f4xx_rcc.o(i.RCC_HCLKConfig)
    RCC_HSEConfig                            0x08001cad   Thumb Code    12  stm32f4xx_rcc.o(i.RCC_HSEConfig)
    RCC_PCLK1Config                          0x08001cbd   Thumb Code    18  stm32f4xx_rcc.o(i.RCC_PCLK1Config)
    RCC_PCLK2Config                          0x08001cd5   Thumb Code    20  stm32f4xx_rcc.o(i.RCC_PCLK2Config)
    RCC_PLLCmd                               0x08001ced   Thumb Code     6  stm32f4xx_rcc.o(i.RCC_PLLCmd)
    RCC_PLLConfig                            0x08001cf9   Thumb Code    30  stm32f4xx_rcc.o(i.RCC_PLLConfig)
    RCC_SYSCLKConfig                         0x08001d1d   Thumb Code    18  stm32f4xx_rcc.o(i.RCC_SYSCLKConfig)
    RCC_WaitForHSEStartUp                    0x08001d35   Thumb Code    56  stm32f4xx_rcc.o(i.RCC_WaitForHSEStartUp)
    RC_DMA_NVIC_Configuration                0x08001d6d   Thumb Code    50  bsp_usart_dma.o(i.RC_DMA_NVIC_Configuration)
    RC_USART1_Config                         0x08001da5   Thumb Code   148  bsp_debug_usart.o(i.RC_USART1_Config)
    SVC_Handler                              0x08001e45   Thumb Code     2  stm32f4xx_it.o(i.SVC_Handler)
    SysTick_Handler                          0x08001f69   Thumb Code     2  stm32f4xx_it.o(i.SysTick_Handler)
    SystemInit                               0x08001f6d   Thumb Code    88  system_stm32f4xx.o(i.SystemInit)
    TIM2_IRQHandler                          0x08001fd5   Thumb Code   142  stm32f4xx_it.o(i.TIM2_IRQHandler)
    TIM_ClearFlag                            0x08002095   Thumb Code     6  stm32f4xx_tim.o(i.TIM_ClearFlag)
    TIM_ClearITPendingBit                    0x0800209b   Thumb Code     6  stm32f4xx_tim.o(i.TIM_ClearITPendingBit)
    TIM_Cmd                                  0x080020a1   Thumb Code    24  stm32f4xx_tim.o(i.TIM_Cmd)
    TIM_ITConfig                             0x080020b9   Thumb Code    18  stm32f4xx_tim.o(i.TIM_ITConfig)
    TIM_TimeBaseInit                         0x08002111   Thumb Code   104  stm32f4xx_tim.o(i.TIM_TimeBaseInit)
    TIMx_Configuration                       0x08002195   Thumb Code    12  bsp_general_tim.o(i.TIMx_Configuration)
    USART1_DMA_Config                        0x080021c9   Thumb Code   124  bsp_usart_dma.o(i.USART1_DMA_Config)
    USART6_DMA_Config                        0x08002251   Thumb Code   126  bsp_usart_dma.o(i.USART6_DMA_Config)
    USART6_IRQHandler                        0x080022dd   Thumb Code     2  stm32f4xx_it.o(i.USART6_IRQHandler)
    USART_Cmd                                0x080022df   Thumb Code    24  stm32f4xx_usart.o(i.USART_Cmd)
    USART_DMACmd                             0x080022f7   Thumb Code    18  stm32f4xx_usart.o(i.USART_DMACmd)
    USART_GetFlagStatus                      0x08002309   Thumb Code    26  stm32f4xx_usart.o(i.USART_GetFlagStatus)
    USART_Init                               0x08002325   Thumb Code   204  stm32f4xx_usart.o(i.USART_Init)
    USART_SendData                           0x080023f9   Thumb Code     8  stm32f4xx_usart.o(i.USART_SendData)
    UsageFault_Handler                       0x08002401   Thumb Code     4  stm32f4xx_it.o(i.UsageFault_Handler)
    Usart_SendStr_length                     0x08002423   Thumb Code    32  bsp_debug_usart.o(i.Usart_SendStr_length)
    __ARM_fpclassify                         0x08002443   Thumb Code    48  fpclassify.o(i.__ARM_fpclassify)
    __hardfp_acos                            0x08002479   Thumb Code   738  acos.o(i.__hardfp_acos)
    __hardfp_asin                            0x080027d1   Thumb Code   770  asin.o(i.__hardfp_asin)
    __hardfp_cos                             0x08002b31   Thumb Code   180  cos.o(i.__hardfp_cos)
    __hardfp_sin                             0x08002bf9   Thumb Code   180  sin.o(i.__hardfp_sin)
    __hardfp_sqrt                            0x08002cc1   Thumb Code   122  sqrt.o(i.__hardfp_sqrt)
    __ieee754_rem_pio2                       0x08002d41   Thumb Code   938  rred.o(i.__ieee754_rem_pio2)
    __kernel_cos                             0x08003179   Thumb Code   322  cos_i.o(i.__kernel_cos)
    __kernel_poly                            0x080032e9   Thumb Code   248  poly.o(i.__kernel_poly)
    __kernel_sin                             0x080033e1   Thumb Code   280  sin_i.o(i.__kernel_sin)
    __mathlib_dbl_infnan                     0x08003511   Thumb Code    20  dunder.o(i.__mathlib_dbl_infnan)
    __mathlib_dbl_invalid                    0x08003529   Thumb Code    24  dunder.o(i.__mathlib_dbl_invalid)
    __mathlib_dbl_underflow                  0x08003549   Thumb Code    24  dunder.o(i.__mathlib_dbl_underflow)
    __scatterload_copy                       0x08003569   Thumb Code    14  handlers.o(i.__scatterload_copy)
    __scatterload_null                       0x08003577   Thumb Code     2  handlers.o(i.__scatterload_null)
    __scatterload_zeroinit                   0x08003579   Thumb Code    14  handlers.o(i.__scatterload_zeroinit)
    __set_errno                              0x08003589   Thumb Code     6  errno.o(i.__set_errno)
    counter_motion                           0x08003595   Thumb Code   282  motor_control.o(i.counter_motion)
    extract_data                             0x08003705   Thumb Code   182  go_m8010_6.o(i.extract_data)
    fabs                                     0x080037cd   Thumb Code    24  fabs.o(i.fabs)
    foot_track                               0x080037e5   Thumb Code 13654  motor_control.o(i.foot_track)
    main                                     0x08006d7d   Thumb Code   484  main.o(i.main)
    modify_data                              0x08006fd1   Thumb Code   454  go_m8010_6.o(i.modify_data)
    rc_rc_date                               0x080071c9   Thumb Code   300  remote.o(i.rc_rc_date)
    sqrt                                     0x080072fd   Thumb Code   110  sqrt.o(i.sqrt)
    crc_ccitt_table                          0x0800736a   Data         512  go_m8010_6.o(.constdata)
    Motor2_speed_PID_data                    0x0800756c   Data          12  motor_control.o(.constdata)
    Motor2_rang_PID_data                     0x08007578   Data          12  motor_control.o(.constdata)
    Motor3_speed_PID_data                    0x08007584   Data          12  motor_control.o(.constdata)
    Motor3_rang_PID_data                     0x08007590   Data          12  motor_control.o(.constdata)
    Motor4_speed_PID_data                    0x0800759c   Data          12  motor_control.o(.constdata)
    Motor4_rang_PID_data                     0x080075a8   Data          12  motor_control.o(.constdata)
    Motor5_speed_PID_data                    0x080075b4   Data          12  motor_control.o(.constdata)
    Motor5_rang_PID_data                     0x080075c0   Data          12  motor_control.o(.constdata)
    Motor6_speed_PID_data                    0x080075cc   Data          12  motor_control.o(.constdata)
    Motor6_rang_PID_data                     0x080075d8   Data          12  motor_control.o(.constdata)
    Motor7_speed_PID_data                    0x080075e4   Data          12  motor_control.o(.constdata)
    Motor7_rang_PID_data                     0x080075f0   Data          12  motor_control.o(.constdata)
    Motor8_speed_PID_data                    0x080075fc   Data          12  motor_control.o(.constdata)
    Motor8_rang_PID_data                     0x08007608   Data          12  motor_control.o(.constdata)
    Motor9_speed_PID_data                    0x08007614   Data          12  motor_control.o(.constdata)
    Motor9_rang_PID_data                     0x08007620   Data          12  motor_control.o(.constdata)
    Region$$Table$$Base                      0x080077f0   Number         0  anon$$obj.o(Region$$Table)
    Region$$Table$$Limit                     0x08007810   Number         0  anon$$obj.o(Region$$Table)
    Motor_Rxflag                             0x20000000   Data           1  main.o(.data)
    Motor_Rx_date                            0x20000001   Data           1  main.o(.data)
    tim_t                                    0x20000004   Data           4  main.o(.data)
    time_currently                           0x20000008   Data           4  main.o(.data)
    time_turn                                0x2000000c   Data           4  main.o(.data)
    step_rate                                0x20000010   Data           4  main.o(.data)
    rang__2                                  0x20000014   Data           4  main.o(.data)
    rang__3                                  0x20000018   Data           4  main.o(.data)
    rang__4                                  0x2000001c   Data           4  main.o(.data)
    rang__5                                  0x20000020   Data           4  main.o(.data)
    rang__6                                  0x20000024   Data           4  main.o(.data)
    rang__7                                  0x20000028   Data           4  main.o(.data)
    rang__8                                  0x2000002c   Data           4  main.o(.data)
    rang__9                                  0x20000030   Data           4  main.o(.data)
    foot_track_x1                            0x20000034   Data           4  main.o(.data)
    foot_track_y1                            0x20000038   Data           4  main.o(.data)
    foot_track_x2                            0x2000003c   Data           4  main.o(.data)
    foot_track_y2                            0x20000040   Data           4  main.o(.data)
    foot_track_x3                            0x20000044   Data           4  main.o(.data)
    foot_track_y3                            0x20000048   Data           4  main.o(.data)
    foot_track_x4                            0x2000004c   Data           4  main.o(.data)
    foot_track_y4                            0x20000050   Data           4  main.o(.data)
    nnn                                      0x20000054   Data           4  main.o(.data)
    Motor_feedback_ID                        0x20000058   Data           4  stm32f4xx_it.o(.data)
    tim_flag_aa                              0x2000005c   Data           4  stm32f4xx_it.o(.data)
    RC_RX_flag                               0x20000060   Data           4  stm32f4xx_it.o(.data)
    Dog_Iinit                                0x20000064   Data           4  stm32f4xx_it.o(.data)
    Dog_flag                                 0x20000068   Data           4  stm32f4xx_it.o(.data)
    dog_jump_time                            0x2000006c   Data           4  stm32f4xx_it.o(.data)
    dog_jump_flag                            0x20000070   Data           4  stm32f4xx_it.o(.data)
    dog_jump_time_2                          0x20000074   Data           4  stm32f4xx_it.o(.data)
    dog_jump_flag_2                          0x20000078   Data           4  stm32f4xx_it.o(.data)
    dog_jump_time_3                          0x2000007c   Data           4  stm32f4xx_it.o(.data)
    dog_jump_flag_3                          0x20000080   Data           4  stm32f4xx_it.o(.data)
    backflip_flag                            0x20000084   Data           4  stm32f4xx_it.o(.data)
    backflip_time                            0x20000088   Data           4  stm32f4xx_it.o(.data)
    step_turn_flag                           0x2000008c   Data           4  stm32f4xx_it.o(.data)
    step_cycle                               0x20000090   Data           4  stm32f4xx_it.o(.data)
    Motor2_speed_PID_OUT                     0x20000094   Data           4  motor_control.o(.data)
    Motor2_rang_PID_OUT                      0x20000098   Data           4  motor_control.o(.data)
    Motor3_speed_PID_OUT                     0x2000009c   Data           4  motor_control.o(.data)
    Motor3_rang_PID_OUT                      0x200000a0   Data           4  motor_control.o(.data)
    Motor4_speed_PID_OUT                     0x200000a4   Data           4  motor_control.o(.data)
    Motor4_rang_PID_OUT                      0x200000a8   Data           4  motor_control.o(.data)
    Motor5_speed_PID_OUT                     0x200000ac   Data           4  motor_control.o(.data)
    Motor5_rang_PID_OUT                      0x200000b0   Data           4  motor_control.o(.data)
    Motor6_speed_PID_OUT                     0x200000b4   Data           4  motor_control.o(.data)
    Motor6_rang_PID_OUT                      0x200000b8   Data           4  motor_control.o(.data)
    Motor7_speed_PID_OUT                     0x200000bc   Data           4  motor_control.o(.data)
    Motor7_rang_PID_OUT                      0x200000c0   Data           4  motor_control.o(.data)
    Motor8_speed_PID_OUT                     0x200000c4   Data           4  motor_control.o(.data)
    Motor8_rang_PID_OUT                      0x200000c8   Data           4  motor_control.o(.data)
    Motor9_speed_PID_OUT                     0x200000cc   Data           4  motor_control.o(.data)
    Motor9_rang_PID_OUT                      0x200000d0   Data           4  motor_control.o(.data)
    step                                     0x200000d4   Data           4  motor_control.o(.data)
    Motor_send_ID                            0x200000d8   Data           4  motor_control.o(.data)
    leg_high                                 0x200000dc   Data           4  motor_control.o(.data)
    leg_high_tai_tui                         0x200000e0   Data           4  motor_control.o(.data)
    start_point                              0x200000e4   Data           4  motor_control.o(.data)
    step_long                                0x200000e8   Data           4  motor_control.o(.data)
    start_point_turn                         0x200000ec   Data           4  motor_control.o(.data)
    step_long_turn                           0x200000f0   Data           4  motor_control.o(.data)
    step_turn_k                              0x200000f4   Data           4  motor_control.o(.data)
    motor_control_clear                      0x20000110   Data          64  main.o(.bss)
    motor_feedback_data                      0x20000150   Data          64  main.o(.bss)
    motor2_control_data                      0x20000190   Data          64  main.o(.bss)
    motor2_feedback_data                     0x200001d0   Data          64  main.o(.bss)
    motor3_control_data                      0x20000210   Data          64  main.o(.bss)
    motor3_feedback_data                     0x20000250   Data          64  main.o(.bss)
    motor4_control_data                      0x20000290   Data          64  main.o(.bss)
    motor4_feedback_data                     0x200002d0   Data          64  main.o(.bss)
    motor5_control_data                      0x20000310   Data          64  main.o(.bss)
    motor5_feedback_data                     0x20000350   Data          64  main.o(.bss)
    motor6_control_data                      0x20000390   Data          64  main.o(.bss)
    motor6_feedback_data                     0x200003d0   Data          64  main.o(.bss)
    motor7_control_data                      0x20000410   Data          64  main.o(.bss)
    motor7_feedback_data                     0x20000450   Data          64  main.o(.bss)
    motor8_control_data                      0x20000490   Data          64  main.o(.bss)
    motor8_feedback_data                     0x200004d0   Data          64  main.o(.bss)
    motor9_control_data                      0x20000510   Data          64  main.o(.bss)
    motor9_feedback_data                     0x20000550   Data          64  main.o(.bss)
    Motor2_speed_PID                         0x20000590   Data          72  pid.o(.bss)
    Motor2_rang_PID                          0x200005d8   Data          72  pid.o(.bss)
    Motor3_speed_PID                         0x20000620   Data          72  pid.o(.bss)
    Motor3_rang_PID                          0x20000668   Data          72  pid.o(.bss)
    Motor4_speed_PID                         0x200006b0   Data          72  pid.o(.bss)
    Motor4_rang_PID                          0x200006f8   Data          72  pid.o(.bss)
    Motor5_speed_PID                         0x20000740   Data          72  pid.o(.bss)
    Motor5_rang_PID                          0x20000788   Data          72  pid.o(.bss)
    Motor6_speed_PID                         0x200007d0   Data          72  pid.o(.bss)
    Motor6_rang_PID                          0x20000818   Data          72  pid.o(.bss)
    Motor7_speed_PID                         0x20000860   Data          72  pid.o(.bss)
    Motor7_rang_PID                          0x200008a8   Data          72  pid.o(.bss)
    Motor8_speed_PID                         0x200008f0   Data          72  pid.o(.bss)
    Motor8_rang_PID                          0x20000938   Data          72  pid.o(.bss)
    Motor9_speed_PID                         0x20000980   Data          72  pid.o(.bss)
    Motor9_rang_PID                          0x200009c8   Data          72  pid.o(.bss)
    rc_rc                                    0x20000a10   Data          10  remote.o(.bss)
    RC                                       0x20000a1a   Data          18  bsp_usart_dma.o(.bss)
    __initial_sp                             0x20000e30   Data           0  startup_stm32f427_437xx.o(STACK)



==============================================================================

Memory Map of the image

  Image Entry point : 0x080001ad

  Load Region LR_IROM1 (Base: 0x08000000, Size: 0x0000791c, Max: 0x00200000, ABSOLUTE)

    Execution Region ER_IROM1 (Exec base: 0x08000000, Load base: 0x08000000, Size: 0x00007810, Max: 0x00200000, ABSOLUTE)

    Exec Addr    Load Addr    Size         Type   Attr      Idx    E Section Name        Object

    0x08000000   0x08000000   0x000001ac   Data   RO         5826    RESET               startup_stm32f427_437xx.o
    0x080001ac   0x080001ac   0x00000000   Code   RO         5895  * .ARM.Collect$$$$00000000  mc_w.l(entry.o)
    0x080001ac   0x080001ac   0x00000004   Code   RO         5946    .ARM.Collect$$$$00000001  mc_w.l(entry2.o)
    0x080001b0   0x080001b0   0x00000004   Code   RO         5949    .ARM.Collect$$$$00000004  mc_w.l(entry5.o)
    0x080001b4   0x080001b4   0x00000000   Code   RO         5951    .ARM.Collect$$$$00000008  mc_w.l(entry7b.o)
    0x080001b4   0x080001b4   0x00000000   Code   RO         5953    .ARM.Collect$$$$0000000A  mc_w.l(entry8b.o)
    0x080001b4   0x080001b4   0x00000008   Code   RO         5954    .ARM.Collect$$$$0000000B  mc_w.l(entry9a.o)
    0x080001bc   0x080001bc   0x00000000   Code   RO         5956    .ARM.Collect$$$$0000000D  mc_w.l(entry10a.o)
    0x080001bc   0x080001bc   0x00000000   Code   RO         5958    .ARM.Collect$$$$0000000F  mc_w.l(entry11a.o)
    0x080001bc   0x080001bc   0x00000004   Code   RO         5947    .ARM.Collect$$$$00002712  mc_w.l(entry2.o)
    0x080001c0   0x080001c0   0x00000024   Code   RO         5827    .text               startup_stm32f427_437xx.o
    0x080001e4   0x080001e4   0x0000014e   Code   RO         5898    .text               mf_w.l(dadd.o)
    0x08000332   0x08000332   0x000000e4   Code   RO         5900    .text               mf_w.l(dmul.o)
    0x08000416   0x08000416   0x00000022   Code   RO         5902    .text               mf_w.l(dflti.o)
    0x08000438   0x08000438   0x00000026   Code   RO         5904    .text               mf_w.l(f2d.o)
    0x0800045e   0x0800045e   0x00000038   Code   RO         5906    .text               mf_w.l(d2f.o)
    0x08000496   0x08000496   0x0000001e   Code   RO         5960    .text               mc_w.l(llshl.o)
    0x080004b4   0x080004b4   0x00000024   Code   RO         5962    .text               mc_w.l(llsshr.o)
    0x080004d8   0x080004d8   0x00000000   Code   RO         5971    .text               mc_w.l(iusefp.o)
    0x080004d8   0x080004d8   0x0000006e   Code   RO         5972    .text               mf_w.l(fepilogue.o)
    0x08000546   0x08000546   0x000000ba   Code   RO         5974    .text               mf_w.l(depilogue.o)
    0x08000600   0x08000600   0x000000de   Code   RO         5976    .text               mf_w.l(ddiv.o)
    0x080006de   0x080006de   0x000000a2   Code   RO         5980    .text               mf_w.l(dsqrt.o)
    0x08000780   0x08000780   0x00000024   Code   RO         5984    .text               mc_w.l(init.o)
    0x080007a4   0x080007a4   0x00000020   Code   RO         5986    .text               mc_w.l(llushr.o)
    0x080007c4   0x080007c4   0x0000001a   Code   RO         5988    .text               mf_w.l(dfltui.o)
    0x080007de   0x080007de   0x0000003e   Code   RO         5990    .text               mf_w.l(dfixi.o)
    0x0800081c   0x0800081c   0x00000004   Code   RO          188    i.BusFault_Handler  stm32f4xx_it.o
    0x08000820   0x08000820   0x000001c8   Code   RO          189    i.DMA2_Stream1_IRQHandler  stm32f4xx_it.o
    0x080009e8   0x080009e8   0x00000020   Code   RO          190    i.DMA2_Stream2_IRQHandler  stm32f4xx_it.o
    0x08000a08   0x08000a08   0x00000034   Code   RO         1836    i.DMA_ClearITPendingBit  stm32f4xx_dma.o
    0x08000a3c   0x08000a3c   0x00000016   Code   RO         1837    i.DMA_Cmd           stm32f4xx_dma.o
    0x08000a52   0x08000a52   0x00000002   PAD
    0x08000a54   0x08000a54   0x00000158   Code   RO         1838    i.DMA_DeInit        stm32f4xx_dma.o
    0x08000bac   0x08000bac   0x00000014   Code   RO         1842    i.DMA_GetCmdStatus  stm32f4xx_dma.o
    0x08000bc0   0x08000bc0   0x0000003a   Code   RO         1848    i.DMA_ITConfig      stm32f4xx_dma.o
    0x08000bfa   0x08000bfa   0x00000002   PAD
    0x08000bfc   0x08000bfc   0x00000058   Code   RO         1849    i.DMA_Init          stm32f4xx_dma.o
    0x08000c54   0x08000c54   0x00000002   Code   RO          191    i.DebugMon_Handler  stm32f4xx_it.o
    0x08000c56   0x08000c56   0x00000090   Code   RO         2682    i.GPIO_Init         stm32f4xx_gpio.o
    0x08000ce6   0x08000ce6   0x00000046   Code   RO         2683    i.GPIO_PinAFConfig  stm32f4xx_gpio.o
    0x08000d2c   0x08000d2c   0x00000098   Code   RO          526    i.HOST_USART_Config  bsp_debug_usart.o
    0x08000dc4   0x08000dc4   0x000000a0   Code   RO          484    i.HSE_SetSysClock   bsp_clkconfig.o
    0x08000e64   0x08000e64   0x00000004   Code   RO          192    i.HardFault_Handler  stm32f4xx_it.o
    0x08000e68   0x08000e68   0x00000028   Code   RO          636    i.Key_GPIO_Config   bsp_key.o
    0x08000e90   0x08000e90   0x0000009c   Code   RO          527    i.MOTOR_CONTROL1_USART_Config  bsp_debug_usart.o
    0x08000f2c   0x08000f2c   0x00000004   Code   RO          193    i.MemManage_Handler  stm32f4xx_it.o
    0x08000f30   0x08000f30   0x00000038   Code   RO          671    i.Motor_DMA_NVIC_Configuration  bsp_usart_dma.o
    0x08000f68   0x08000f68   0x00000228   Code   RO          333    i.Motor_Mode_Init   motor_control.o
    0x08001190   0x08001190   0x000000ec   Code   RO          334    i.Motor_data_update  motor_control.o
    0x0800127c   0x0800127c   0x000000c4   Code   RO          335    i.Motor_date_send   motor_control.o
    0x08001340   0x08001340   0x0000032c   Code   RO          336    i.Motor_pid_count   motor_control.o
    0x0800166c   0x0800166c   0x00000002   Code   RO          194    i.NMI_Handler       stm32f4xx_it.o
    0x0800166e   0x0800166e   0x00000002   PAD
    0x08001670   0x08001670   0x00000078   Code   RO          762    i.NVIC_Init         misc.o
    0x080016e8   0x080016e8   0x00000014   Code   RO          763    i.NVIC_PriorityGroupConfig  misc.o
    0x080016fc   0x080016fc   0x000001ac   Code   RO          337    i.PID_Init          motor_control.o
    0x080018a8   0x080018a8   0x000001f0   Code   RO          406    i.PID_calc          pid.o
    0x08001a98   0x08001a98   0x00000060   Code   RO          409    i.PID_init          pid.o
    0x08001af8   0x08001af8   0x00000002   Code   RO          195    i.PendSV_Handler    stm32f4xx_it.o
    0x08001afa   0x08001afa   0x00000002   PAD
    0x08001afc   0x08001afc   0x00000020   Code   RO         3620    i.RCC_AHB1PeriphClockCmd  stm32f4xx_rcc.o
    0x08001b1c   0x08001b1c   0x00000020   Code   RO         3629    i.RCC_APB1PeriphClockCmd  stm32f4xx_rcc.o
    0x08001b3c   0x08001b3c   0x00000020   Code   RO         3632    i.RCC_APB2PeriphClockCmd  stm32f4xx_rcc.o
    0x08001b5c   0x08001b5c   0x000000e8   Code   RO         3641    i.RCC_GetClocksFreq  stm32f4xx_rcc.o
    0x08001c44   0x08001c44   0x00000040   Code   RO         3642    i.RCC_GetFlagStatus  stm32f4xx_rcc.o
    0x08001c84   0x08001c84   0x00000010   Code   RO         3644    i.RCC_GetSYSCLKSource  stm32f4xx_rcc.o
    0x08001c94   0x08001c94   0x00000018   Code   RO         3645    i.RCC_HCLKConfig    stm32f4xx_rcc.o
    0x08001cac   0x08001cac   0x00000010   Code   RO         3646    i.RCC_HSEConfig     stm32f4xx_rcc.o
    0x08001cbc   0x08001cbc   0x00000018   Code   RO         3656    i.RCC_PCLK1Config   stm32f4xx_rcc.o
    0x08001cd4   0x08001cd4   0x00000018   Code   RO         3657    i.RCC_PCLK2Config   stm32f4xx_rcc.o
    0x08001cec   0x08001cec   0x0000000c   Code   RO         3658    i.RCC_PLLCmd        stm32f4xx_rcc.o
    0x08001cf8   0x08001cf8   0x00000024   Code   RO         3659    i.RCC_PLLConfig     stm32f4xx_rcc.o
    0x08001d1c   0x08001d1c   0x00000018   Code   RO         3670    i.RCC_SYSCLKConfig  stm32f4xx_rcc.o
    0x08001d34   0x08001d34   0x00000038   Code   RO         3672    i.RCC_WaitForHSEStartUp  stm32f4xx_rcc.o
    0x08001d6c   0x08001d6c   0x00000038   Code   RO          672    i.RC_DMA_NVIC_Configuration  bsp_usart_dma.o
    0x08001da4   0x08001da4   0x000000a0   Code   RO          529    i.RC_USART1_Config  bsp_debug_usart.o
    0x08001e44   0x08001e44   0x00000002   Code   RO          196    i.SVC_Handler       stm32f4xx_it.o
    0x08001e46   0x08001e46   0x00000002   PAD
    0x08001e48   0x08001e48   0x00000120   Code   RO          721    i.SetSysClock       system_stm32f4xx.o
    0x08001f68   0x08001f68   0x00000002   Code   RO          197    i.SysTick_Handler   stm32f4xx_it.o
    0x08001f6a   0x08001f6a   0x00000002   PAD
    0x08001f6c   0x08001f6c   0x00000068   Code   RO          723    i.SystemInit        system_stm32f4xx.o
    0x08001fd4   0x08001fd4   0x000000c0   Code   RO          198    i.TIM2_IRQHandler   stm32f4xx_it.o
    0x08002094   0x08002094   0x00000006   Code   RO         5013    i.TIM_ClearFlag     stm32f4xx_tim.o
    0x0800209a   0x0800209a   0x00000006   Code   RO         5014    i.TIM_ClearITPendingBit  stm32f4xx_tim.o
    0x080020a0   0x080020a0   0x00000018   Code   RO         5019    i.TIM_Cmd           stm32f4xx_tim.o
    0x080020b8   0x080020b8   0x00000012   Code   RO         5044    i.TIM_ITConfig      stm32f4xx_tim.o
    0x080020ca   0x080020ca   0x00000046   Code   RO          601    i.TIM_Mode_Config   bsp_general_tim.o
    0x08002110   0x08002110   0x00000084   Code   RO         5091    i.TIM_TimeBaseInit  stm32f4xx_tim.o
    0x08002194   0x08002194   0x0000000c   Code   RO          602    i.TIMx_Configuration  bsp_general_tim.o
    0x080021a0   0x080021a0   0x00000028   Code   RO          603    i.TIMx_NVIC_Configuration  bsp_general_tim.o
    0x080021c8   0x080021c8   0x00000088   Code   RO          673    i.USART1_DMA_Config  bsp_usart_dma.o
    0x08002250   0x08002250   0x0000008c   Code   RO          674    i.USART6_DMA_Config  bsp_usart_dma.o
    0x080022dc   0x080022dc   0x00000002   Code   RO          199    i.USART6_IRQHandler  stm32f4xx_it.o
    0x080022de   0x080022de   0x00000018   Code   RO         5573    i.USART_Cmd         stm32f4xx_usart.o
    0x080022f6   0x080022f6   0x00000012   Code   RO         5574    i.USART_DMACmd      stm32f4xx_usart.o
    0x08002308   0x08002308   0x0000001a   Code   RO         5576    i.USART_GetFlagStatus  stm32f4xx_usart.o
    0x08002322   0x08002322   0x00000002   PAD
    0x08002324   0x08002324   0x000000d4   Code   RO         5580    i.USART_Init        stm32f4xx_usart.o
    0x080023f8   0x080023f8   0x00000008   Code   RO         5590    i.USART_SendData    stm32f4xx_usart.o
    0x08002400   0x08002400   0x00000004   Code   RO          200    i.UsageFault_Handler  stm32f4xx_it.o
    0x08002404   0x08002404   0x0000001e   Code   RO          530    i.Usart_SendByte    bsp_debug_usart.o
    0x08002422   0x08002422   0x00000020   Code   RO          531    i.Usart_SendStr_length  bsp_debug_usart.o
    0x08002442   0x08002442   0x00000030   Code   RO         5931    i.__ARM_fpclassify  m_wm.l(fpclassify.o)
    0x08002472   0x08002472   0x00000006   PAD
    0x08002478   0x08002478   0x00000358   Code   RO         5831    i.__hardfp_acos     m_wm.l(acos.o)
    0x080027d0   0x080027d0   0x00000360   Code   RO         5845    i.__hardfp_asin     m_wm.l(asin.o)
    0x08002b30   0x08002b30   0x000000c8   Code   RO         5859    i.__hardfp_cos      m_wm.l(cos.o)
    0x08002bf8   0x08002bf8   0x000000c8   Code   RO         5871    i.__hardfp_sin      m_wm.l(sin.o)
    0x08002cc0   0x08002cc0   0x0000007a   Code   RO         5883    i.__hardfp_sqrt     m_wm.l(sqrt.o)
    0x08002d3a   0x08002d3a   0x00000006   PAD
    0x08002d40   0x08002d40   0x00000438   Code   RO         5935    i.__ieee754_rem_pio2  m_wm.l(rred.o)
    0x08003178   0x08003178   0x00000170   Code   RO         5908    i.__kernel_cos      m_wm.l(cos_i.o)
    0x080032e8   0x080032e8   0x000000f8   Code   RO         5933    i.__kernel_poly     m_wm.l(poly.o)
    0x080033e0   0x080033e0   0x00000130   Code   RO         5940    i.__kernel_sin      m_wm.l(sin_i.o)
    0x08003510   0x08003510   0x00000014   Code   RO         5912    i.__mathlib_dbl_infnan  m_wm.l(dunder.o)
    0x08003524   0x08003524   0x00000004   PAD
    0x08003528   0x08003528   0x00000020   Code   RO         5914    i.__mathlib_dbl_invalid  m_wm.l(dunder.o)
    0x08003548   0x08003548   0x00000020   Code   RO         5917    i.__mathlib_dbl_underflow  m_wm.l(dunder.o)
    0x08003568   0x08003568   0x0000000e   Code   RO         5994    i.__scatterload_copy  mc_w.l(handlers.o)
    0x08003576   0x08003576   0x00000002   Code   RO         5995    i.__scatterload_null  mc_w.l(handlers.o)
    0x08003578   0x08003578   0x0000000e   Code   RO         5996    i.__scatterload_zeroinit  mc_w.l(handlers.o)
    0x08003586   0x08003586   0x00000002   PAD
    0x08003588   0x08003588   0x0000000c   Code   RO         5966    i.__set_errno       mc_w.l(errno.o)
    0x08003594   0x08003594   0x00000130   Code   RO          338    i.counter_motion    motor_control.o
    0x080036c4   0x080036c4   0x00000028   Code   RO          292    i.crc_ccitt         go_m8010_6.o
    0x080036ec   0x080036ec   0x00000018   Code   RO          293    i.crc_ccitt_byte    go_m8010_6.o
    0x08003704   0x08003704   0x000000c8   Code   RO          294    i.extract_data      go_m8010_6.o
    0x080037cc   0x080037cc   0x00000018   Code   RO         5927    i.fabs              m_wm.l(fabs.o)
    0x080037e4   0x080037e4   0x00003598   Code   RO          339    i.foot_track        motor_control.o
    0x08006d7c   0x08006d7c   0x00000254   Code   RO            4    i.main              main.o
    0x08006fd0   0x08006fd0   0x000001f8   Code   RO          295    i.modify_data       go_m8010_6.o
    0x080071c8   0x080071c8   0x00000134   Code   RO          449    i.rc_rc_date        remote.o
    0x080072fc   0x080072fc   0x0000006e   Code   RO         5885    i.sqrt              m_wm.l(sqrt.o)
    0x0800736a   0x0800736a   0x00000200   Data   RO          296    .constdata          go_m8010_6.o
    0x0800756a   0x0800756a   0x00000002   PAD
    0x0800756c   0x0800756c   0x000000c0   Data   RO          340    .constdata          motor_control.o
    0x0800762c   0x0800762c   0x00000004   PAD
    0x08007630   0x08007630   0x00000050   Data   RO         5834    .constdata          m_wm.l(acos.o)
    0x08007680   0x08007680   0x00000050   Data   RO         5848    .constdata          m_wm.l(asin.o)
    0x080076d0   0x080076d0   0x00000030   Data   RO         5909    .constdata          m_wm.l(cos_i.o)
    0x08007700   0x08007700   0x000000c8   Data   RO         5937    .constdata          m_wm.l(rred.o)
    0x080077c8   0x080077c8   0x00000028   Data   RO         5941    .constdata          m_wm.l(sin_i.o)
    0x080077f0   0x080077f0   0x00000020   Data   RO         5992    Region$$Table       anon$$obj.o


    Execution Region RW_IRAM1 (Exec base: 0x20000000, Load base: 0x08007810, Size: 0x00000e30, Max: 0x00030000, ABSOLUTE)

    Exec Addr    Load Addr    Size         Type   Attr      Idx    E Section Name        Object

    0x20000000   0x08007810   0x00000058   Data   RW            6    .data               main.o
    0x20000058   0x08007868   0x0000003c   Data   RW          201    .data               stm32f4xx_it.o
    0x20000094   0x080078a4   0x00000064   Data   RW          341    .data               motor_control.o
    0x200000f8   0x08007908   0x00000010   Data   RW         3673    .data               stm32f4xx_rcc.o
    0x20000108   0x08007918   0x00000004   Data   RW         5967    .data               mc_w.l(errno.o)
    0x2000010c   0x0800791c   0x00000004   PAD
    0x20000110        -       0x00000480   Zero   RW            5    .bss                main.o
    0x20000590        -       0x00000480   Zero   RW          410    .bss                pid.o
    0x20000a10        -       0x0000000a   Zero   RW          450    .bss                remote.o
    0x20000a1a        -       0x00000012   Zero   RW          675    .bss                bsp_usart_dma.o
    0x20000a2c   0x0800791c   0x00000004   PAD
    0x20000a30        -       0x00000400   Zero   RW         5824    STACK               startup_stm32f427_437xx.o


==============================================================================

Image component sizes


      Code (inc. data)   RO Data    RW Data    ZI Data      Debug   Object Name

       160         12          0          0          0       1466   bsp_clkconfig.o
       530         34          0          0          0       4412   bsp_debug_usart.o
       122          0          0          0          0       1849   bsp_general_tim.o
        40          6          0          0          0        614   bsp_key.o
       388         38          0          0         18       3742   bsp_usart_dma.o
       768         72        512          0          0       4275   go_m8010_6.o
       596        112          0         88       1152     317533   main.o
       140         24          0          0          0       2051   misc.o
     16248       1310        192        100          0      13714   motor_control.o
       592          8          0          0       1152       4496   pid.o
       308          8          0          0         10       1549   remote.o
        36          8        428          0       1024       1000   startup_stm32f427_437xx.o
       584         40          0          0          0       5964   stm32f4xx_dma.o
       214          0          0          0          0       2283   stm32f4xx_gpio.o
       708        124          0         60          0       8100   stm32f4xx_it.o
       624         84          0         16          0      12538   stm32f4xx_rcc.o
       186         28          0          0          0       4392   stm32f4xx_tim.o
       288          8          0          0          0       4747   stm32f4xx_usart.o
       392         32          0          0          0       2189   system_stm32f4xx.o

    ----------------------------------------------------------------------
     22938       1948       1170        264       3360     396914   Object Totals
         0          0         32          0          0          0   (incl. Generated)
        14          0          6          0          4          0   (incl. Padding)

    ----------------------------------------------------------------------

      Code (inc. data)   RO Data    RW Data    ZI Data      Debug   Library Member Name

       856        118         80          0          0        288   acos.o
       864         94         80          0          0        280   asin.o
       200         20          0          0          0        164   cos.o
       368         46         48          0          0        200   cos_i.o
        84         16          0          0          0        372   dunder.o
        24          0          0          0          0        124   fabs.o
        48          0          0          0          0        124   fpclassify.o
       248          0          0          0          0        152   poly.o
      1080        142        200          0          0        188   rred.o
       200         20          0          0          0        164   sin.o
       304         24         40          0          0        208   sin_i.o
       232          0          0          0          0        296   sqrt.o
         0          0          0          0          0          0   entry.o
         0          0          0          0          0          0   entry10a.o
         0          0          0          0          0          0   entry11a.o
         8          4          0          0          0          0   entry2.o
         4          0          0          0          0          0   entry5.o
         0          0          0          0          0          0   entry7b.o
         0          0          0          0          0          0   entry8b.o
         8          4          0          0          0          0   entry9a.o
        12          6          0          4          0         68   errno.o
        30          0          0          0          0          0   handlers.o
        36          8          0          0          0         68   init.o
         0          0          0          0          0          0   iusefp.o
        30          0          0          0          0         68   llshl.o
        36          0          0          0          0         68   llsshr.o
        32          0          0          0          0         68   llushr.o
        56          0          0          0          0         88   d2f.o
       334          0          0          0          0        148   dadd.o
       222          0          0          0          0        100   ddiv.o
       186          0          0          0          0        176   depilogue.o
        62          0          0          0          0         80   dfixi.o
        34          0          0          0          0         76   dflti.o
        26          0          0          0          0         76   dfltui.o
       228          0          0          0          0         96   dmul.o
       162          0          0          0          0        100   dsqrt.o
        38          0          0          0          0         68   f2d.o
       110          0          0          0          0        168   fepilogue.o

    ----------------------------------------------------------------------
      6180        502        448          4          4       4076   Library Totals
        18          0          0          0          4          0   (incl. Padding)

    ----------------------------------------------------------------------

      Code (inc. data)   RO Data    RW Data    ZI Data      Debug   Library Name

      4508        480        448          0          0       2560   m_wm.l
       196         22          0          4          0        340   mc_w.l
      1458          0          0          0          0       1176   mf_w.l

    ----------------------------------------------------------------------
      6180        502        448          4          4       4076   Library Totals

    ----------------------------------------------------------------------

==============================================================================


      Code (inc. data)   RO Data    RW Data    ZI Data      Debug   

     29118       2450       1618        268       3364     392018   Grand Totals
     29118       2450       1618        268       3364     392018   ELF Image Totals
     29118       2450       1618        268          0          0   ROM Totals

==============================================================================

    Total RO  Size (Code + RO Data)                30736 (  30.02kB)
    Total RW  Size (RW Data + ZI Data)              3632 (   3.55kB)
    Total ROM Size (Code + RO Data + RW Data)      31004 (  30.28kB)

==============================================================================

