Component: ARM Compiler 5.06 update 1 (build 61) Tool: armlink [4d35a8]

==============================================================================

Section Cross References

    main.o(i.main) refers to bsp_debug_usart.o(i.RC_USART1_Config) for RC_USART1_Config
    main.o(i.main) refers to bsp_debug_usart.o(i.HOST_USART_Config) for HOST_USART_Config
    main.o(i.main) refers to bsp_debug_usart.o(i.MOTOR_CONTROL1_USART_Config) for MOTOR_CONTROL1_USART_Config
    main.o(i.main) refers to bsp_usart_dma.o(i.USART1_DMA_Config) for USART1_DMA_Config
    main.o(i.main) refers to bsp_usart_dma.o(i.USART6_DMA_Config) for USART6_DMA_Config
    main.o(i.main) refers to bsp_usart_dma.o(i.RC_DMA_NVIC_Configuration) for RC_DMA_NVIC_Configuration
    main.o(i.main) refers to bsp_usart_dma.o(i.Motor_DMA_NVIC_Configuration) for Motor_DMA_NVIC_Configuration
    main.o(i.main) refers to stm32f4xx_usart.o(i.USART_DMACmd) for USART_DMACmd
    main.o(i.main) refers to bsp_clkconfig.o(i.HSE_SetSysClock) for HSE_SetSysClock
    main.o(i.main) refers to motor_control.o(i.PID_Init) for PID_Init
    main.o(i.main) refers to motor_control.o(i.Motor_Mode_Init) for Motor_Mode_Init
    main.o(i.main) refers to bsp_general_tim.o(i.TIMx_Configuration) for TIMx_Configuration
    main.o(i.main) refers to remote.o(i.rc_rc_date) for rc_rc_date
    main.o(i.main) refers to motor_control.o(i.foot_track) for foot_track
    main.o(i.main) refers to motor_control.o(i.counter_motion) for counter_motion
    main.o(i.main) refers to motor_control.o(i.Motor_pid_compute_all) for Motor_pid_compute_all
    main.o(i.main) refers to motor_control.o(i.Motor_data_update_all) for Motor_data_update_all
    main.o(i.main) refers to motor_control.o(i.Motor_date_send_sequential) for Motor_date_send_sequential
    main.o(i.main) refers to main.o(.data) for g_system_tick
    main.o(i.main) refers to motor_control.o(.bss) for Leg_Motors
    stm32f4xx_it.o(i.DMA2_Stream1_IRQHandler) refers to go_m8010_6.o(i.extract_data) for extract_data
    stm32f4xx_it.o(i.DMA2_Stream1_IRQHandler) refers to stm32f4xx_dma.o(i.DMA_ClearITPendingBit) for DMA_ClearITPendingBit
    stm32f4xx_it.o(i.DMA2_Stream1_IRQHandler) refers to motor_control.o(.bss) for motor_feedback_data
    stm32f4xx_it.o(i.DMA2_Stream2_IRQHandler) refers to stm32f4xx_dma.o(i.DMA_ClearITPendingBit) for DMA_ClearITPendingBit
    stm32f4xx_it.o(i.DMA2_Stream2_IRQHandler) refers to main.o(.data) for RC_RX_flag
    stm32f4xx_it.o(i.TIM2_IRQHandler) refers to stm32f4xx_tim.o(i.TIM_ClearITPendingBit) for TIM_ClearITPendingBit
    stm32f4xx_it.o(i.TIM2_IRQHandler) refers to main.o(.data) for g_system_tick
    stm32f4xx_it.o(i.TIM2_IRQHandler) refers to motor_control.o(.data) for step_cycle
    stm32f4xx_it.o(i.TIM2_IRQHandler) refers to stm32f4xx_it.o(.data) for Dog_flag
    go_m8010_6.o(i.crc_ccitt) refers to go_m8010_6.o(i.crc_ccitt_byte) for crc_ccitt_byte
    go_m8010_6.o(i.crc_ccitt_byte) refers to go_m8010_6.o(.constdata) for crc_ccitt_table
    go_m8010_6.o(i.extract_data) refers to go_m8010_6.o(i.crc_ccitt) for crc_ccitt
    go_m8010_6.o(i.modify_data) refers to go_m8010_6.o(i.crc_ccitt) for crc_ccitt
    motor_control.o(i.Get_Cycloid) refers to sinf.o(i.__hardfp_sinf) for __hardfp_sinf
    motor_control.o(i.Get_Height_Sine) refers to cosf.o(i.__hardfp_cosf) for __hardfp_cosf
    motor_control.o(i.Handle_Jump) refers to cosf.o(i.__hardfp_cosf) for __hardfp_cosf
    motor_control.o(i.Handle_Jump) refers to motor_control.o(i.Get_Cycloid) for Get_Cycloid
    motor_control.o(i.Handle_Jump) refers to remote.o(.bss) for rc_rc
    motor_control.o(i.Handle_Jump) refers to motor_control.o(.data) for dog_jump_time
    motor_control.o(i.Handle_Locomotion) refers to motor_control.o(i.Get_Cycloid) for Get_Cycloid
    motor_control.o(i.Handle_Locomotion) refers to motor_control.o(i.Get_Height_Sine) for Get_Height_Sine
    motor_control.o(i.Handle_Locomotion) refers to remote.o(.bss) for rc_rc
    motor_control.o(i.Handle_Locomotion) refers to motor_control.o(.bss) for g_gait
    motor_control.o(i.Handle_SpotTurn) refers to motor_control.o(i.Get_Cycloid) for Get_Cycloid
    motor_control.o(i.Handle_SpotTurn) refers to motor_control.o(i.Get_Height_Sine) for Get_Height_Sine
    motor_control.o(i.Handle_SpotTurn) refers to remote.o(.bss) for rc_rc
    motor_control.o(i.Handle_SpotTurn) refers to motor_control.o(.bss) for g_gait
    motor_control.o(i.Handle_System) refers to motor_control.o(.data) for g_stand_progress
    motor_control.o(i.Handle_System) refers to motor_control.o(.bss) for g_gait
    motor_control.o(i.Motor_Mode_Init) refers to go_m8010_6.o(i.modify_data) for modify_data
    motor_control.o(i.Motor_Mode_Init) refers to main.o(.bss) for motor_control_clear
    motor_control.o(i.Motor_Mode_Init) refers to motor_control.o(.bss) for Leg_Motors
    motor_control.o(i.Motor_Mode_Init) refers to motor_control.o(.constdata) for Motor_Offsets
[...]
    Removing stm32f4xx_rtc.o(.revsh_text), (4 bytes).
    Removing stm32f4xx_rtc.o(.rrx_text), (6 bytes).
    Removing stm32f4xx_rtc.o(i.RTC_AlarmCmd), (116 bytes).
    Removing stm32f4xx_rtc.o(i.RTC_AlarmStructInit), (22 bytes).
    Removing stm32f4xx_rtc.o(i.RTC_AlarmSubSecondConfig), (52 bytes).
    Removing stm32f4xx_rtc.o(i.RTC_Bcd2ToByte), (22 bytes).
    Removing stm32f4xx_rtc.o(i.RTC_BypassShadowCmd), (60 bytes).
    Removing stm32f4xx_rtc.o(i.RTC_ByteToBcd2), (28 bytes).
    Removing stm32f4xx_rtc.o(i.RTC_CalibOutputCmd), (60 bytes).
    Removing stm32f4xx_rtc.o(i.RTC_CalibOutputConfig), (48 bytes).
    Removing stm32f4xx_rtc.o(i.RTC_ClearFlag), (28 bytes).
    Removing stm32f4xx_rtc.o(i.RTC_ClearITPendingBit), (32 bytes).
    Removing stm32f4xx_rtc.o(i.RTC_CoarseCalibCmd), (80 bytes).
    Removing stm32f4xx_rtc.o(i.RTC_CoarseCalibConfig), (56 bytes).
    Removing stm32f4xx_rtc.o(i.RTC_DateStructInit), (14 bytes).
    Removing stm32f4xx_rtc.o(i.RTC_DayLightSavingConfig), (56 bytes).
    Removing stm32f4xx_rtc.o(i.RTC_DeInit), (212 bytes).
    Removing stm32f4xx_rtc.o(i.RTC_EnterInitMode), (80 bytes).
    Removing stm32f4xx_rtc.o(i.RTC_ExitInitMode), (20 bytes).
    Removing stm32f4xx_rtc.o(i.RTC_GetAlarm), (116 bytes).
    Removing stm32f4xx_rtc.o(i.RTC_GetAlarmSubSecond), (36 bytes).
    Removing stm32f4xx_rtc.o(i.RTC_GetDate), (76 bytes).
    Removing stm32f4xx_rtc.o(i.RTC_GetFlagStatus), (40 bytes).
    Removing stm32f4xx_rtc.o(i.RTC_GetITStatus), (68 bytes).
    Removing stm32f4xx_rtc.o(i.RTC_GetStoreOperation), (16 bytes).
    Removing stm32f4xx_rtc.o(i.RTC_GetSubSecond), (20 bytes).
    Removing stm32f4xx_rtc.o(i.RTC_GetTime), (80 bytes).
    Removing stm32f4xx_rtc.o(i.RTC_GetTimeStamp), (156 bytes).
    Removing stm32f4xx_rtc.o(i.RTC_GetTimeStampSubSecond), (12 bytes).
    Removing stm32f4xx_rtc.o(i.RTC_GetWakeUpCounter), (12 bytes).
    Removing stm32f4xx_rtc.o(i.RTC_ITConfig), (100 bytes).
    Removing stm32f4xx_rtc.o(i.RTC_Init), (100 bytes).
    Removing stm32f4xx_rtc.o(i.RTC_OutputConfig), (56 bytes).
    Removing stm32f4xx_rtc.o(i.RTC_OutputTypeConfig), (28 bytes).
    Removing stm32f4xx_rtc.o(i.RTC_ReadBackupRegister), (32 bytes).
    Removing stm32f4xx_rtc.o(i.RTC_RefClockCmd), (80 bytes).
    Removing stm32f4xx_rtc.o(i.RTC_SetAlarm), (236 bytes).
    Removing stm32f4xx_rtc.o(i.RTC_SetDate), (200 bytes).
    Removing stm32f4xx_rtc.o(i.RTC_SetTime), (208 bytes).
    Removing stm32f4xx_rtc.o(i.RTC_SetWakeUpCounter), (28 bytes).
    Removing stm32f4xx_rtc.o(i.RTC_SmoothCalibConfig), (96 bytes).
    Removing stm32f4xx_rtc.o(i.RTC_StructInit), (14 bytes).
    Removing stm32f4xx_rtc.o(i.RTC_SynchroShiftConfig), (124 bytes).
    Removing stm32f4xx_rtc.o(i.RTC_TamperCmd), (32 bytes).
    Removing stm32f4xx_rtc.o(i.RTC_TamperFilterConfig), (28 bytes).
    Removing stm32f4xx_rtc.o(i.RTC_TamperPinSelection), (28 bytes).
    Removing stm32f4xx_rtc.o(i.RTC_TamperPinsPrechargeDuration), (28 bytes).
    Removing stm32f4xx_rtc.o(i.RTC_TamperPullUpCmd), (36 bytes).
    Removing stm32f4xx_rtc.o(i.RTC_TamperSamplingFreqConfig), (28 bytes).
    Removing stm32f4xx_rtc.o(i.RTC_TamperTriggerConfig), (36 bytes).
    Removing stm32f4xx_rtc.o(i.RTC_TimeStampCmd), (56 bytes).
    Removing stm32f4xx_rtc.o(i.RTC_TimeStampOnTamperDetectionCmd), (36 bytes).
    Removing stm32f4xx_rtc.o(i.RTC_TimeStampPinSelection), (28 bytes).
    Removing stm32f4xx_rtc.o(i.RTC_TimeStructInit), (12 bytes).
    Removing stm32f4xx_rtc.o(i.RTC_WaitForSynchro), (96 bytes).
    Removing stm32f4xx_rtc.o(i.RTC_WakeUpClockConfig), (48 bytes).
    Removing stm32f4xx_rtc.o(i.RTC_WakeUpCmd), (120 bytes).
    Removing stm32f4xx_rtc.o(i.RTC_WriteBackupRegister), (28 bytes).
    Removing stm32f4xx_rtc.o(i.RTC_WriteProtectionCmd), (28 bytes).
    Removing stm32f4xx_sai.o(.rev16_text), (4 bytes).
    Removing stm32f4xx_sai.o(.revsh_text), (4 bytes).
    Removing stm32f4xx_sai.o(.rrx_text), (6 bytes).
    Removing stm32f4xx_sai.o(i.SAI_BlockSynchroConfig), (44 bytes).
    Removing stm32f4xx_sai.o(i.SAI_ClearFlag), (8 bytes).
    Removing stm32f4xx_sai.o(i.SAI_ClearITPendingBit), (8 bytes).
    Removing stm32f4xx_sai.o(i.SAI_Cmd), (22 bytes).
    Removing stm32f4xx_sai.o(i.SAI_CompandingModeConfig), (16 bytes).
    Removing stm32f4xx_sai.o(i.SAI_DMACmd), (22 bytes).
    Removing stm32f4xx_sai.o(i.SAI_DeInit), (36 bytes).
    Removing stm32f4xx_sai.o(i.SAI_FlushFIFO), (10 bytes).
    Removing stm32f4xx_sai.o(i.SAI_FrameInit), (44 bytes).
    Removing stm32f4xx_sai.o(i.SAI_FrameStructInit), (18 bytes).
    Removing stm32f4xx_sai.o(i.SAI_GetCmdStatus), (20 bytes).
    Removing stm32f4xx_sai.o(i.SAI_GetFIFOStatus), (12 bytes).
    Removing stm32f4xx_sai.o(i.SAI_GetFlagStatus), (18 bytes).
    Removing stm32f4xx_sai.o(i.SAI_GetITStatus), (30 bytes).
    Removing stm32f4xx_sai.o(i.SAI_ITConfig), (18 bytes).
    Removing stm32f4xx_sai.o(i.SAI_Init), (76 bytes).
    Removing stm32f4xx_sai.o(i.SAI_MonoModeConfig), (18 bytes).
    Removing stm32f4xx_sai.o(i.SAI_MuteFrameCounterConfig), (18 bytes).
    Removing stm32f4xx_sai.o(i.SAI_MuteModeCmd), (22 bytes).
    Removing stm32f4xx_sai.o(i.SAI_MuteValueConfig), (16 bytes).
    Removing stm32f4xx_sai.o(i.SAI_ReceiveData), (6 bytes).
    Removing stm32f4xx_sai.o(i.SAI_SendData), (4 bytes).
    Removing stm32f4xx_sai.o(i.SAI_SlotInit), (36 bytes).
    Removing stm32f4xx_sai.o(i.SAI_SlotStructInit), (16 bytes).
    Removing stm32f4xx_sai.o(i.SAI_StructInit), (30 bytes).
    Removing stm32f4xx_sai.o(i.SAI_TRIStateConfig), (18 bytes).
    Removing stm32f4xx_sdio.o(.rev16_text), (4 bytes).
    Removing stm32f4xx_sdio.o(.revsh_text), (4 bytes).
    Removing stm32f4xx_sdio.o(.rrx_text), (6 bytes).
    Removing stm32f4xx_sdio.o(i.SDIO_CEATAITCmd), (16 bytes).
    Removing stm32f4xx_sdio.o(i.SDIO_ClearFlag), (12 bytes).
    Removing stm32f4xx_sdio.o(i.SDIO_ClearITPendingBit), (12 bytes).
    Removing stm32f4xx_sdio.o(i.SDIO_ClockCmd), (12 bytes).
    Removing stm32f4xx_sdio.o(i.SDIO_CmdStructInit), (14 bytes).
    Removing stm32f4xx_sdio.o(i.SDIO_CommandCompletionCmd), (12 bytes).
    Removing stm32f4xx_sdio.o(i.SDIO_DMACmd), (12 bytes).
    Removing stm32f4xx_sdio.o(i.SDIO_DataConfig), (52 bytes).
    Removing stm32f4xx_sdio.o(i.SDIO_DataStructInit), (20 bytes).
    Removing stm32f4xx_sdio.o(i.SDIO_DeInit), (22 bytes).
    Removing stm32f4xx_sdio.o(i.SDIO_GetCommandResponse), (12 bytes).
    Removing stm32f4xx_sdio.o(i.SDIO_GetDataCounter), (12 bytes).
    Removing stm32f4xx_sdio.o(i.SDIO_GetFIFOCount), (12 bytes).
    Removing stm32f4xx_sdio.o(i.SDIO_GetFlagStatus), (24 bytes).
    Removing stm32f4xx_sdio.o(i.SDIO_GetITStatus), (24 bytes).
    Removing stm32f4xx_sdio.o(i.SDIO_GetPowerState), (16 bytes).
    Removing stm32f4xx_sdio.o(i.SDIO_GetResponse), (24 bytes).
    Removing stm32f4xx_sdio.o(i.SDIO_ITConfig), (32 bytes).
    Removing stm32f4xx_sdio.o(i.SDIO_Init), (48 bytes).
    Removing stm32f4xx_sdio.o(i.SDIO_ReadData), (12 bytes).
    Removing stm32f4xx_sdio.o(i.SDIO_SendCEATACmd), (12 bytes).
    Removing stm32f4xx_sdio.o(i.SDIO_SendCommand), (44 bytes).
    Removing stm32f4xx_sdio.o(i.SDIO_SendSDIOSuspendCmd), (12 bytes).
    Removing stm32f4xx_sdio.o(i.SDIO_SetPowerState), (12 bytes).
    Removing stm32f4xx_sdio.o(i.SDIO_SetSDIOOperation), (12 bytes).
    Removing stm32f4xx_sdio.o(i.SDIO_SetSDIOReadWaitMode), (12 bytes).
    Removing stm32f4xx_sdio.o(i.SDIO_StartSDIOReadWait), (12 bytes).
    Removing stm32f4xx_sdio.o(i.SDIO_StopSDIOReadWait), (12 bytes).
    Removing stm32f4xx_sdio.o(i.SDIO_StructInit), (16 bytes).
    Removing stm32f4xx_sdio.o(i.SDIO_WriteData), (12 bytes).
    Removing stm32f4xx_spdifrx.o(.rev16_text), (4 bytes).
    Removing stm32f4xx_spdifrx.o(.revsh_text), (4 bytes).
    Removing stm32f4xx_spdifrx.o(.rrx_text), (6 bytes).
    Removing stm32f4xx_spi.o(.rev16_text), (4 bytes).
    Removing stm32f4xx_spi.o(.revsh_text), (4 bytes).
    Removing stm32f4xx_spi.o(.rrx_text), (6 bytes).
    Removing stm32f4xx_spi.o(i.I2S_Cmd), (24 bytes).
    Removing stm32f4xx_spi.o(i.I2S_FullDuplexConfig), (80 bytes).
    Removing stm32f4xx_spi.o(i.I2S_Init), (408 bytes).
    Removing stm32f4xx_spi.o(i.I2S_StructInit), (20 bytes).
    Removing stm32f4xx_spi.o(i.SPI_BiDirectionalLineConfig), (28 bytes).
    Removing stm32f4xx_spi.o(i.SPI_CalculateCRC), (24 bytes).
    Removing stm32f4xx_spi.o(i.SPI_Cmd), (24 bytes).
    Removing stm32f4xx_spi.o(i.SPI_DataSizeConfig), (18 bytes).
    Removing stm32f4xx_spi.o(i.SPI_GetCRC), (16 bytes).
    Removing stm32f4xx_spi.o(i.SPI_GetCRCPolynomial), (6 bytes).
    Removing stm32f4xx_spi.o(i.SPI_I2S_ClearFlag), (6 bytes).
    Removing stm32f4xx_spi.o(i.SPI_I2S_ClearITPendingBit), (20 bytes).
    Removing stm32f4xx_spi.o(i.SPI_I2S_DMACmd), (18 bytes).
    Removing stm32f4xx_spi.o(i.SPI_I2S_DeInit), (176 bytes).
    Removing stm32f4xx_spi.o(i.SPI_I2S_GetFlagStatus), (18 bytes).
    Removing stm32f4xx_spi.o(i.SPI_I2S_GetITStatus), (52 bytes).
    Removing stm32f4xx_spi.o(i.SPI_I2S_ITConfig), (32 bytes).
    Removing stm32f4xx_spi.o(i.SPI_I2S_ReceiveData), (6 bytes).
    Removing stm32f4xx_spi.o(i.SPI_I2S_SendData), (4 bytes).
    Removing stm32f4xx_spi.o(i.SPI_Init), (60 bytes).
    Removing stm32f4xx_spi.o(i.SPI_NSSInternalSoftwareConfig), (30 bytes).
    Removing stm32f4xx_spi.o(i.SPI_SSOutputCmd), (24 bytes).
    Removing stm32f4xx_spi.o(i.SPI_StructInit), (24 bytes).
    Removing stm32f4xx_spi.o(i.SPI_TIModeCmd), (24 bytes).
    Removing stm32f4xx_spi.o(i.SPI_TransmitCRC), (10 bytes).
    Removing stm32f4xx_syscfg.o(.rev16_text), (4 bytes).
    Removing stm32f4xx_syscfg.o(.revsh_text), (4 bytes).
    Removing stm32f4xx_syscfg.o(.rrx_text), (6 bytes).
    Removing stm32f4xx_syscfg.o(i.SYSCFG_CompensationCellCmd), (12 bytes).
    Removing stm32f4xx_syscfg.o(i.SYSCFG_DeInit), (22 bytes).
    Removing stm32f4xx_syscfg.o(i.SYSCFG_ETH_MediaInterfaceConfig), (12 bytes).
    Removing stm32f4xx_syscfg.o(i.SYSCFG_EXTILineConfig), (64 bytes).
    Removing stm32f4xx_syscfg.o(i.SYSCFG_GetCompensationCellStatus), (24 bytes).
    Removing stm32f4xx_syscfg.o(i.SYSCFG_MemoryRemapConfig), (12 bytes).
    Removing stm32f4xx_syscfg.o(i.SYSCFG_MemorySwappingBank), (12 bytes).
    Removing stm32f4xx_tim.o(.rev16_text), (4 bytes).
    Removing stm32f4xx_tim.o(.revsh_text), (4 bytes).
    Removing stm32f4xx_tim.o(.rrx_text), (6 bytes).
    Removing stm32f4xx_tim.o(i.TI1_Config), (58 bytes).
    Removing stm32f4xx_tim.o(i.TI2_Config), (80 bytes).
    Removing stm32f4xx_tim.o(i.TI3_Config), (72 bytes).
    Removing stm32f4xx_tim.o(i.TI4_Config), (80 bytes).
    Removing stm32f4xx_tim.o(i.TIM_ARRPreloadConfig), (24 bytes).
    Removing stm32f4xx_tim.o(i.TIM_BDTRConfig), (32 bytes).
    Removing stm32f4xx_tim.o(i.TIM_BDTRStructInit), (18 bytes).
    Removing stm32f4xx_tim.o(i.TIM_CCPreloadControl), (24 bytes).
    Removing stm32f4xx_tim.o(i.TIM_CCxCmd), (30 bytes).
    Removing stm32f4xx_tim.o(i.TIM_CCxNCmd), (30 bytes).
    Removing stm32f4xx_tim.o(i.TIM_ClearOC1Ref), (18 bytes).
    Removing stm32f4xx_tim.o(i.TIM_ClearOC2Ref), (24 bytes).
    Removing stm32f4xx_tim.o(i.TIM_ClearOC3Ref), (18 bytes).
    Removing stm32f4xx_tim.o(i.TIM_ClearOC4Ref), (24 bytes).
    Removing stm32f4xx_tim.o(i.TIM_CounterModeConfig), (18 bytes).
    Removing stm32f4xx_tim.o(i.TIM_CtrlPWMOutputs), (30 bytes).
    Removing stm32f4xx_tim.o(i.TIM_DMACmd), (18 bytes).
    Removing stm32f4xx_tim.o(i.TIM_DMAConfig), (10 bytes).
    Removing stm32f4xx_tim.o(i.TIM_DeInit), (400 bytes).
    Removing stm32f4xx_tim.o(i.TIM_ETRClockMode1Config), (54 bytes).
    Removing stm32f4xx_tim.o(i.TIM_ETRClockMode2Config), (32 bytes).
    Removing stm32f4xx_tim.o(i.TIM_ETRConfig), (28 bytes).
    Removing stm32f4xx_tim.o(i.TIM_EncoderInterfaceConfig), (66 bytes).
    Removing stm32f4xx_tim.o(i.TIM_ForcedOC1Config), (18 bytes).
    Removing stm32f4xx_tim.o(i.TIM_ForcedOC2Config), (26 bytes).
    Removing stm32f4xx_tim.o(i.TIM_ForcedOC3Config), (18 bytes).
    Removing stm32f4xx_tim.o(i.TIM_ForcedOC4Config), (26 bytes).
    Removing stm32f4xx_tim.o(i.TIM_GenerateEvent), (4 bytes).
    Removing stm32f4xx_tim.o(i.TIM_GetCapture1), (6 bytes).
    Removing stm32f4xx_tim.o(i.TIM_GetCapture2), (6 bytes).
    Removing stm32f4xx_tim.o(i.TIM_GetCapture3), (6 bytes).
    Removing stm32f4xx_tim.o(i.TIM_GetCapture4), (6 bytes).
    Removing stm32f4xx_tim.o(i.TIM_GetCounter), (6 bytes).
    Removing stm32f4xx_tim.o(i.TIM_GetFlagStatus), (18 bytes).
    Removing stm32f4xx_tim.o(i.TIM_GetITStatus), (34 bytes).
    Removing stm32f4xx_tim.o(i.TIM_GetPrescaler), (6 bytes).
    Removing stm32f4xx_tim.o(i.TIM_ICInit), (110 bytes).
    Removing stm32f4xx_tim.o(i.TIM_ICStructInit), (18 bytes).
    Removing stm32f4xx_tim.o(i.TIM_ITRxExternalClockConfig), (24 bytes).
    Removing stm32f4xx_tim.o(i.TIM_InternalClockConfig), (12 bytes).
    Removing stm32f4xx_tim.o(i.TIM_OC1FastConfig), (18 bytes).
    Removing stm32f4xx_tim.o(i.TIM_OC1Init), (124 bytes).
    Removing stm32f4xx_tim.o(i.TIM_OC1NPolarityConfig), (18 bytes).
    Removing stm32f4xx_tim.o(i.TIM_OC1PolarityConfig), (18 bytes).
    Removing stm32f4xx_tim.o(i.TIM_OC1PreloadConfig), (18 bytes).
    Removing stm32f4xx_tim.o(i.TIM_OC2FastConfig), (26 bytes).
    Removing stm32f4xx_tim.o(i.TIM_OC2Init), (164 bytes).
    Removing stm32f4xx_tim.o(i.TIM_OC2NPolarityConfig), (26 bytes).
    Removing stm32f4xx_tim.o(i.TIM_OC2PolarityConfig), (26 bytes).
    Removing stm32f4xx_tim.o(i.TIM_OC2PreloadConfig), (26 bytes).
    Removing stm32f4xx_tim.o(i.TIM_OC3FastConfig), (18 bytes).
    Removing stm32f4xx_tim.o(i.TIM_OC3Init), (160 bytes).
    Removing stm32f4xx_tim.o(i.TIM_OC3NPolarityConfig), (26 bytes).
    Removing stm32f4xx_tim.o(i.TIM_OC3PolarityConfig), (26 bytes).
    Removing stm32f4xx_tim.o(i.TIM_OC3PreloadConfig), (18 bytes).
    Removing stm32f4xx_tim.o(i.TIM_OC4FastConfig), (26 bytes).
    Removing stm32f4xx_tim.o(i.TIM_OC4Init), (120 bytes).
    Removing stm32f4xx_tim.o(i.TIM_OC4PolarityConfig), (26 bytes).
    Removing stm32f4xx_tim.o(i.TIM_OC4PreloadConfig), (26 bytes).
    Removing stm32f4xx_tim.o(i.TIM_OCStructInit), (20 bytes).
    Removing stm32f4xx_tim.o(i.TIM_PWMIConfig), (124 bytes).
    Removing stm32f4xx_tim.o(i.TIM_PrescalerConfig), (6 bytes).
    Removing stm32f4xx_tim.o(i.TIM_RemapConfig), (6 bytes).
    Removing stm32f4xx_tim.o(i.TIM_SelectCCDMA), (24 bytes).
    Removing stm32f4xx_tim.o(i.TIM_SelectCOM), (24 bytes).
    Removing stm32f4xx_tim.o(i.TIM_SelectHallSensor), (24 bytes).
    Removing stm32f4xx_tim.o(i.TIM_SelectInputTrigger), (18 bytes).
    Removing stm32f4xx_tim.o(i.TIM_SelectMasterSlaveMode), (18 bytes).
    Removing stm32f4xx_tim.o(i.TIM_SelectOCxM), (86 bytes).
    Removing stm32f4xx_tim.o(i.TIM_SelectOnePulseMode), (18 bytes).
    Removing stm32f4xx_tim.o(i.TIM_SelectOutputTrigger), (18 bytes).
    Removing stm32f4xx_tim.o(i.TIM_SelectSlaveMode), (18 bytes).
    Removing stm32f4xx_tim.o(i.TIM_SetAutoreload), (4 bytes).
    Removing stm32f4xx_tim.o(i.TIM_SetClockDivision), (18 bytes).
    Removing stm32f4xx_tim.o(i.TIM_SetCompare1), (4 bytes).
    Removing stm32f4xx_tim.o(i.TIM_SetCompare2), (4 bytes).
    Removing stm32f4xx_tim.o(i.TIM_SetCompare3), (4 bytes).
    Removing stm32f4xx_tim.o(i.TIM_SetCompare4), (4 bytes).
    Removing stm32f4xx_tim.o(i.TIM_SetCounter), (4 bytes).
    Removing stm32f4xx_tim.o(i.TIM_SetIC1Prescaler), (18 bytes).
    Removing stm32f4xx_tim.o(i.TIM_SetIC2Prescaler), (26 bytes).
    Removing stm32f4xx_tim.o(i.TIM_SetIC3Prescaler), (18 bytes).
    Removing stm32f4xx_tim.o(i.TIM_SetIC4Prescaler), (26 bytes).
    Removing stm32f4xx_tim.o(i.TIM_TIxExternalClockConfig), (62 bytes).
    Removing stm32f4xx_tim.o(i.TIM_TimeBaseStructInit), (18 bytes).
    Removing stm32f4xx_tim.o(i.TIM_UpdateDisableConfig), (24 bytes).
    Removing stm32f4xx_tim.o(i.TIM_UpdateRequestConfig), (24 bytes).
    Removing stm32f4xx_usart.o(.rev16_text), (4 bytes).
    Removing stm32f4xx_usart.o(.revsh_text), (4 bytes).
    Removing stm32f4xx_usart.o(.rrx_text), (6 bytes).
    Removing stm32f4xx_usart.o(i.USART_ClearFlag), (18 bytes).
    Removing stm32f4xx_usart.o(i.USART_ClearITPendingBit), (30 bytes).
    Removing stm32f4xx_usart.o(i.USART_ClockInit), (32 bytes).
    Removing stm32f4xx_usart.o(i.USART_ClockStructInit), (12 bytes).
    Removing stm32f4xx_usart.o(i.USART_DeInit), (240 bytes).
    Removing stm32f4xx_usart.o(i.USART_GetITStatus), (84 bytes).
    Removing stm32f4xx_usart.o(i.USART_HalfDuplexCmd), (24 bytes).
    Removing stm32f4xx_usart.o(i.USART_ITConfig), (74 bytes).
    Removing stm32f4xx_usart.o(i.USART_IrDACmd), (24 bytes).
    Removing stm32f4xx_usart.o(i.USART_IrDAConfig), (18 bytes).
    Removing stm32f4xx_usart.o(i.USART_LINBreakDetectLengthConfig), (18 bytes).
    Removing stm32f4xx_usart.o(i.USART_LINCmd), (24 bytes).
    Removing stm32f4xx_usart.o(i.USART_OneBitMethodCmd), (24 bytes).
    Removing stm32f4xx_usart.o(i.USART_OverSampling8Cmd), (22 bytes).
    Removing stm32f4xx_usart.o(i.USART_ReceiveData), (10 bytes).
    Removing stm32f4xx_usart.o(i.USART_ReceiverWakeUpCmd), (24 bytes).
    Removing stm32f4xx_usart.o(i.USART_SendBreak), (10 bytes).
    Removing stm32f4xx_usart.o(i.USART_SetAddress), (18 bytes).
    Removing stm32f4xx_usart.o(i.USART_SetGuardTime), (16 bytes).
    Removing stm32f4xx_usart.o(i.USART_SetPrescaler), (16 bytes).
    Removing stm32f4xx_usart.o(i.USART_SmartCardCmd), (24 bytes).
    Removing stm32f4xx_usart.o(i.USART_SmartCardNACKCmd), (24 bytes).
    Removing stm32f4xx_usart.o(i.USART_StructInit), (24 bytes).
    Removing stm32f4xx_usart.o(i.USART_WakeUpConfig), (18 bytes).
    Removing stm32f4xx_wwdg.o(.rev16_text), (4 bytes).
    Removing stm32f4xx_wwdg.o(.revsh_text), (4 bytes).
    Removing stm32f4xx_wwdg.o(.rrx_text), (6 bytes).
    Removing stm32f4xx_wwdg.o(i.WWDG_ClearFlag), (12 bytes).
    Removing stm32f4xx_wwdg.o(i.WWDG_DeInit), (22 bytes).
    Removing stm32f4xx_wwdg.o(i.WWDG_Enable), (16 bytes).
    Removing stm32f4xx_wwdg.o(i.WWDG_EnableIT), (12 bytes).
    Removing stm32f4xx_wwdg.o(i.WWDG_GetFlagStatus), (20 bytes).
    Removing stm32f4xx_wwdg.o(i.WWDG_SetCounter), (16 bytes).
    Removing stm32f4xx_wwdg.o(i.WWDG_SetPrescaler), (24 bytes).
    Removing stm32f4xx_wwdg.o(i.WWDG_SetWindowValue), (40 bytes).
    Removing startup_stm32f427_437xx.o(HEAP), (512 bytes).

847 unused section(s) (total 38218 bytes) removed from the image.

==============================================================================

Image Symbol Table

    Local Symbols

    Symbol Name                              Value     Ov Type        Size  Object(Section)

    ../clib/microlib/errno.c                 0x00000000   Number         0  errno.o ABSOLUTE
    ../clib/microlib/init/entry.s            0x00000000   Number         0  entry8b.o ABSOLUTE
    ../clib/microlib/init/entry.s            0x00000000   Number         0  entry8a.o ABSOLUTE
    ../clib/microlib/init/entry.s            0x00000000   Number         0  entry7b.o ABSOLUTE
    ../clib/microlib/init/entry.s            0x00000000   Number         0  entry.o ABSOLUTE
    ../clib/microlib/init/entry.s            0x00000000   Number         0  entry7a.o ABSOLUTE
    ../clib/microlib/init/entry.s            0x00000000   Number         0  entry5.o ABSOLUTE
    ../clib/microlib/init/entry.s            0x00000000   Number         0  entry2.o ABSOLUTE
    ../clib/microlib/init/entry.s            0x00000000   Number         0  entry11b.o ABSOLUTE
    ../clib/microlib/init/entry.s            0x00000000   Number         0  entry11a.o ABSOLUTE
    ../clib/microlib/init/entry.s            0x00000000   Number         0  entry10b.o ABSOLUTE
    ../clib/microlib/init/entry.s            0x00000000   Number         0  entry10a.o ABSOLUTE
    ../clib/microlib/init/entry.s            0x00000000   Number         0  entry9b.o ABSOLUTE
    ../clib/microlib/init/entry.s            0x00000000   Number         0  entry9a.o ABSOLUTE
    ../clib/microlib/stubs.s                 0x00000000   Number         0  iusefp.o ABSOLUTE
    ../mathlib/acosf.c                       0x00000000   Number         0  acosf.o ABSOLUTE
    ../mathlib/acosf.c                       0x00000000   Number         0  acosf_x.o ABSOLUTE
    ../mathlib/asinf.c                       0x00000000   Number         0  asinf_x.o ABSOLUTE
    ../mathlib/asinf.c                       0x00000000   Number         0  asinf.o ABSOLUTE
    ../mathlib/cosf.c                        0x00000000   Number         0  cosf_x.o ABSOLUTE
    ../mathlib/cosf.c                        0x00000000   Number         0  cosf.o ABSOLUTE
    ../mathlib/fpclassifyf.c                 0x00000000   Number         0  fpclassifyf.o ABSOLUTE
    ../mathlib/funder.c                      0x00000000   Number         0  funder.o ABSOLUTE
    ../mathlib/rredf.c                       0x00000000   Number         0  rredf.o ABSOLUTE
    ../mathlib/sinf.c                        0x00000000   Number         0  sinf.o ABSOLUTE
    ../mathlib/sinf.c                        0x00000000   Number         0  sinf_x.o ABSOLUTE
    ../mathlib/sqrtf.c                       0x00000000   Number         0  sqrtf_x.o ABSOLUTE
    ../mathlib/sqrtf.c                       0x00000000   Number         0  sqrtf.o ABSOLUTE
    ..\..\Libraries\CMSIS\Device\ST\STM32F4xx\Source\Templates\arm\startup_stm32f427_437xx.s 0x00000000   Number         0  startup_stm32f427_437xx.o ABSOLUTE
    ..\..\Libraries\CMSIS\Device\ST\STM32F4xx\Source\Templates\system_stm32f4xx.c 0x00000000   Number         0  system_stm32f4xx.o ABSOLUTE
    ..\..\Libraries\STM32F4xx_StdPeriph_Driver\src\misc.c 0x00000000   Number         0  misc.o ABSOLUTE
    ..\..\Libraries\STM32F4xx_StdPeriph_Driver\src\stm32f4xx_adc.c 0x00000000   Number         0  stm32f4xx_adc.o ABSOLUTE
    ..\..\Libraries\STM32F4xx_StdPeriph_Driver\src\stm32f4xx_can.c 0x00000000   Number         0  stm32f4xx_can.o ABSOLUTE
    ..\..\Libraries\STM32F4xx_StdPeriph_Driver\src\stm32f4xx_cec.c 0x00000000   Number         0  stm32f4xx_cec.o ABSOLUTE
    ..\..\Libraries\STM32F4xx_StdPeriph_Driver\src\stm32f4xx_crc.c 0x00000000   Number         0  stm32f4xx_crc.o ABSOLUTE
    ..\..\Libraries\STM32F4xx_StdPeriph_Driver\src\stm32f4xx_cryp.c 0x00000000   Number         0  stm32f4xx_cryp.o ABSOLUTE
    ..\..\Libraries\STM32F4xx_StdPeriph_Driver\src\stm32f4xx_cryp_aes.c 0x00000000   Number         0  stm32f4xx_cryp_aes.o ABSOLUTE
    ..\..\Libraries\STM32F4xx_StdPeriph_Driver\src\stm32f4xx_cryp_des.c 0x00000000   Number         0  stm32f4xx_cryp_des.o ABSOLUTE
    ..\..\Libraries\STM32F4xx_StdPeriph_Driver\src\stm32f4xx_cryp_tdes.c 0x00000000   Number         0  stm32f4xx_cryp_tdes.o ABSOLUTE
    ..\..\Libraries\STM32F4xx_StdPeriph_Driver\src\stm32f4xx_dac.c 0x00000000   Number         0  stm32f4xx_dac.o ABSOLUTE
    ..\..\Libraries\STM32F4xx_StdPeriph_Driver\src\stm32f4xx_dbgmcu.c 0x00000000   Number         0  stm32f4xx_dbgmcu.o ABSOLUTE
    ..\..\Libraries\STM32F4xx_StdPeriph_Driver\src\stm32f4xx_dcmi.c 0x00000000   Number         0  stm32f4xx_dcmi.o ABSOLUTE
    ..\..\Libraries\STM32F4xx_StdPeriph_Driver\src\stm32f4xx_dfsdm.c 0x00000000   Number         0  stm32f4xx_dfsdm.o ABSOLUTE
    ..\..\Libraries\STM32F4xx_StdPeriph_Driver\src\stm32f4xx_dma.c 0x00000000   Number         0  stm32f4xx_dma.o ABSOLUTE
    ..\..\Libraries\STM32F4xx_StdPeriph_Driver\src\stm32f4xx_dma2d.c 0x00000000   Number         0  stm32f4xx_dma2d.o ABSOLUTE
    ..\..\Libraries\STM32F4xx_StdPeriph_Driver\src\stm32f4xx_dsi.c 0x00000000   Number         0  stm32f4xx_dsi.o ABSOLUTE
    ..\..\Libraries\STM32F4xx_StdPeriph_Driver\src\stm32f4xx_exti.c 0x00000000   Number         0  stm32f4xx_exti.o ABSOLUTE
    ..\..\Libraries\STM32F4xx_StdPeriph_Driver\src\stm32f4xx_flash.c 0x00000000   Number         0  stm32f4xx_flash.o ABSOLUTE
    ..\..\Libraries\STM32F4xx_StdPeriph_Driver\src\stm32f4xx_flash_ramfunc.c 0x00000000   Number         0  stm32f4xx_flash_ramfunc.o ABSOLUTE
    ..\..\Libraries\STM32F4xx_StdPeriph_Driver\src\stm32f4xx_fmc.c 0x00000000   Number         0  stm32f4xx_fmc.o ABSOLUTE
    ..\..\Libraries\STM32F4xx_StdPeriph_Driver\src\stm32f4xx_fmpi2c.c 0x00000000   Number         0  stm32f4xx_fmpi2c.o ABSOLUTE
    ..\..\Libraries\STM32F4xx_StdPeriph_Driver\src\stm32f4xx_gpio.c 0x00000000   Number         0  stm32f4xx_gpio.o ABSOLUTE
    ..\..\Libraries\STM32F4xx_StdPeriph_Driver\src\stm32f4xx_hash.c 0x00000000   Number         0  stm32f4xx_hash.o ABSOLUTE
    ..\..\Libraries\STM32F4xx_StdPeriph_Driver\src\stm32f4xx_hash_md5.c 0x00000000   Number         0  stm32f4xx_hash_md5.o ABSOLUTE
    ..\..\Libraries\STM32F4xx_StdPeriph_Driver\src\stm32f4xx_hash_sha1.c 0x00000000   Number         0  stm32f4xx_hash_sha1.o ABSOLUTE
    ..\..\Libraries\STM32F4xx_StdPeriph_Driver\src\stm32f4xx_i2c.c 0x00000000   Number         0  stm32f4xx_i2c.o ABSOLUTE
    ..\..\Libraries\STM32F4xx_StdPeriph_Driver\src\stm32f4xx_iwdg.c 0x00000000   Number         0  stm32f4xx_iwdg.o ABSOLUTE
    ..\..\Libraries\STM32F4xx_StdPeriph_Driver\src\stm32f4xx_lptim.c 0x00000000   Number         0  stm32f4xx_lptim.o ABSOLUTE
    ..\..\Libraries\STM32F4xx_StdPeriph_Driver\src\stm32f4xx_ltdc.c 0x00000000   Number         0  stm32f4xx_ltdc.o ABSOLUTE
    ..\..\Libraries\STM32F4xx_StdPeriph_Driver\src\stm32f4xx_pwr.c 0x00000000   Number         0  stm32f4xx_pwr.o ABSOLUTE
    ..\..\Libraries\STM32F4xx_StdPeriph_Driver\src\stm32f4xx_qspi.c 0x00000000   Number         0  stm32f4xx_qspi.o ABSOLUTE
    ..\..\Libraries\STM32F4xx_StdPeriph_Driver\src\stm32f4xx_rcc.c 0x00000000   Number         0  stm32f4xx_rcc.o ABSOLUTE
    ..\..\Libraries\STM32F4xx_StdPeriph_Driver\src\stm32f4xx_rng.c 0x00000000   Number         0  stm32f4xx_rng.o ABSOLUTE
    ..\..\Libraries\STM32F4xx_StdPeriph_Driver\src\stm32f4xx_rtc.c 0x00000000   Number         0  stm32f4xx_rtc.o ABSOLUTE
    ..\..\Libraries\STM32F4xx_StdPeriph_Driver\src\stm32f4xx_sai.c 0x00000000   Number         0  stm32f4xx_sai.o ABSOLUTE
    ..\..\Libraries\STM32F4xx_StdPeriph_Driver\src\stm32f4xx_sdio.c 0x00000000   Number         0  stm32f4xx_sdio.o ABSOLUTE
    ..\..\Libraries\STM32F4xx_StdPeriph_Driver\src\stm32f4xx_spdifrx.c 0x00000000   Number         0  stm32f4xx_spdifrx.o ABSOLUTE
    ..\..\Libraries\STM32F4xx_StdPeriph_Driver\src\stm32f4xx_spi.c 0x00000000   Number         0  stm32f4xx_spi.o ABSOLUTE
    ..\..\Libraries\STM32F4xx_StdPeriph_Driver\src\stm32f4xx_syscfg.c 0x00000000   Number         0  stm32f4xx_syscfg.o ABSOLUTE
    ..\..\Libraries\STM32F4xx_StdPeriph_Driver\src\stm32f4xx_tim.c 0x00000000   Number         0  stm32f4xx_tim.o ABSOLUTE
    ..\..\Libraries\STM32F4xx_StdPeriph_Driver\src\stm32f4xx_usart.c 0x00000000   Number         0  stm32f4xx_usart.o ABSOLUTE
    ..\..\Libraries\STM32F4xx_StdPeriph_Driver\src\stm32f4xx_wwdg.c 0x00000000   Number         0  stm32f4xx_wwdg.o ABSOLUTE
    ..\..\User\APP\GO-M8010-6\GO_M8010_6.c   0x00000000   Number         0  go_m8010_6.o ABSOLUTE
    ..\..\User\APP\motor_control\motor_control.c 0x00000000   Number         0  motor_control.o ABSOLUTE
    ..\..\User\APP\pid\pid.c                 0x00000000   Number         0  pid.o ABSOLUTE
    ..\..\User\APP\remote\remote.c           0x00000000   Number         0  remote.o ABSOLUTE
    ..\..\User\BSP\bsp_clkconfig\bsp_clkconfig.c 0x00000000   Number         0  bsp_clkconfig.o ABSOLUTE
    ..\..\User\BSP\bsp_debug_usart\bsp_debug_usart.c 0x00000000   Number         0  bsp_debug_usart.o ABSOLUTE
    ..\..\User\BSP\bsp_general_tim\bsp_general_tim.c 0x00000000   Number         0  bsp_general_tim.o ABSOLUTE
    ..\..\User\BSP\bsp_usart_dma\bsp_usart_dma.c 0x00000000   Number         0  bsp_usart_dma.o ABSOLUTE
    ..\..\User\main.c                        0x00000000   Number         0  main.o ABSOLUTE
    ..\..\User\stm32f4xx_it.c                0x00000000   Number         0  stm32f4xx_it.o ABSOLUTE
    ..\\..\\Libraries\\CMSIS\\Device\\ST\\STM32F4xx\\Source\\Templates\\system_stm32f4xx.c 0x00000000   Number         0  system_stm32f4xx.o ABSOLUTE
    ..\\..\\Libraries\\STM32F4xx_StdPeriph_Driver\\src\\misc.c 0x00000000   Number         0  misc.o ABSOLUTE
    ..\\..\\Libraries\\STM32F4xx_StdPeriph_Driver\\src\\stm32f4xx_adc.c 0x00000000   Number         0  stm32f4xx_adc.o ABSOLUTE
    ..\\..\\Libraries\\STM32F4xx_StdPeriph_Driver\\src\\stm32f4xx_can.c 0x00000000   Number         0  stm32f4xx_can.o ABSOLUTE
    ..\\..\\Libraries\\STM32F4xx_StdPeriph_Driver\\src\\stm32f4xx_cec.c 0x00000000   Number         0  stm32f4xx_cec.o ABSOLUTE
    ..\\..\\Libraries\\STM32F4xx_StdPeriph_Driver\\src\\stm32f4xx_crc.c 0x00000000   Number         0  stm32f4xx_crc.o ABSOLUTE
    ..\\..\\Libraries\\STM32F4xx_StdPeriph_Driver\\src\\stm32f4xx_cryp.c 0x00000000   Number         0  stm32f4xx_cryp.o ABSOLUTE
    ..\\..\\Libraries\\STM32F4xx_StdPeriph_Driver\\src\\stm32f4xx_cryp_aes.c 0x00000000   Number         0  stm32f4xx_cryp_aes.o ABSOLUTE
    ..\\..\\Libraries\\STM32F4xx_StdPeriph_Driver\\src\\stm32f4xx_cryp_des.c 0x00000000   Number         0  stm32f4xx_cryp_des.o ABSOLUTE
    ..\\..\\Libraries\\STM32F4xx_StdPeriph_Driver\\src\\stm32f4xx_cryp_tdes.c 0x00000000   Number         0  stm32f4xx_cryp_tdes.o ABSOLUTE
    ..\\..\\Libraries\\STM32F4xx_StdPeriph_Driver\\src\\stm32f4xx_dac.c 0x00000000   Number         0  stm32f4xx_dac.o ABSOLUTE
    ..\\..\\Libraries\\STM32F4xx_StdPeriph_Driver\\src\\stm32f4xx_dbgmcu.c 0x00000000   Number         0  stm32f4xx_dbgmcu.o ABSOLUTE
    ..\\..\\Libraries\\STM32F4xx_StdPeriph_Driver\\src\\stm32f4xx_dcmi.c 0x00000000   Number         0  stm32f4xx_dcmi.o ABSOLUTE
    ..\\..\\Libraries\\STM32F4xx_StdPeriph_Driver\\src\\stm32f4xx_dfsdm.c 0x00000000   Number         0  stm32f4xx_dfsdm.o ABSOLUTE
    ..\\..\\Libraries\\STM32F4xx_StdPeriph_Driver\\src\\stm32f4xx_dma.c 0x00000000   Number         0  stm32f4xx_dma.o ABSOLUTE
    ..\\..\\Libraries\\STM32F4xx_StdPeriph_Driver\\src\\stm32f4xx_dma2d.c 0x00000000   Number         0  stm32f4xx_dma2d.o ABSOLUTE
    ..\\..\\Libraries\\STM32F4xx_StdPeriph_Driver\\src\\stm32f4xx_dsi.c 0x00000000   Number         0  stm32f4xx_dsi.o ABSOLUTE
    ..\\..\\Libraries\\STM32F4xx_StdPeriph_Driver\\src\\stm32f4xx_exti.c 0x00000000   Number         0  stm32f4xx_exti.o ABSOLUTE
    ..\\..\\Libraries\\STM32F4xx_StdPeriph_Driver\\src\\stm32f4xx_flash.c 0x00000000   Number         0  stm32f4xx_flash.o ABSOLUTE
    ..\\..\\Libraries\\STM32F4xx_StdPeriph_Driver\\src\\stm32f4xx_flash_ramfunc.c 0x00000000   Number         0  stm32f4xx_flash_ramfunc.o ABSOLUTE
    ..\\..\\Libraries\\STM32F4xx_StdPeriph_Driver\\src\\stm32f4xx_fmc.c 0x00000000   Number         0  stm32f4xx_fmc.o ABSOLUTE
    ..\\..\\Libraries\\STM32F4xx_StdPeriph_Driver\\src\\stm32f4xx_fmpi2c.c 0x00000000   Number         0  stm32f4xx_fmpi2c.o ABSOLUTE
    ..\\..\\Libraries\\STM32F4xx_StdPeriph_Driver\\src\\stm32f4xx_gpio.c 0x00000000   Number         0  stm32f4xx_gpio.o ABSOLUTE
    ..\\..\\Libraries\\STM32F4xx_StdPeriph_Driver\\src\\stm32f4xx_hash.c 0x00000000   Number         0  stm32f4xx_hash.o ABSOLUTE
    ..\\..\\Libraries\\STM32F4xx_StdPeriph_Driver\\src\\stm32f4xx_hash_md5.c 0x00000000   Number         0  stm32f4xx_hash_md5.o ABSOLUTE
    ..\\..\\Libraries\\STM32F4xx_StdPeriph_Driver\\src\\stm32f4xx_hash_sha1.c 0x00000000   Number         0  stm32f4xx_hash_sha1.o ABSOLUTE
    ..\\..\\Libraries\\STM32F4xx_StdPeriph_Driver\\src\\stm32f4xx_i2c.c 0x00000000   Number         0  stm32f4xx_i2c.o ABSOLUTE
    ..\\..\\Libraries\\STM32F4xx_StdPeriph_Driver\\src\\stm32f4xx_iwdg.c 0x00000000   Number         0  stm32f4xx_iwdg.o ABSOLUTE
    ..\\..\\Libraries\\STM32F4xx_StdPeriph_Driver\\src\\stm32f4xx_lptim.c 0x00000000   Number         0  stm32f4xx_lptim.o ABSOLUTE
    ..\\..\\Libraries\\STM32F4xx_StdPeriph_Driver\\src\\stm32f4xx_ltdc.c 0x00000000   Number         0  stm32f4xx_ltdc.o ABSOLUTE
    ..\\..\\Libraries\\STM32F4xx_StdPeriph_Driver\\src\\stm32f4xx_pwr.c 0x00000000   Number         0  stm32f4xx_pwr.o ABSOLUTE
    ..\\..\\Libraries\\STM32F4xx_StdPeriph_Driver\\src\\stm32f4xx_qspi.c 0x00000000   Number         0  stm32f4xx_qspi.o ABSOLUTE
    ..\\..\\Libraries\\STM32F4xx_StdPeriph_Driver\\src\\stm32f4xx_rcc.c 0x00000000   Number         0  stm32f4xx_rcc.o ABSOLUTE
    ..\\..\\Libraries\\STM32F4xx_StdPeriph_Driver\\src\\stm32f4xx_rng.c 0x00000000   Number         0  stm32f4xx_rng.o ABSOLUTE
    ..\\..\\Libraries\\STM32F4xx_StdPeriph_Driver\\src\\stm32f4xx_rtc.c 0x00000000   Number         0  stm32f4xx_rtc.o ABSOLUTE
    ..\\..\\Libraries\\STM32F4xx_StdPeriph_Driver\\src\\stm32f4xx_sai.c 0x00000000   Number         0  stm32f4xx_sai.o ABSOLUTE
    ..\\..\\Libraries\\STM32F4xx_StdPeriph_Driver\\src\\stm32f4xx_sdio.c 0x00000000   Number         0  stm32f4xx_sdio.o ABSOLUTE
    ..\\..\\Libraries\\STM32F4xx_StdPeriph_Driver\\src\\stm32f4xx_spdifrx.c 0x00000000   Number         0  stm32f4xx_spdifrx.o ABSOLUTE
    ..\\..\\Libraries\\STM32F4xx_StdPeriph_Driver\\src\\stm32f4xx_spi.c 0x00000000   Number         0  stm32f4xx_spi.o ABSOLUTE
    ..\\..\\Libraries\\STM32F4xx_StdPeriph_Driver\\src\\stm32f4xx_syscfg.c 0x00000000   Number         0  stm32f4xx_syscfg.o ABSOLUTE
    ..\\..\\Libraries\\STM32F4xx_StdPeriph_Driver\\src\\stm32f4xx_tim.c 0x00000000   Number         0  stm32f4xx_tim.o ABSOLUTE
    ..\\..\\Libraries\\STM32F4xx_StdPeriph_Driver\\src\\stm32f4xx_usart.c 0x00000000   Number         0  stm32f4xx_usart.o ABSOLUTE
    ..\\..\\Libraries\\STM32F4xx_StdPeriph_Driver\\src\\stm32f4xx_wwdg.c 0x00000000   Number         0  stm32f4xx_wwdg.o ABSOLUTE
    ..\\..\\User\\APP\\motor_control\\motor_control.c 0x00000000   Number         0  motor_control.o ABSOLUTE
    ..\\..\\User\\APP\\remote\\remote.c      0x00000000   Number         0  remote.o ABSOLUTE
    ..\\..\\User\\BSP\\bsp_clkconfig\\bsp_clkconfig.c 0x00000000   Number         0  bsp_clkconfig.o ABSOLUTE
    ..\\..\\User\\BSP\\bsp_debug_usart\\bsp_debug_usart.c 0x00000000   Number         0  bsp_debug_usart.o ABSOLUTE
    ..\\..\\User\\BSP\\bsp_general_tim\\bsp_general_tim.c 0x00000000   Number         0  bsp_general_tim.o ABSOLUTE
    ..\\..\\User\\BSP\\bsp_usart_dma\\bsp_usart_dma.c 0x00000000   Number         0  bsp_usart_dma.o ABSOLUTE
    ..\\..\\User\\main.c                     0x00000000   Number         0  main.o ABSOLUTE
    ..\\..\\User\\stm32f4xx_it.c             0x00000000   Number         0  stm32f4xx_it.o ABSOLUTE
    dc.s                                     0x00000000   Number         0  dc.o ABSOLUTE
    handlers.s                               0x00000000   Number         0  handlers.o ABSOLUTE
    init.s                                   0x00000000   Number         0  init.o ABSOLUTE
    RESET                                    0x08000000   Section      428  startup_stm32f427_437xx.o(RESET)
    .ARM.Collect$$$$00000000                 0x080001ac   Section        0  entry.o(.ARM.Collect$$$$00000000)
    .ARM.Collect$$$$00000001                 0x080001ac   Section        4  entry2.o(.ARM.Collect$$$$00000001)
    .ARM.Collect$$$$00000004                 0x080001b0   Section        4  entry5.o(.ARM.Collect$$$$00000004)
    .ARM.Collect$$$$00000008                 0x080001b4   Section        0  entry7b.o(.ARM.Collect$$$$00000008)
    .ARM.Collect$$$$0000000A                 0x080001b4   Section        0  entry8b.o(.ARM.Collect$$$$0000000A)
    .ARM.Collect$$$$0000000B                 0x080001b4   Section        8  entry9a.o(.ARM.Collect$$$$0000000B)
    .ARM.Collect$$$$0000000D                 0x080001bc   Section        0  entry10a.o(.ARM.Collect$$$$0000000D)
    .ARM.Collect$$$$0000000F                 0x080001bc   Section        0  entry11a.o(.ARM.Collect$$$$0000000F)
    .ARM.Collect$$$$00002712                 0x080001bc   Section        4  entry2.o(.ARM.Collect$$$$00002712)
    __lit__00000000                          0x080001bc   Data           4  entry2.o(.ARM.Collect$$$$00002712)
    .text                                    0x080001c0   Section       36  startup_stm32f427_437xx.o(.text)
    $v0                                      0x080001c0   Number         0  startup_stm32f427_437xx.o(.text)
    .text                                    0x080001e4   Section        0  iusefp.o(.text)
    .text                                    0x080001e4   Section       36  init.o(.text)
    i.BusFault_Handler                       0x08000208   Section        0  stm32f4xx_it.o(i.BusFault_Handler)
    i.DMA2_Stream1_IRQHandler                0x0800020c   Section        0  stm32f4xx_it.o(i.DMA2_Stream1_IRQHandler)
    i.DMA2_Stream2_IRQHandler                0x08000284   Section        0  stm32f4xx_it.o(i.DMA2_Stream2_IRQHandler)
    i.DMA_ClearITPendingBit                  0x080002a4   Section        0  stm32f4xx_dma.o(i.DMA_ClearITPendingBit)
    i.DMA_Cmd                                0x080002d8   Section        0  stm32f4xx_dma.o(i.DMA_Cmd)
    i.DMA_DeInit                             0x080002f0   Section        0  stm32f4xx_dma.o(i.DMA_DeInit)
    i.DMA_GetCmdStatus                       0x08000448   Section        0  stm32f4xx_dma.o(i.DMA_GetCmdStatus)
    i.DMA_ITConfig                           0x0800045c   Section        0  stm32f4xx_dma.o(i.DMA_ITConfig)
    i.DMA_Init                               0x08000498   Section        0  stm32f4xx_dma.o(i.DMA_Init)
    i.DebugMon_Handler                       0x080004f0   Section        0  stm32f4xx_it.o(i.DebugMon_Handler)
    i.GPIO_Init                              0x080004f2   Section        0  stm32f4xx_gpio.o(i.GPIO_Init)
    i.GPIO_PinAFConfig                       0x08000582   Section        0  stm32f4xx_gpio.o(i.GPIO_PinAFConfig)
    i.Get_Cycloid                            0x080005c8   Section        0  motor_control.o(i.Get_Cycloid)
    Get_Cycloid                              0x080005c9   Thumb Code    68  motor_control.o(i.Get_Cycloid)
    i.Get_Height_Sine                        0x08000614   Section        0  motor_control.o(i.Get_Height_Sine)
    Get_Height_Sine                          0x08000615   Thumb Code    60  motor_control.o(i.Get_Height_Sine)
    i.HOST_USART_Config                      0x08000654   Section        0  bsp_debug_usart.o(i.HOST_USART_Config)
    i.HSE_SetSysClock                        0x080006ec   Section        0  bsp_clkconfig.o(i.HSE_SetSysClock)
    i.Handle_Jump                            0x0800078c   Section        0  motor_control.o(i.Handle_Jump)
    Handle_Jump                              0x0800078d   Thumb Code   434  motor_control.o(i.Handle_Jump)
    i.Handle_Locomotion                      0x080009a0   Section        0  motor_control.o(i.Handle_Locomotion)
    Handle_Locomotion                        0x080009a1   Thumb Code   494  motor_control.o(i.Handle_Locomotion)
    i.Handle_SpotTurn                        0x08000ba0   Section        0  motor_control.o(i.Handle_SpotTurn)
    Handle_SpotTurn                          0x08000ba1   Thumb Code   364  motor_control.o(i.Handle_SpotTurn)
    i.Handle_System                          0x08000d1c   Section        0  motor_control.o(i.Handle_System)
    Handle_System                            0x08000d1d   Thumb Code   206  motor_control.o(i.Handle_System)
    i.HardFault_Handler                      0x08000e10   Section        0  stm32f4xx_it.o(i.HardFault_Handler)
    i.MOTOR_CONTROL1_USART_Config            0x08000e14   Section        0  bsp_debug_usart.o(i.MOTOR_CONTROL1_USART_Config)
    i.MemManage_Handler                      0x08000eb0   Section        0  stm32f4xx_it.o(i.MemManage_Handler)
    i.Motor_DMA_NVIC_Configuration           0x08000eb4   Section        0  bsp_usart_dma.o(i.Motor_DMA_NVIC_Configuration)
    i.Motor_Mode_Init                        0x08000eec   Section        0  motor_control.o(i.Motor_Mode_Init)
    i.Motor_data_update_all                  0x08000fa0   Section        0  motor_control.o(i.Motor_data_update_all)
    i.Motor_date_send_sequential             0x08000fc8   Section        0  motor_control.o(i.Motor_date_send_sequential)
    i.Motor_pid_compute_all                  0x08001024   Section        0  motor_control.o(i.Motor_pid_compute_all)
    i.NMI_Handler                            0x0800113c   Section        0  stm32f4xx_it.o(i.NMI_Handler)
    i.NVIC_Init                              0x08001140   Section        0  misc.o(i.NVIC_Init)
    i.NVIC_PriorityGroupConfig               0x080011b8   Section        0  misc.o(i.NVIC_PriorityGroupConfig)
    i.PID_Init                               0x080011cc   Section        0  motor_control.o(i.PID_Init)
    i.PID_calc                               0x08001234   Section        0  pid.o(i.PID_calc)
    i.PID_init                               0x08001424   Section        0  pid.o(i.PID_init)
    i.PendSV_Handler                         0x08001484   Section        0  stm32f4xx_it.o(i.PendSV_Handler)
    i.RCC_AHB1PeriphClockCmd                 0x08001488   Section        0  stm32f4xx_rcc.o(i.RCC_AHB1PeriphClockCmd)
    i.RCC_APB1PeriphClockCmd                 0x080014a8   Section        0  stm32f4xx_rcc.o(i.RCC_APB1PeriphClockCmd)
    i.RCC_APB2PeriphClockCmd                 0x080014c8   Section        0  stm32f4xx_rcc.o(i.RCC_APB2PeriphClockCmd)
    i.RCC_GetClocksFreq                      0x080014e8   Section        0  stm32f4xx_rcc.o(i.RCC_GetClocksFreq)
    i.RCC_GetFlagStatus                      0x080015d0   Section        0  stm32f4xx_rcc.o(i.RCC_GetFlagStatus)
    i.RCC_GetSYSCLKSource                    0x08001610   Section        0  stm32f4xx_rcc.o(i.RCC_GetSYSCLKSource)
    i.RCC_HCLKConfig                         0x08001620   Section        0  stm32f4xx_rcc.o(i.RCC_HCLKConfig)
    i.RCC_HSEConfig                          0x08001638   Section        0  stm32f4xx_rcc.o(i.RCC_HSEConfig)
    i.RCC_PCLK1Config                        0x08001648   Section        0  stm32f4xx_rcc.o(i.RCC_PCLK1Config)
    i.RCC_PCLK2Config                        0x08001660   Section        0  stm32f4xx_rcc.o(i.RCC_PCLK2Config)
    i.RCC_PLLCmd                             0x08001678   Section        0  stm32f4xx_rcc.o(i.RCC_PLLCmd)
    i.RCC_PLLConfig                          0x08001684   Section        0  stm32f4xx_rcc.o(i.RCC_PLLConfig)
    i.RCC_SYSCLKConfig                       0x080016a8   Section        0  stm32f4xx_rcc.o(i.RCC_SYSCLKConfig)
    i.RCC_WaitForHSEStartUp                  0x080016c0   Section        0  stm32f4xx_rcc.o(i.RCC_WaitForHSEStartUp)
    i.RC_DMA_NVIC_Configuration              0x080016f8   Section        0  bsp_usart_dma.o(i.RC_DMA_NVIC_Configuration)
    i.RC_USART1_Config                       0x08001730   Section        0  bsp_debug_usart.o(i.RC_USART1_Config)
    i.SVC_Handler                            0x080017d0   Section        0  stm32f4xx_it.o(i.SVC_Handler)
    i.SetSysClock                            0x080017d4   Section        0  system_stm32f4xx.o(i.SetSysClock)
    SetSysClock                              0x080017d5   Thumb Code   272  system_stm32f4xx.o(i.SetSysClock)
    i.SysTick_Handler                        0x080018f4   Section        0  stm32f4xx_it.o(i.SysTick_Handler)
    i.SystemInit                             0x080018f8   Section        0  system_stm32f4xx.o(i.SystemInit)
    i.TIM2_IRQHandler                        0x08001960   Section        0  stm32f4xx_it.o(i.TIM2_IRQHandler)
    i.TIM_ClearFlag                          0x08001a10   Section        0  stm32f4xx_tim.o(i.TIM_ClearFlag)
    i.TIM_ClearITPendingBit                  0x08001a16   Section        0  stm32f4xx_tim.o(i.TIM_ClearITPendingBit)
    i.TIM_Cmd                                0x08001a1c   Section        0  stm32f4xx_tim.o(i.TIM_Cmd)
    i.TIM_ITConfig                           0x08001a34   Section        0  stm32f4xx_tim.o(i.TIM_ITConfig)
    i.TIM_Mode_Config                        0x08001a46   Section        0  bsp_general_tim.o(i.TIM_Mode_Config)
    TIM_Mode_Config                          0x08001a47   Thumb Code    70  bsp_general_tim.o(i.TIM_Mode_Config)
    i.TIM_TimeBaseInit                       0x08001a8c   Section        0  stm32f4xx_tim.o(i.TIM_TimeBaseInit)
    i.TIMx_Configuration                     0x08001b10   Section        0  bsp_general_tim.o(i.TIMx_Configuration)
    i.TIMx_NVIC_Configuration                0x08001b1c   Section        0  bsp_general_tim.o(i.TIMx_NVIC_Configuration)
    TIMx_NVIC_Configuration                  0x08001b1d   Thumb Code    40  bsp_general_tim.o(i.TIMx_NVIC_Configuration)
    i.USART1_DMA_Config                      0x08001b44   Section        0  bsp_usart_dma.o(i.USART1_DMA_Config)
    i.USART6_DMA_Config                      0x08001bcc   Section        0  bsp_usart_dma.o(i.USART6_DMA_Config)
    i.USART_Cmd                              0x08001c58   Section        0  stm32f4xx_usart.o(i.USART_Cmd)
    i.USART_DMACmd                           0x08001c70   Section        0  stm32f4xx_usart.o(i.USART_DMACmd)
    i.USART_GetFlagStatus                    0x08001c82   Section        0  stm32f4xx_usart.o(i.USART_GetFlagStatus)
    i.USART_Init                             0x08001c9c   Section        0  stm32f4xx_usart.o(i.USART_Init)
    i.USART_SendData                         0x08001d70   Section        0  stm32f4xx_usart.o(i.USART_SendData)
    i.Update_Gait_Params                     0x08001d78   Section        0  motor_control.o(i.Update_Gait_Params)
    Update_Gait_Params                       0x08001d79   Thumb Code   188  motor_control.o(i.Update_Gait_Params)
    i.UsageFault_Handler                     0x08001e64   Section        0  stm32f4xx_it.o(i.UsageFault_Handler)
    i.Usart_SendByte                         0x08001e68   Section        0  bsp_debug_usart.o(i.Usart_SendByte)
    Usart_SendByte                           0x08001e69   Thumb Code    30  bsp_debug_usart.o(i.Usart_SendByte)
    i.Usart_SendStr_length                   0x08001e86   Section        0  bsp_debug_usart.o(i.Usart_SendStr_length)
    i.__ARM_fpclassifyf                      0x08001ea6   Section        0  fpclassifyf.o(i.__ARM_fpclassifyf)
    i.__hardfp_acosf                         0x08001ecc   Section        0  acosf.o(i.__hardfp_acosf)
    i.__hardfp_asinf                         0x08001fe4   Section        0  asinf.o(i.__hardfp_asinf)
    i.__hardfp_cosf                          0x08002110   Section        0  cosf.o(i.__hardfp_cosf)
    i.__hardfp_sinf                          0x08002260   Section        0  sinf.o(i.__hardfp_sinf)
    i.__hardfp_sqrtf                         0x080023f0   Section        0  sqrtf.o(i.__hardfp_sqrtf)
    i.__mathlib_flt_infnan                   0x0800242a   Section        0  funder.o(i.__mathlib_flt_infnan)
    i.__mathlib_flt_invalid                  0x08002430   Section        0  funder.o(i.__mathlib_flt_invalid)
    i.__mathlib_flt_underflow                0x08002440   Section        0  funder.o(i.__mathlib_flt_underflow)
    i.__mathlib_rredf2                       0x08002450   Section        0  rredf.o(i.__mathlib_rredf2)
    i.__scatterload_copy                     0x080025a4   Section       14  handlers.o(i.__scatterload_copy)
    i.__scatterload_null                     0x080025b2   Section        2  handlers.o(i.__scatterload_null)
    i.__scatterload_zeroinit                 0x080025b4   Section       14  handlers.o(i.__scatterload_zeroinit)
    i.__set_errno                            0x080025c4   Section        0  errno.o(i.__set_errno)
    i.counter_motion                         0x080025d0   Section        0  motor_control.o(i.counter_motion)
    i.crc_ccitt                              0x08002708   Section        0  go_m8010_6.o(i.crc_ccitt)
    crc_ccitt                                0x08002709   Thumb Code    40  go_m8010_6.o(i.crc_ccitt)
    i.crc_ccitt_byte                         0x08002730   Section        0  go_m8010_6.o(i.crc_ccitt_byte)
    crc_ccitt_byte                           0x08002731   Thumb Code    20  go_m8010_6.o(i.crc_ccitt_byte)
    i.extract_data                           0x08002748   Section        0  go_m8010_6.o(i.extract_data)
    i.foot_track                             0x08002810   Section        0  motor_control.o(i.foot_track)
    i.main                                   0x08002960   Section        0  main.o(i.main)
    i.modify_data                            0x08002b30   Section        0  go_m8010_6.o(i.modify_data)
    i.rc_rc_date                             0x08002d28   Section        0  remote.o(i.rc_rc_date)
    i.sqrtf                                  0x08002e5c   Section        0  sqrtf.o(i.sqrtf)
    .constdata                               0x08002e9a   Section      512  go_m8010_6.o(.constdata)
    .constdata                               0x0800309c   Section       88  motor_control.o(.constdata)
    .constdata                               0x080030f4   Section       32  rredf.o(.constdata)
    twooverpi                                0x080030f4   Data          32  rredf.o(.constdata)
    .data                                    0x20000000   Section       60  main.o(.data)
    .data                                    0x2000003c   Section        8  stm32f4xx_it.o(.data)
    .data                                    0x20000044   Section       40  motor_control.o(.data)
    .data                                    0x2000006c   Section       16  stm32f4xx_rcc.o(.data)
    APBAHBPrescTable                         0x2000006c   Data          16  stm32f4xx_rcc.o(.data)
    .data                                    0x2000007c   Section        4  errno.o(.data)
    _errno                                   0x2000007c   Data           4  errno.o(.data)
    .bss                                     0x20000080   Section       64  main.o(.bss)
    .bss                                     0x200000c0   Section     2460  motor_control.o(.bss)
    g_gait                                   0x20000a40   Data          28  motor_control.o(.bss)
    .bss                                     0x20000a5c   Section       10  remote.o(.bss)
    .bss                                     0x20000a66   Section       18  bsp_usart_dma.o(.bss)
    STACK                                    0x20000a78   Section     1024  startup_stm32f427_437xx.o(STACK)

    Global Symbols

    Symbol Name                              Value     Ov Type        Size  Object(Section)

    BuildAttributes$$THM_ISAv4$E$P$D$K$B$S$7EM$VFPi3$EXTD16$VFPS$VFMA$PE$A:L22UL41UL21$X:L11$S22US41US21$IEEE1$IW$USESV6$~STKCKD$USESV7$~SHL$OTIME$ROPI$IEEEX$EBA8$MICROLIB$REQ8$PRES8$EABIv2 0x00000000   Number         0  anon$$obj.o ABSOLUTE
    __ARM_use_no_argv                        0x00000000   Number         0  main.o ABSOLUTE
    __cpp_initialize__aeabi_                  - Undefined Weak Reference
    __cxa_finalize                            - Undefined Weak Reference
    __decompress                              - Undefined Weak Reference
    _clock_init                               - Undefined Weak Reference
    _microlib_exit                            - Undefined Weak Reference
    __Vectors_Size                           0x000001ac   Number         0  startup_stm32f427_437xx.o ABSOLUTE
    __Vectors                                0x08000000   Data           4  startup_stm32f427_437xx.o(RESET)
    __Vectors_End                            0x080001ac   Data           0  startup_stm32f427_437xx.o(RESET)
    __main                                   0x080001ad   Thumb Code     0  entry.o(.ARM.Collect$$$$00000000)
    _main_stk                                0x080001ad   Thumb Code     0  entry2.o(.ARM.Collect$$$$00000001)
    _main_scatterload                        0x080001b1   Thumb Code     0  entry5.o(.ARM.Collect$$$$00000004)
    __main_after_scatterload                 0x080001b5   Thumb Code     0  entry5.o(.ARM.Collect$$$$00000004)
    _main_clock                              0x080001b5   Thumb Code     0  entry7b.o(.ARM.Collect$$$$00000008)
    _main_cpp_init                           0x080001b5   Thumb Code     0  entry8b.o(.ARM.Collect$$$$0000000A)
    _main_init                               0x080001b5   Thumb Code     0  entry9a.o(.ARM.Collect$$$$0000000B)
    __rt_final_cpp                           0x080001bd   Thumb Code     0  entry10a.o(.ARM.Collect$$$$0000000D)
    __rt_final_exit                          0x080001bd   Thumb Code     0  entry11a.o(.ARM.Collect$$$$0000000F)
    Reset_Handler                            0x080001c1   Thumb Code     8  startup_stm32f427_437xx.o(.text)
    ADC_IRQHandler                           0x080001db   Thumb Code     0  startup_stm32f427_437xx.o(.text)
    CAN1_RX0_IRQHandler                      0x080001db   Thumb Code     0  startup_stm32f427_437xx.o(.text)
    CAN1_RX1_IRQHandler                      0x080001db   Thumb Code     0  startup_stm32f427_437xx.o(.text)
    CAN1_SCE_IRQHandler                      0x080001db   Thumb Code     0  startup_stm32f427_437xx.o(.text)
    CAN1_TX_IRQHandler                       0x080001db   Thumb Code     0  startup_stm32f427_437xx.o(.text)
    CAN2_RX0_IRQHandler                      0x080001db   Thumb Code     0  startup_stm32f427_437xx.o(.text)
    CAN2_RX1_IRQHandler                      0x080001db   Thumb Code     0  startup_stm32f427_437xx.o(.text)
    CAN2_SCE_IRQHandler                      0x080001db   Thumb Code     0  startup_stm32f427_437xx.o(.text)
    CAN2_TX_IRQHandler                       0x080001db   Thumb Code     0  startup_stm32f427_437xx.o(.text)
    CRYP_IRQHandler                          0x080001db   Thumb Code     0  startup_stm32f427_437xx.o(.text)
    DCMI_IRQHandler                          0x080001db   Thumb Code     0  startup_stm32f427_437xx.o(.text)
    DMA1_Stream0_IRQHandler                  0x080001db   Thumb Code     0  startup_stm32f427_437xx.o(.text)
    DMA1_Stream1_IRQHandler                  0x080001db   Thumb Code     0  startup_stm32f427_437xx.o(.text)
    DMA1_Stream2_IRQHandler                  0x080001db   Thumb Code     0  startup_stm32f427_437xx.o(.text)
    DMA1_Stream3_IRQHandler                  0x080001db   Thumb Code     0  startup_stm32f427_437xx.o(.text)
    DMA1_Stream4_IRQHandler                  0x080001db   Thumb Code     0  startup_stm32f427_437xx.o(.text)
    DMA1_Stream5_IRQHandler                  0x080001db   Thumb Code     0  startup_stm32f427_437xx.o(.text)
    DMA1_Stream6_IRQHandler                  0x080001db   Thumb Code     0  startup_stm32f427_437xx.o(.text)
    DMA1_Stream7_IRQHandler                  0x080001db   Thumb Code     0  startup_stm32f427_437xx.o(.text)
    DMA2D_IRQHandler                         0x080001db   Thumb Code     0  startup_stm32f427_437xx.o(.text)
    DMA2_Stream0_IRQHandler                  0x080001db   Thumb Code     0  startup_stm32f427_437xx.o(.text)
    DMA2_Stream3_IRQHandler                  0x080001db   Thumb Code     0  startup_stm32f427_437xx.o(.text)
    DMA2_Stream4_IRQHandler                  0x080001db   Thumb Code     0  startup_stm32f427_437xx.o(.text)
    DMA2_Stream5_IRQHandler                  0x080001db   Thumb Code     0  startup_stm32f427_437xx.o(.text)
    DMA2_Stream6_IRQHandler                  0x080001db   Thumb Code     0  startup_stm32f427_437xx.o(.text)
    DMA2_Stream7_IRQHandler                  0x080001db   Thumb Code     0  startup_stm32f427_437xx.o(.text)
    ETH_IRQHandler                           0x080001db   Thumb Code     0  startup_stm32f427_437xx.o(.text)
    ETH_WKUP_IRQHandler                      0x080001db   Thumb Code     0  startup_stm32f427_437xx.o(.text)
    EXTI0_IRQHandler                         0x080001db   Thumb Code     0  startup_stm32f427_437xx.o(.text)
    EXTI15_10_IRQHandler                     0x080001db   Thumb Code     0  startup_stm32f427_437xx.o(.text)
    EXTI1_IRQHandler                         0x080001db   Thumb Code     0  startup_stm32f427_437xx.o(.text)
    EXTI2_IRQHandler                         0x080001db   Thumb Code     0  startup_stm32f427_437xx.o(.text)
    EXTI3_IRQHandler                         0x080001db   Thumb Code     0  startup_stm32f427_437xx.o(.text)
    EXTI4_IRQHandler                         0x080001db   Thumb Code     0  startup_stm32f427_437xx.o(.text)
    EXTI9_5_IRQHandler                       0x080001db   Thumb Code     0  startup_stm32f427_437xx.o(.text)
    FLASH_IRQHandler                         0x080001db   Thumb Code     0  startup_stm32f427_437xx.o(.text)
    FMC_IRQHandler                           0x080001db   Thumb Code     0  startup_stm32f427_437xx.o(.text)
    FPU_IRQHandler                           0x080001db   Thumb Code     0  startup_stm32f427_437xx.o(.text)
    HASH_RNG_IRQHandler                      0x080001db   Thumb Code     0  startup_stm32f427_437xx.o(.text)
    I2C1_ER_IRQHandler                       0x080001db   Thumb Code     0  startup_stm32f427_437xx.o(.text)
    I2C1_EV_IRQHandler                       0x080001db   Thumb Code     0  startup_stm32f427_437xx.o(.text)
    I2C2_ER_IRQHandler                       0x080001db   Thumb Code     0  startup_stm32f427_437xx.o(.text)
    I2C2_EV_IRQHandler                       0x080001db   Thumb Code     0  startup_stm32f427_437xx.o(.text)
    I2C3_ER_IRQHandler                       0x080001db   Thumb Code     0  startup_stm32f427_437xx.o(.text)
    I2C3_EV_IRQHandler                       0x080001db   Thumb Code     0  startup_stm32f427_437xx.o(.text)
    OTG_FS_IRQHandler                        0x080001db   Thumb Code     0  startup_stm32f427_437xx.o(.text)
    OTG_FS_WKUP_IRQHandler                   0x080001db   Thumb Code     0  startup_stm32f427_437xx.o(.text)
    OTG_HS_EP1_IN_IRQHandler                 0x080001db   Thumb Code     0  startup_stm32f427_437xx.o(.text)
    OTG_HS_EP1_OUT_IRQHandler                0x080001db   Thumb Code     0  startup_stm32f427_437xx.o(.text)
    OTG_HS_IRQHandler                        0x080001db   Thumb Code     0  startup_stm32f427_437xx.o(.text)
    OTG_HS_WKUP_IRQHandler                   0x080001db   Thumb Code     0  startup_stm32f427_437xx.o(.text)
    PVD_IRQHandler                           0x080001db   Thumb Code     0  startup_stm32f427_437xx.o(.text)
    RCC_IRQHandler                           0x080001db   Thumb Code     0  startup_stm32f427_437xx.o(.text)
    RTC_Alarm_IRQHandler                     0x080001db   Thumb Code     0  startup_stm32f427_437xx.o(.text)
    RTC_WKUP_IRQHandler                      0x080001db   Thumb Code     0  startup_stm32f427_437xx.o(.text)
    SAI1_IRQHandler                          0x080001db   Thumb Code     0  startup_stm32f427_437xx.o(.text)
    SDIO_IRQHandler                          0x080001db   Thumb Code     0  startup_stm32f427_437xx.o(.text)
    SPI1_IRQHandler                          0x080001db   Thumb Code     0  startup_stm32f427_437xx.o(.text)
    SPI2_IRQHandler                          0x080001db   Thumb Code     0  startup_stm32f427_437xx.o(.text)
    SPI3_IRQHandler                          0x080001db   Thumb Code     0  startup_stm32f427_437xx.o(.text)
    SPI4_IRQHandler                          0x080001db   Thumb Code     0  startup_stm32f427_437xx.o(.text)
    SPI5_IRQHandler                          0x080001db   Thumb Code     0  startup_stm32f427_437xx.o(.text)
    SPI6_IRQHandler                          0x080001db   Thumb Code     0  startup_stm32f427_437xx.o(.text)
    TAMP_STAMP_IRQHandler                    0x080001db   Thumb Code     0  startup_stm32f427_437xx.o(.text)
    TIM1_BRK_TIM9_IRQHandler                 0x080001db   Thumb Code     0  startup_stm32f427_437xx.o(.text)
    TIM1_CC_IRQHandler                       0x080001db   Thumb Code     0  startup_stm32f427_437xx.o(.text)
    TIM1_TRG_COM_TIM11_IRQHandler            0x080001db   Thumb Code     0  startup_stm32f427_437xx.o(.text)
    TIM1_UP_TIM10_IRQHandler                 0x080001db   Thumb Code     0  startup_stm32f427_437xx.o(.text)
    TIM3_IRQHandler                          0x080001db   Thumb Code     0  startup_stm32f427_437xx.o(.text)
    TIM4_IRQHandler                          0x080001db   Thumb Code     0  startup_stm32f427_437xx.o(.text)
    TIM5_IRQHandler                          0x080001db   Thumb Code     0  startup_stm32f427_437xx.o(.text)
    TIM6_DAC_IRQHandler                      0x080001db   Thumb Code     0  startup_stm32f427_437xx.o(.text)
    TIM7_IRQHandler                          0x080001db   Thumb Code     0  startup_stm32f427_437xx.o(.text)
    TIM8_BRK_TIM12_IRQHandler                0x080001db   Thumb Code     0  startup_stm32f427_437xx.o(.text)
    TIM8_CC_IRQHandler                       0x080001db   Thumb Code     0  startup_stm32f427_437xx.o(.text)
    TIM8_TRG_COM_TIM14_IRQHandler            0x080001db   Thumb Code     0  startup_stm32f427_437xx.o(.text)
    TIM8_UP_TIM13_IRQHandler                 0x080001db   Thumb Code     0  startup_stm32f427_437xx.o(.text)
    UART4_IRQHandler                         0x080001db   Thumb Code     0  startup_stm32f427_437xx.o(.text)
    UART5_IRQHandler                         0x080001db   Thumb Code     0  startup_stm32f427_437xx.o(.text)
    UART7_IRQHandler                         0x080001db   Thumb Code     0  startup_stm32f427_437xx.o(.text)
    UART8_IRQHandler                         0x080001db   Thumb Code     0  startup_stm32f427_437xx.o(.text)
    USART1_IRQHandler                        0x080001db   Thumb Code     0  startup_stm32f427_437xx.o(.text)
    USART2_IRQHandler                        0x080001db   Thumb Code     0  startup_stm32f427_437xx.o(.text)
    USART3_IRQHandler                        0x080001db   Thumb Code     0  startup_stm32f427_437xx.o(.text)
    USART6_IRQHandler                        0x080001db   Thumb Code     0  startup_stm32f427_437xx.o(.text)
    WWDG_IRQHandler                          0x080001db   Thumb Code     0  startup_stm32f427_437xx.o(.text)
    __I$use$fp                               0x080001e5   Thumb Code     0  iusefp.o(.text)
    __scatterload                            0x080001e5   Thumb Code    28  init.o(.text)
    __scatterload_rt2                        0x080001e5   Thumb Code     0  init.o(.text)
    BusFault_Handler                         0x08000209   Thumb Code     4  stm32f4xx_it.o(i.BusFault_Handler)
    DMA2_Stream1_IRQHandler                  0x0800020d   Thumb Code   104  stm32f4xx_it.o(i.DMA2_Stream1_IRQHandler)
    DMA2_Stream2_IRQHandler                  0x08000285   Thumb Code    18  stm32f4xx_it.o(i.DMA2_Stream2_IRQHandler)
    DMA_ClearITPendingBit                    0x080002a5   Thumb Code    38  stm32f4xx_dma.o(i.DMA_ClearITPendingBit)
    DMA_Cmd                                  0x080002d9   Thumb Code    22  stm32f4xx_dma.o(i.DMA_Cmd)
    DMA_DeInit                               0x080002f1   Thumb Code   324  stm32f4xx_dma.o(i.DMA_DeInit)
    DMA_GetCmdStatus                         0x08000449   Thumb Code    20  stm32f4xx_dma.o(i.DMA_GetCmdStatus)
    DMA_ITConfig                             0x0800045d   Thumb Code    58  stm32f4xx_dma.o(i.DMA_ITConfig)
    DMA_Init                                 0x08000499   Thumb Code    82  stm32f4xx_dma.o(i.DMA_Init)
    DebugMon_Handler                         0x080004f1   Thumb Code     2  stm32f4xx_it.o(i.DebugMon_Handler)
    GPIO_Init                                0x080004f3   Thumb Code   144  stm32f4xx_gpio.o(i.GPIO_Init)
    GPIO_PinAFConfig                         0x08000583   Thumb Code    70  stm32f4xx_gpio.o(i.GPIO_PinAFConfig)
    HOST_USART_Config                        0x08000655   Thumb Code   144  bsp_debug_usart.o(i.HOST_USART_Config)
    HSE_SetSysClock                          0x080006ed   Thumb Code   148  bsp_clkconfig.o(i.HSE_SetSysClock)
    HardFault_Handler                        0x08000e11   Thumb Code     4  stm32f4xx_it.o(i.HardFault_Handler)
    MOTOR_CONTROL1_USART_Config              0x08000e15   Thumb Code   142  bsp_debug_usart.o(i.MOTOR_CONTROL1_USART_Config)
    MemManage_Handler                        0x08000eb1   Thumb Code     4  stm32f4xx_it.o(i.MemManage_Handler)
    Motor_DMA_NVIC_Configuration             0x08000eb5   Thumb Code    50  bsp_usart_dma.o(i.Motor_DMA_NVIC_Configuration)
    Motor_Mode_Init                          0x08000eed   Thumb Code   164  motor_control.o(i.Motor_Mode_Init)
    Motor_data_update_all                    0x08000fa1   Thumb Code    36  motor_control.o(i.Motor_data_update_all)
    Motor_date_send_sequential               0x08000fc9   Thumb Code    84  motor_control.o(i.Motor_date_send_sequential)
    Motor_pid_compute_all                    0x08001025   Thumb Code   268  motor_control.o(i.Motor_pid_compute_all)
    NMI_Handler                              0x0800113d   Thumb Code     2  stm32f4xx_it.o(i.NMI_Handler)
    NVIC_Init                                0x08001141   Thumb Code   106  misc.o(i.NVIC_Init)
    NVIC_PriorityGroupConfig                 0x080011b9   Thumb Code    10  misc.o(i.NVIC_PriorityGroupConfig)
    PID_Init                                 0x080011cd   Thumb Code    82  motor_control.o(i.PID_Init)
    PID_calc                                 0x08001235   Thumb Code   492  pid.o(i.PID_calc)
    PID_init                                 0x08001425   Thumb Code    92  pid.o(i.PID_init)
    PendSV_Handler                           0x08001485   Thumb Code     2  stm32f4xx_it.o(i.PendSV_Handler)
    RCC_AHB1PeriphClockCmd                   0x08001489   Thumb Code    26  stm32f4xx_rcc.o(i.RCC_AHB1PeriphClockCmd)
    RCC_APB1PeriphClockCmd                   0x080014a9   Thumb Code    26  stm32f4xx_rcc.o(i.RCC_APB1PeriphClockCmd)
    RCC_APB2PeriphClockCmd                   0x080014c9   Thumb Code    26  stm32f4xx_rcc.o(i.RCC_APB2PeriphClockCmd)
    RCC_GetClocksFreq                        0x080014e9   Thumb Code   214  stm32f4xx_rcc.o(i.RCC_GetClocksFreq)
    RCC_GetFlagStatus                        0x080015d1   Thumb Code    60  stm32f4xx_rcc.o(i.RCC_GetFlagStatus)
    RCC_GetSYSCLKSource                      0x08001611   Thumb Code    10  stm32f4xx_rcc.o(i.RCC_GetSYSCLKSource)
    RCC_HCLKConfig                           0x08001621   Thumb Code    18  stm32f4xx_rcc.o(i.RCC_HCLKConfig)
    RCC_HSEConfig                            0x08001639   Thumb Code    12  stm32f4xx_rcc.o(i.RCC_HSEConfig)
    RCC_PCLK1Config                          0x08001649   Thumb Code    18  stm32f4xx_rcc.o(i.RCC_PCLK1Config)
    RCC_PCLK2Config                          0x08001661   Thumb Code    20  stm32f4xx_rcc.o(i.RCC_PCLK2Config)
    RCC_PLLCmd                               0x08001679   Thumb Code     6  stm32f4xx_rcc.o(i.RCC_PLLCmd)
    RCC_PLLConfig                            0x08001685   Thumb Code    30  stm32f4xx_rcc.o(i.RCC_PLLConfig)
    RCC_SYSCLKConfig                         0x080016a9   Thumb Code    18  stm32f4xx_rcc.o(i.RCC_SYSCLKConfig)
    RCC_WaitForHSEStartUp                    0x080016c1   Thumb Code    56  stm32f4xx_rcc.o(i.RCC_WaitForHSEStartUp)
    RC_DMA_NVIC_Configuration                0x080016f9   Thumb Code    50  bsp_usart_dma.o(i.RC_DMA_NVIC_Configuration)
    RC_USART1_Config                         0x08001731   Thumb Code   148  bsp_debug_usart.o(i.RC_USART1_Config)
    SVC_Handler                              0x080017d1   Thumb Code     2  stm32f4xx_it.o(i.SVC_Handler)
    SysTick_Handler                          0x080018f5   Thumb Code     2  stm32f4xx_it.o(i.SysTick_Handler)
    SystemInit                               0x080018f9   Thumb Code    88  system_stm32f4xx.o(i.SystemInit)
    TIM2_IRQHandler                          0x08001961   Thumb Code   128  stm32f4xx_it.o(i.TIM2_IRQHandler)
    TIM_ClearFlag                            0x08001a11   Thumb Code     6  stm32f4xx_tim.o(i.TIM_ClearFlag)
    TIM_ClearITPendingBit                    0x08001a17   Thumb Code     6  stm32f4xx_tim.o(i.TIM_ClearITPendingBit)
    TIM_Cmd                                  0x08001a1d   Thumb Code    24  stm32f4xx_tim.o(i.TIM_Cmd)
    TIM_ITConfig                             0x08001a35   Thumb Code    18  stm32f4xx_tim.o(i.TIM_ITConfig)
    TIM_TimeBaseInit                         0x08001a8d   Thumb Code   104  stm32f4xx_tim.o(i.TIM_TimeBaseInit)
    TIMx_Configuration                       0x08001b11   Thumb Code    12  bsp_general_tim.o(i.TIMx_Configuration)
    USART1_DMA_Config                        0x08001b45   Thumb Code   124  bsp_usart_dma.o(i.USART1_DMA_Config)
    USART6_DMA_Config                        0x08001bcd   Thumb Code   126  bsp_usart_dma.o(i.USART6_DMA_Config)
    USART_Cmd                                0x08001c59   Thumb Code    24  stm32f4xx_usart.o(i.USART_Cmd)
    USART_DMACmd                             0x08001c71   Thumb Code    18  stm32f4xx_usart.o(i.USART_DMACmd)
    USART_GetFlagStatus                      0x08001c83   Thumb Code    26  stm32f4xx_usart.o(i.USART_GetFlagStatus)
    USART_Init                               0x08001c9d   Thumb Code   204  stm32f4xx_usart.o(i.USART_Init)
    USART_SendData                           0x08001d71   Thumb Code     8  stm32f4xx_usart.o(i.USART_SendData)
    UsageFault_Handler                       0x08001e65   Thumb Code     4  stm32f4xx_it.o(i.UsageFault_Handler)
    Usart_SendStr_length                     0x08001e87   Thumb Code    32  bsp_debug_usart.o(i.Usart_SendStr_length)
    __ARM_fpclassifyf                        0x08001ea7   Thumb Code    38  fpclassifyf.o(i.__ARM_fpclassifyf)
    __hardfp_acosf                           0x08001ecd   Thumb Code   234  acosf.o(i.__hardfp_acosf)
    __hardfp_asinf                           0x08001fe5   Thumb Code   258  asinf.o(i.__hardfp_asinf)
    __hardfp_cosf                            0x08002111   Thumb Code   280  cosf.o(i.__hardfp_cosf)
    __hardfp_sinf                            0x08002261   Thumb Code   344  sinf.o(i.__hardfp_sinf)
    __hardfp_sqrtf                           0x080023f1   Thumb Code    58  sqrtf.o(i.__hardfp_sqrtf)
    __mathlib_flt_infnan                     0x0800242b   Thumb Code     6  funder.o(i.__mathlib_flt_infnan)
    __mathlib_flt_invalid                    0x08002431   Thumb Code    10  funder.o(i.__mathlib_flt_invalid)
    __mathlib_flt_underflow                  0x08002441   Thumb Code    10  funder.o(i.__mathlib_flt_underflow)
    __mathlib_rredf2                         0x08002451   Thumb Code   316  rredf.o(i.__mathlib_rredf2)
    __scatterload_copy                       0x080025a5   Thumb Code    14  handlers.o(i.__scatterload_copy)
    __scatterload_null                       0x080025b3   Thumb Code     2  handlers.o(i.__scatterload_null)
    __scatterload_zeroinit                   0x080025b5   Thumb Code    14  handlers.o(i.__scatterload_zeroinit)
    __set_errno                              0x080025c5   Thumb Code     6  errno.o(i.__set_errno)
    counter_motion                           0x080025d1   Thumb Code   284  motor_control.o(i.counter_motion)
    extract_data                             0x08002749   Thumb Code   182  go_m8010_6.o(i.extract_data)
    foot_track                               0x08002811   Thumb Code   290  motor_control.o(i.foot_track)
    main                                     0x08002961   Thumb Code   384  main.o(i.main)
    modify_data                              0x08002b31   Thumb Code   454  go_m8010_6.o(i.modify_data)
    rc_rc_date                               0x08002d29   Thumb Code   300  remote.o(i.rc_rc_date)
    sqrtf                                    0x08002e5d   Thumb Code    62  sqrtf.o(i.sqrtf)
    crc_ccitt_table                          0x08002e9a   Data         512  go_m8010_6.o(.constdata)
    Speed_PID_Params                         0x0800309c   Data          12  motor_control.o(.constdata)
    Rang_PID_Params                          0x080030a8   Data          12  motor_control.o(.constdata)
    Motor_Offsets                            0x080030b4   Data          32  motor_control.o(.constdata)
    Motor_Directions                         0x080030d4   Data          32  motor_control.o(.constdata)
    Region$$Table$$Base                      0x08003114   Number         0  anon$$obj.o(Region$$Table)
    Region$$Table$$Limit                     0x08003134   Number         0  anon$$obj.o(Region$$Table)
    g_system_tick                            0x20000000   Data           1  main.o(.data)
    Motor_Rxflag                             0x20000001   Data           1  main.o(.data)
    Motor_Rx_date                            0x20000002   Data           1  main.o(.data)
    RC_RX_flag                               0x20000004   Data           4  main.o(.data)
    tim_t                                    0x20000008   Data           4  main.o(.data)
    time_currently                           0x2000000c   Data           4  main.o(.data)
    time_turn                                0x20000010   Data           4  main.o(.data)
    step_rate                                0x20000014   Data           4  main.o(.data)
    motor_send_index                         0x20000018   Data           4  main.o(.data)
    foot_track_x1                            0x2000001c   Data           4  main.o(.data)
    foot_track_y1                            0x20000020   Data           4  main.o(.data)
    foot_track_x2                            0x20000024   Data           4  main.o(.data)
    foot_track_y2                            0x20000028   Data           4  main.o(.data)
    foot_track_x3                            0x2000002c   Data           4  main.o(.data)
    foot_track_y3                            0x20000030   Data           4  main.o(.data)
    foot_track_x4                            0x20000034   Data           4  main.o(.data)
    foot_track_y4                            0x20000038   Data           4  main.o(.data)
    Dog_flag                                 0x2000003c   Data           4  stm32f4xx_it.o(.data)
    step_turn_flag                           0x20000040   Data           4  stm32f4xx_it.o(.data)
    g_calibration_mode                       0x20000044   Data           4  motor_control.o(.data)
    step_cycle                               0x20000048   Data           4  motor_control.o(.data)
    g_stand_progress                         0x2000004c   Data           4  motor_control.o(.data)
    Dog_Iinit                                0x20000050   Data           4  motor_control.o(.data)
    dog_jump_time                            0x20000054   Data           4  motor_control.o(.data)
    dog_jump_flag                            0x20000058   Data           4  motor_control.o(.data)
    dog_jump_time_2                          0x2000005c   Data           4  motor_control.o(.data)
    dog_jump_flag_2                          0x20000060   Data           4  motor_control.o(.data)
    dog_jump_time_3                          0x20000064   Data           4  motor_control.o(.data)
    dog_jump_flag_3                          0x20000068   Data           4  motor_control.o(.data)
    motor_control_clear                      0x20000080   Data          64  main.o(.bss)
    Leg_Motors                               0x200000c0   Data        2368  motor_control.o(.bss)
    motor_feedback_data                      0x20000a00   Data          64  motor_control.o(.bss)
    rc_rc                                    0x20000a5c   Data          10  remote.o(.bss)
    RC                                       0x20000a66   Data          18  bsp_usart_dma.o(.bss)
    __initial_sp                             0x20000e78   Data           0  startup_stm32f427_437xx.o(STACK)



==============================================================================

Memory Map of the image

  Image Entry point : 0x080001ad

  Load Region LR_IROM1 (Base: 0x08000000, Size: 0x000031b4, Max: 0x00200000, ABSOLUTE)

    Execution Region ER_IROM1 (Exec base: 0x08000000, Load base: 0x08000000, Size: 0x00003134, Max: 0x00200000, ABSOLUTE)

    Exec Addr    Load Addr    Size         Type   Attr      Idx    E Section Name        Object

    0x08000000   0x08000000   0x000001ac   Data   RO         5824    RESET               startup_stm32f427_437xx.o
    0x080001ac   0x080001ac   0x00000000   Code   RO         5889  * .ARM.Collect$$$$00000000  mc_w.l(entry.o)
    0x080001ac   0x080001ac   0x00000004   Code   RO         5911    .ARM.Collect$$$$00000001  mc_w.l(entry2.o)
    0x080001b0   0x080001b0   0x00000004   Code   RO         5914    .ARM.Collect$$$$00000004  mc_w.l(entry5.o)
    0x080001b4   0x080001b4   0x00000000   Code   RO         5916    .ARM.Collect$$$$00000008  mc_w.l(entry7b.o)
    0x080001b4   0x080001b4   0x00000000   Code   RO         5918    .ARM.Collect$$$$0000000A  mc_w.l(entry8b.o)
    0x080001b4   0x080001b4   0x00000008   Code   RO         5919    .ARM.Collect$$$$0000000B  mc_w.l(entry9a.o)
    0x080001bc   0x080001bc   0x00000000   Code   RO         5921    .ARM.Collect$$$$0000000D  mc_w.l(entry10a.o)
    0x080001bc   0x080001bc   0x00000000   Code   RO         5923    .ARM.Collect$$$$0000000F  mc_w.l(entry11a.o)
    0x080001bc   0x080001bc   0x00000004   Code   RO         5912    .ARM.Collect$$$$00002712  mc_w.l(entry2.o)
    0x080001c0   0x080001c0   0x00000024   Code   RO         5825    .text               startup_stm32f427_437xx.o
    0x080001e4   0x080001e4   0x00000000   Code   RO         5932    .text               mc_w.l(iusefp.o)
    0x080001e4   0x080001e4   0x00000024   Code   RO         5933    .text               mc_w.l(init.o)
    0x08000208   0x08000208   0x00000004   Code   RO          189    i.BusFault_Handler  stm32f4xx_it.o
    0x0800020c   0x0800020c   0x00000078   Code   RO          190    i.DMA2_Stream1_IRQHandler  stm32f4xx_it.o
    0x08000284   0x08000284   0x00000020   Code   RO          191    i.DMA2_Stream2_IRQHandler  stm32f4xx_it.o
    0x080002a4   0x080002a4   0x00000034   Code   RO         1834    i.DMA_ClearITPendingBit  stm32f4xx_dma.o
    0x080002d8   0x080002d8   0x00000016   Code   RO         1835    i.DMA_Cmd           stm32f4xx_dma.o
    0x080002ee   0x080002ee   0x00000002   PAD
    0x080002f0   0x080002f0   0x00000158   Code   RO         1836    i.DMA_DeInit        stm32f4xx_dma.o
    0x08000448   0x08000448   0x00000014   Code   RO         1840    i.DMA_GetCmdStatus  stm32f4xx_dma.o
    0x0800045c   0x0800045c   0x0000003a   Code   RO         1846    i.DMA_ITConfig      stm32f4xx_dma.o
    0x08000496   0x08000496   0x00000002   PAD
    0x08000498   0x08000498   0x00000058   Code   RO         1847    i.DMA_Init          stm32f4xx_dma.o
    0x080004f0   0x080004f0   0x00000002   Code   RO          192    i.DebugMon_Handler  stm32f4xx_it.o
    0x080004f2   0x080004f2   0x00000090   Code   RO         2680    i.GPIO_Init         stm32f4xx_gpio.o
    0x08000582   0x08000582   0x00000046   Code   RO         2681    i.GPIO_PinAFConfig  stm32f4xx_gpio.o
    0x080005c8   0x080005c8   0x0000004c   Code   RO          328    i.Get_Cycloid       motor_control.o
    0x08000614   0x08000614   0x00000040   Code   RO          329    i.Get_Height_Sine   motor_control.o
    0x08000654   0x08000654   0x00000098   Code   RO          560    i.HOST_USART_Config  bsp_debug_usart.o
    0x080006ec   0x080006ec   0x000000a0   Code   RO          518    i.HSE_SetSysClock   bsp_clkconfig.o
    0x0800078c   0x0800078c   0x00000214   Code   RO          330    i.Handle_Jump       motor_control.o
    0x080009a0   0x080009a0   0x00000200   Code   RO          331    i.Handle_Locomotion  motor_control.o
    0x08000ba0   0x08000ba0   0x0000017c   Code   RO          332    i.Handle_SpotTurn   motor_control.o
    0x08000d1c   0x08000d1c   0x000000f4   Code   RO          333    i.Handle_System     motor_control.o
    0x08000e10   0x08000e10   0x00000004   Code   RO          193    i.HardFault_Handler  stm32f4xx_it.o
    0x08000e14   0x08000e14   0x0000009c   Code   RO          561    i.MOTOR_CONTROL1_USART_Config  bsp_debug_usart.o
    0x08000eb0   0x08000eb0   0x00000004   Code   RO          194    i.MemManage_Handler  stm32f4xx_it.o
    0x08000eb4   0x08000eb4   0x00000038   Code   RO          669    i.Motor_DMA_NVIC_Configuration  bsp_usart_dma.o
    0x08000eec   0x08000eec   0x000000b4   Code   RO          334    i.Motor_Mode_Init   motor_control.o
    0x08000fa0   0x08000fa0   0x00000028   Code   RO          335    i.Motor_data_update_all  motor_control.o
    0x08000fc8   0x08000fc8   0x0000005c   Code   RO          336    i.Motor_date_send_sequential  motor_control.o
    0x08001024   0x08001024   0x00000118   Code   RO          337    i.Motor_pid_compute_all  motor_control.o
    0x0800113c   0x0800113c   0x00000002   Code   RO          195    i.NMI_Handler       stm32f4xx_it.o
    0x0800113e   0x0800113e   0x00000002   PAD
    0x08001140   0x08001140   0x00000078   Code   RO          760    i.NVIC_Init         misc.o
    0x080011b8   0x080011b8   0x00000014   Code   RO          761    i.NVIC_PriorityGroupConfig  misc.o
    0x080011cc   0x080011cc   0x00000068   Code   RO          338    i.PID_Init          motor_control.o
    0x08001234   0x08001234   0x000001f0   Code   RO          440    i.PID_calc          pid.o
    0x08001424   0x08001424   0x00000060   Code   RO          443    i.PID_init          pid.o
    0x08001484   0x08001484   0x00000002   Code   RO          196    i.PendSV_Handler    stm32f4xx_it.o
    0x08001486   0x08001486   0x00000002   PAD
    0x08001488   0x08001488   0x00000020   Code   RO         3618    i.RCC_AHB1PeriphClockCmd  stm32f4xx_rcc.o
    0x080014a8   0x080014a8   0x00000020   Code   RO         3627    i.RCC_APB1PeriphClockCmd  stm32f4xx_rcc.o
    0x080014c8   0x080014c8   0x00000020   Code   RO         3630    i.RCC_APB2PeriphClockCmd  stm32f4xx_rcc.o
    0x080014e8   0x080014e8   0x000000e8   Code   RO         3639    i.RCC_GetClocksFreq  stm32f4xx_rcc.o
    0x080015d0   0x080015d0   0x00000040   Code   RO         3640    i.RCC_GetFlagStatus  stm32f4xx_rcc.o
    0x08001610   0x08001610   0x00000010   Code   RO         3642    i.RCC_GetSYSCLKSource  stm32f4xx_rcc.o
    0x08001620   0x08001620   0x00000018   Code   RO         3643    i.RCC_HCLKConfig    stm32f4xx_rcc.o
    0x08001638   0x08001638   0x00000010   Code   RO         3644    i.RCC_HSEConfig     stm32f4xx_rcc.o
    0x08001648   0x08001648   0x00000018   Code   RO         3654    i.RCC_PCLK1Config   stm32f4xx_rcc.o
    0x08001660   0x08001660   0x00000018   Code   RO         3655    i.RCC_PCLK2Config   stm32f4xx_rcc.o
    0x08001678   0x08001678   0x0000000c   Code   RO         3656    i.RCC_PLLCmd        stm32f4xx_rcc.o
    0x08001684   0x08001684   0x00000024   Code   RO         3657    i.RCC_PLLConfig     stm32f4xx_rcc.o
    0x080016a8   0x080016a8   0x00000018   Code   RO         3668    i.RCC_SYSCLKConfig  stm32f4xx_rcc.o
    0x080016c0   0x080016c0   0x00000038   Code   RO         3670    i.RCC_WaitForHSEStartUp  stm32f4xx_rcc.o
    0x080016f8   0x080016f8   0x00000038   Code   RO          670    i.RC_DMA_NVIC_Configuration  bsp_usart_dma.o
    0x08001730   0x08001730   0x000000a0   Code   RO          563    i.RC_USART1_Config  bsp_debug_usart.o
    0x080017d0   0x080017d0   0x00000002   Code   RO          197    i.SVC_Handler       stm32f4xx_it.o
    0x080017d2   0x080017d2   0x00000002   PAD
    0x080017d4   0x080017d4   0x00000120   Code   RO          719    i.SetSysClock       system_stm32f4xx.o
    0x080018f4   0x080018f4   0x00000002   Code   RO          198    i.SysTick_Handler   stm32f4xx_it.o
    0x080018f6   0x080018f6   0x00000002   PAD
    0x080018f8   0x080018f8   0x00000068   Code   RO          721    i.SystemInit        system_stm32f4xx.o
    0x08001960   0x08001960   0x000000b0   Code   RO          199    i.TIM2_IRQHandler   stm32f4xx_it.o
    0x08001a10   0x08001a10   0x00000006   Code   RO         5011    i.TIM_ClearFlag     stm32f4xx_tim.o
    0x08001a16   0x08001a16   0x00000006   Code   RO         5012    i.TIM_ClearITPendingBit  stm32f4xx_tim.o
    0x08001a1c   0x08001a1c   0x00000018   Code   RO         5017    i.TIM_Cmd           stm32f4xx_tim.o
    0x08001a34   0x08001a34   0x00000012   Code   RO         5042    i.TIM_ITConfig      stm32f4xx_tim.o
    0x08001a46   0x08001a46   0x00000046   Code   RO          635    i.TIM_Mode_Config   bsp_general_tim.o
    0x08001a8c   0x08001a8c   0x00000084   Code   RO         5089    i.TIM_TimeBaseInit  stm32f4xx_tim.o
    0x08001b10   0x08001b10   0x0000000c   Code   RO          636    i.TIMx_Configuration  bsp_general_tim.o
    0x08001b1c   0x08001b1c   0x00000028   Code   RO          637    i.TIMx_NVIC_Configuration  bsp_general_tim.o
    0x08001b44   0x08001b44   0x00000088   Code   RO          671    i.USART1_DMA_Config  bsp_usart_dma.o
    0x08001bcc   0x08001bcc   0x0000008c   Code   RO          672    i.USART6_DMA_Config  bsp_usart_dma.o
    0x08001c58   0x08001c58   0x00000018   Code   RO         5571    i.USART_Cmd         stm32f4xx_usart.o
    0x08001c70   0x08001c70   0x00000012   Code   RO         5572    i.USART_DMACmd      stm32f4xx_usart.o
    0x08001c82   0x08001c82   0x0000001a   Code   RO         5574    i.USART_GetFlagStatus  stm32f4xx_usart.o
    0x08001c9c   0x08001c9c   0x000000d4   Code   RO         5578    i.USART_Init        stm32f4xx_usart.o
    0x08001d70   0x08001d70   0x00000008   Code   RO         5588    i.USART_SendData    stm32f4xx_usart.o
    0x08001d78   0x08001d78   0x000000ec   Code   RO          339    i.Update_Gait_Params  motor_control.o
    0x08001e64   0x08001e64   0x00000004   Code   RO          200    i.UsageFault_Handler  stm32f4xx_it.o
    0x08001e68   0x08001e68   0x0000001e   Code   RO          564    i.Usart_SendByte    bsp_debug_usart.o
    0x08001e86   0x08001e86   0x00000020   Code   RO          565    i.Usart_SendStr_length  bsp_debug_usart.o
    0x08001ea6   0x08001ea6   0x00000026   Code   RO         5892    i.__ARM_fpclassifyf  m_wm.l(fpclassifyf.o)
    0x08001ecc   0x08001ecc   0x00000118   Code   RO         5829    i.__hardfp_acosf    m_wm.l(acosf.o)
    0x08001fe4   0x08001fe4   0x0000012c   Code   RO         5841    i.__hardfp_asinf    m_wm.l(asinf.o)
    0x08002110   0x08002110   0x00000150   Code   RO         5853    i.__hardfp_cosf     m_wm.l(cosf.o)
    0x08002260   0x08002260   0x00000190   Code   RO         5865    i.__hardfp_sinf     m_wm.l(sinf.o)
    0x080023f0   0x080023f0   0x0000003a   Code   RO         5877    i.__hardfp_sqrtf    m_wm.l(sqrtf.o)
    0x0800242a   0x0800242a   0x00000006   Code   RO         5895    i.__mathlib_flt_infnan  m_wm.l(funder.o)
    0x08002430   0x08002430   0x00000010   Code   RO         5897    i.__mathlib_flt_invalid  m_wm.l(funder.o)
    0x08002440   0x08002440   0x00000010   Code   RO         5900    i.__mathlib_flt_underflow  m_wm.l(funder.o)
    0x08002450   0x08002450   0x00000154   Code   RO         5908    i.__mathlib_rredf2  m_wm.l(rredf.o)
    0x080025a4   0x080025a4   0x0000000e   Code   RO         5937    i.__scatterload_copy  mc_w.l(handlers.o)
    0x080025b2   0x080025b2   0x00000002   Code   RO         5938    i.__scatterload_null  mc_w.l(handlers.o)
    0x080025b4   0x080025b4   0x0000000e   Code   RO         5939    i.__scatterload_zeroinit  mc_w.l(handlers.o)
    0x080025c2   0x080025c2   0x00000002   PAD
    0x080025c4   0x080025c4   0x0000000c   Code   RO         5927    i.__set_errno       mc_w.l(errno.o)
    0x080025d0   0x080025d0   0x00000138   Code   RO          340    i.counter_motion    motor_control.o
    0x08002708   0x08002708   0x00000028   Code   RO          287    i.crc_ccitt         go_m8010_6.o
    0x08002730   0x08002730   0x00000018   Code   RO          288    i.crc_ccitt_byte    go_m8010_6.o
    0x08002748   0x08002748   0x000000c8   Code   RO          289    i.extract_data      go_m8010_6.o
    0x08002810   0x08002810   0x00000150   Code   RO          341    i.foot_track        motor_control.o
    0x08002960   0x08002960   0x000001d0   Code   RO            4    i.main              main.o
    0x08002b30   0x08002b30   0x000001f8   Code   RO          290    i.modify_data       go_m8010_6.o
    0x08002d28   0x08002d28   0x00000134   Code   RO          483    i.rc_rc_date        remote.o
    0x08002e5c   0x08002e5c   0x0000003e   Code   RO         5879    i.sqrtf             m_wm.l(sqrtf.o)
    0x08002e9a   0x08002e9a   0x00000200   Data   RO          291    .constdata          go_m8010_6.o
    0x0800309a   0x0800309a   0x00000002   PAD
    0x0800309c   0x0800309c   0x00000058   Data   RO          343    .constdata          motor_control.o
    0x080030f4   0x080030f4   0x00000020   Data   RO         5909    .constdata          m_wm.l(rredf.o)
    0x08003114   0x08003114   0x00000020   Data   RO         5935    Region$$Table       anon$$obj.o


    Execution Region RW_IRAM1 (Exec base: 0x20000000, Load base: 0x08003134, Size: 0x00000e78, Max: 0x00030000, ABSOLUTE)

    Exec Addr    Load Addr    Size         Type   Attr      Idx    E Section Name        Object

    0x20000000   0x08003134   0x0000003c   Data   RW            6    .data               main.o
    0x2000003c   0x08003170   0x00000008   Data   RW          201    .data               stm32f4xx_it.o
    0x20000044   0x08003178   0x00000028   Data   RW          344    .data               motor_control.o
    0x2000006c   0x080031a0   0x00000010   Data   RW         3671    .data               stm32f4xx_rcc.o
    0x2000007c   0x080031b0   0x00000004   Data   RW         5928    .data               mc_w.l(errno.o)
    0x20000080        -       0x00000040   Zero   RW            5    .bss                main.o
    0x200000c0        -       0x0000099c   Zero   RW          342    .bss                motor_control.o
    0x20000a5c        -       0x0000000a   Zero   RW          484    .bss                remote.o
    0x20000a66        -       0x00000012   Zero   RW          673    .bss                bsp_usart_dma.o
    0x20000a78        -       0x00000400   Zero   RW         5822    STACK               startup_stm32f427_437xx.o


==============================================================================

Image component sizes


      Code (inc. data)   RO Data    RW Data    ZI Data      Debug   Object Name

       160         12          0          0          0       1426   bsp_clkconfig.o
       530         34          0          0          0       4304   bsp_debug_usart.o
       122          0          0          0          0       1801   bsp_general_tim.o
       388         38          0          0         18       3626   bsp_usart_dma.o
       768         72        512          0          0       4159   go_m8010_6.o
       464         80          0         60         64     318093   main.o
       140         24          0          0          0       1995   misc.o
      3388        374         88         40       2460      16217   motor_control.o
       592          8          0          0          0       3370   pid.o
       308          8          0          0         10       1489   remote.o
        36          8        428          0       1024        984   startup_stm32f427_437xx.o
       584         40          0          0          0       5840   stm32f4xx_dma.o
       214          0          0          0          0       2227   stm32f4xx_gpio.o
       354         78          0          8          0       6706   stm32f4xx_it.o
       624         84          0         16          0      12250   stm32f4xx_rcc.o
       186         28          0          0          0       4288   stm32f4xx_tim.o
       288          8          0          0          0       4639   stm32f4xx_usart.o
       392         32          0          0          0       2129   system_stm32f4xx.o

    ----------------------------------------------------------------------
      9550        928       1062        124       3576     395543   Object Totals
         0          0         32          0          0          0   (incl. Generated)
        12          0          2          0          0          0   (incl. Padding)

    ----------------------------------------------------------------------

      Code (inc. data)   RO Data    RW Data    ZI Data      Debug   Library Member Name

       280         46          0          0          0        176   acosf.o
       300         42          0          0          0        176   asinf.o
       336         56          0          0          0        136   cosf.o
        38          0          0          0          0        116   fpclassifyf.o
        38         12          0          0          0        348   funder.o
       340         24         32          0          0        160   rredf.o
       400         56          0          0          0        212   sinf.o
       120          0          0          0          0        272   sqrtf.o
         0          0          0          0          0          0   entry.o
         0          0          0          0          0          0   entry10a.o
         0          0          0          0          0          0   entry11a.o
         8          4          0          0          0          0   entry2.o
         4          0          0          0          0          0   entry5.o
         0          0          0          0          0          0   entry7b.o
         0          0          0          0          0          0   entry8b.o
         8          4          0          0          0          0   entry9a.o
        12          6          0          4          0         68   errno.o
        30          0          0          0          0          0   handlers.o
        36          8          0          0          0         68   init.o
         0          0          0          0          0          0   iusefp.o

    ----------------------------------------------------------------------
      1952        258         32          4          0       1732   Library Totals
         2          0          0          0          0          0   (incl. Padding)

    ----------------------------------------------------------------------

      Code (inc. data)   RO Data    RW Data    ZI Data      Debug   Library Name

      1852        236         32          0          0       1596   m_wm.l
        98         22          0          4          0        136   mc_w.l

    ----------------------------------------------------------------------
      1952        258         32          4          0       1732   Library Totals

    ----------------------------------------------------------------------

==============================================================================


      Code (inc. data)   RO Data    RW Data    ZI Data      Debug   

     11502       1186       1094        128       3576     388879   Grand Totals
     11502       1186       1094        128       3576     388879   ELF Image Totals
     11502       1186       1094        128          0          0   ROM Totals

==============================================================================

    Total RO  Size (Code + RO Data)                12596 (  12.30kB)
    Total RW  Size (RW Data + ZI Data)              3704 (   3.62kB)
    Total ROM Size (Code + RO Data + RW Data)      12724 (  12.43kB)

==============================================================================

